[0.027s][info][gc] Using G1
[0.382s][info][gc] GC(0) Pause Young (Normal) (G1 Evacuation Pause) 48M->4M(1004M) 3.149ms
[0.440s][info][gc] GC(1) Pause Young (Concurrent Start) (Metadata GC Threshold) 18M->5M(1004M) 3.464ms
[0.440s][info][gc] GC(2) Concurrent Cycle
[0.443s][info][gc] GC(2) Pause Remark 7M->7M(1004M) 0.972ms
[0.443s][info][gc] GC(2) Pause Cleanup 7M->7M(1004M) 0.034ms
[0.444s][info][gc] GC(2) Concurrent Cycle 3.501ms
[1.345s][info][gc] GC(3) Pause Young (Normal) (G1 Evacuation Pause) 417M->85M(1004M) 7.763ms
[1.519s][info][gc] GC(4) Pause Young (Normal) (G1 Evacuation Pause) 425M->87M(1004M) 5.876ms
[1.703s][info][gc] GC(5) Pause Young (Normal) (G1 Evacuation Pause) 475M->85M(1208M) 6.083ms
[1.861s][info][gc] GC(6) Pause Young (Normal) (G1 Evacuation Pause) 489M->88M(1208M) 5.748ms
[1.938s][info][gc] GC(7) Pause Young (Concurrent Start) (Metadata GC Threshold) 384M->95M(1208M) 5.224ms
[1.938s][info][gc] GC(8) Concurrent Cycle
[1.941s][info][gc] GC(8) Pause Remark 104M->104M(1208M) 1.109ms
[1.941s][info][gc] GC(8) Pause Cleanup 104M->104M(1208M) 0.046ms
[1.943s][info][gc] GC(8) Concurrent Cycle 4.770ms
[2.074s][info][gc] GC(9) Pause Young (Normal) (G1 Evacuation Pause) 443M->84M(1208M) 5.515ms
[2.567s][info][gc] GC(10) Pause Young (Normal) (G1 Evacuation Pause) 372M->89M(1452M) 9.973ms
[2.704s][info][gc] GC(11) Pause Young (Normal) (G1 Evacuation Pause) 525M->99M(1452M) 5.985ms
[2.829s][info][gc] GC(12) Pause Young (Normal) (G1 Evacuation Pause) 583M->100M(1452M) 6.106ms
[2.942s][info][gc] GC(13) Pause Young (Normal) (G1 Evacuation Pause) 620M->108M(1452M) 7.095ms
[3.131s][info][gc] GC(14) Pause Young (Normal) (G1 Evacuation Pause) 1116M->108M(1744M) 6.173ms
[3.358s][info][gc] GC(15) Pause Young (Normal) (G1 Evacuation Pause) 1376M->119M(1744M) 5.690ms
[3.571s][info][gc] GC(16) Pause Young (Normal) (G1 Evacuation Pause) 1259M->119M(1744M) 6.073ms
[3.787s][info][gc] GC(17) Pause Young (Normal) (G1 Evacuation Pause) 1355M->119M(1744M) 5.989ms
[3.995s][info][gc] GC(18) Pause Young (Normal) (G1 Evacuation Pause) 1443M->120M(2096M) 2.957ms
[4.258s][info][gc] GC(19) Pause Young (Normal) (G1 Evacuation Pause) 1448M->132M(2096M) 2.723ms
[4.477s][info][gc] GC(20) Pause Young (Normal) (G1 Evacuation Pause) 1400M->132M(2096M) 1.192ms
[4.683s][info][gc] GC(21) Pause Young (Normal) (G1 Evacuation Pause) 1560M->132M(2096M) 0.785ms
[4.877s][info][gc] GC(22) Pause Young (Normal) (G1 Evacuation Pause) 1696M->132M(2096M) 0.792ms
[5.064s][info][gc] GC(23) Pause Young (Normal) (G1 Evacuation Pause) 1516M->132M(2096M) 0.754ms
[5.250s][info][gc] GC(24) Pause Young (Normal) (G1 Evacuation Pause) 1708M->132M(2096M) 0.854ms
[5.454s][info][gc] GC(25) Pause Young (Normal) (G1 Evacuation Pause) 2104M->120M(2112M) 0.982ms
[5.659s][info][gc] GC(26) Pause Young (Normal) (G1 Evacuation Pause) 1620M->120M(2112M) 0.717ms
[5.874s][info][gc] GC(27) Pause Young (Normal) (G1 Evacuation Pause) 1788M->120M(2112M) 0.791ms
[6.091s][info][gc] GC(28) Pause Young (Normal) (G1 Evacuation Pause) 1812M->119M(2112M) 0.692ms
[6.306s][info][gc] GC(29) Pause Young (Normal) (G1 Evacuation Pause) 1895M->120M(2112M) 0.749ms
[6.521s][info][gc] GC(30) Pause Young (Normal) (G1 Evacuation Pause) 1932M->120M(2112M) 0.801ms
[6.742s][info][gc] GC(31) Pause Young (Normal) (G1 Evacuation Pause) 1956M->120M(2112M) 1.047ms
[6.963s][info][gc] GC(32) Pause Young (Normal) (G1 Evacuation Pause) 1656M->120M(2112M) 0.743ms
[7.193s][info][gc] GC(33) Pause Young (Normal) (G1 Evacuation Pause) 2120M->120M(2128M) 1.102ms
[7.384s][info][gc] GC(34) Pause Young (Concurrent Start) (G1 Humongous Allocation) 2040M->108M(2128M) 1.462ms
[7.384s][info][gc] GC(35) Concurrent Cycle
[7.392s][info][gc] GC(35) Pause Remark 160M->160M(2128M) 3.147ms
[7.395s][info][gc] GC(35) Pause Cleanup 172M->172M(2128M) 0.078ms
[7.397s][info][gc] GC(35) Concurrent Cycle 12.688ms
[7.608s][info][gc] GC(36) Pause Young (Normal) (G1 Evacuation Pause) 2100M->120M(2128M) 1.112ms
[7.854s][info][gc] GC(37) Pause Young (Normal) (G1 Evacuation Pause) 1980M->120M(2128M) 2.300ms
[8.079s][info][gc] GC(38) Pause Young (Normal) (G1 Evacuation Pause) 1956M->120M(2128M) 1.298ms
[8.310s][info][gc] GC(39) Pause Young (Normal) (G1 Evacuation Pause) 1800M->120M(2128M) 0.692ms
[8.535s][info][gc] GC(40) Pause Young (Normal) (G1 Evacuation Pause) 1632M->120M(2128M) 0.657ms
[8.769s][info][gc] GC(41) Pause Young (Normal) (G1 Evacuation Pause) 2136M->131M(2144M) 0.764ms
[8.916s][info][gc] GC(42) Pause Young (Concurrent Start) (G1 Humongous Allocation) 1775M->108M(2144M) 0.954ms
[8.916s][info][gc] GC(43) Concurrent Cycle
[8.925s][info][gc] GC(43) Pause Remark 162M->162M(2144M) 2.686ms
[8.927s][info][gc] GC(43) Pause Cleanup 180M->180M(2144M) 0.070ms
[8.929s][info][gc] GC(43) Concurrent Cycle 13.142ms
[9.063s][info][gc] GC(44) Pause Young (Concurrent Start) (G1 Humongous Allocation) 1652M->108M(2144M) 1.134ms
[9.063s][info][gc] GC(45) Concurrent Cycle
[9.070s][info][gc] GC(45) Pause Remark 172M->172M(2144M) 1.324ms
[9.072s][info][gc] GC(45) Pause Cleanup 182M->182M(2144M) 0.060ms
[9.074s][info][gc] GC(45) Concurrent Cycle 11.522ms
[9.255s][info][gc] GC(46) Pause Young (Concurrent Start) (G1 Humongous Allocation) 2048M->108M(2144M) 1.227ms
[9.255s][info][gc] GC(47) Concurrent Cycle
[9.262s][info][gc] GC(47) Pause Remark 148M->148M(2144M) 1.331ms
[9.264s][info][gc] GC(47) Pause Cleanup 172M->172M(2144M) 0.056ms
[9.266s][info][gc] GC(47) Concurrent Cycle 11.099ms
[9.463s][info][gc] GC(48) Pause Young (Concurrent Start) (G1 Humongous Allocation) 2058M->120M(2144M) 1.178ms
[9.463s][info][gc] GC(49) Concurrent Cycle
[9.469s][info][gc] GC(49) Pause Remark 156M->156M(2144M) 1.342ms
[9.472s][info][gc] GC(49) Pause Cleanup 166M->166M(2144M) 0.068ms
[9.474s][info][gc] GC(49) Concurrent Cycle 11.054ms
[9.680s][info][gc] GC(50) Pause Young (Normal) (G1 Evacuation Pause) 2120M->120M(2144M) 0.912ms
[9.892s][info][gc] GC(51) Pause Young (Normal) (G1 Evacuation Pause) 1928M->120M(2144M) 0.710ms
[10.111s][info][gc] GC(52) Pause Young (Normal) (G1 Evacuation Pause) 2012M->120M(2144M) 0.686ms
[10.320s][info][gc] GC(53) Pause Young (Normal) (G1 Evacuation Pause) 1532M->120M(2144M) 0.632ms
[10.528s][info][gc] GC(54) Pause Young (Normal) (G1 Evacuation Pause) 1496M->120M(2144M) 0.632ms
[10.734s][info][gc] GC(55) Pause Young (Normal) (G1 Evacuation Pause) 1460M->120M(2144M) 0.600ms
[10.946s][info][gc] GC(56) Pause Young (Normal) (G1 Evacuation Pause) 2048M->120M(2144M) 0.730ms
[11.158s][info][gc] GC(57) Pause Young (Normal) (G1 Evacuation Pause) 2140M->120M(2148M) 0.830ms
[11.364s][info][gc] GC(58) Pause Young (Normal) (G1 Evacuation Pause) 1488M->120M(2148M) 0.628ms
[11.574s][info][gc] GC(59) Pause Young (Normal) (G1 Evacuation Pause) 1716M->120M(2148M) 0.630ms
[11.787s][info][gc] GC(60) Pause Young (Normal) (G1 Evacuation Pause) 2136M->120M(2148M) 0.748ms
[12.004s][info][gc] GC(61) Pause Young (Normal) (G1 Evacuation Pause) 2136M->120M(2148M) 0.693ms
[12.224s][info][gc] GC(62) Pause Young (Normal) (G1 Evacuation Pause) 2040M->120M(2148M) 0.699ms
[12.435s][info][gc] GC(63) Pause Young (Normal) (G1 Evacuation Pause) 2004M->120M(2148M) 0.660ms
[12.649s][info][gc] GC(64) Pause Young (Normal) (G1 Evacuation Pause) 2028M->120M(2148M) 0.649ms
[12.865s][info][gc] GC(65) Pause Young (Normal) (G1 Evacuation Pause) 1884M->120M(2148M) 0.633ms
[13.088s][info][gc] GC(66) Pause Young (Normal) (G1 Evacuation Pause) 2088M->120M(2148M) 0.742ms
[13.306s][info][gc] GC(67) Pause Young (Normal) (G1 Evacuation Pause) 1944M->132M(2148M) 0.737ms
[13.550s][info][gc] GC(68) Pause Young (Normal) (G1 Evacuation Pause) 1968M->120M(2148M) 0.692ms
[13.768s][info][gc] GC(69) Pause Young (Normal) (G1 Evacuation Pause) 1860M->120M(2148M) 0.714ms
[13.986s][info][gc] GC(70) Pause Young (Normal) (G1 Evacuation Pause) 1632M->120M(2148M) 0.669ms
[14.201s][info][gc] GC(71) Pause Young (Normal) (G1 Evacuation Pause) 1824M->120M(2148M) 0.757ms
[14.434s][info][gc] GC(72) Pause Young (Normal) (G1 Evacuation Pause) 2100M->120M(2148M) 0.778ms
[14.659s][info][gc] GC(73) Pause Young (Normal) (G1 Evacuation Pause) 1992M->120M(2148M) 0.718ms
[14.854s][info][gc] GC(74) Pause Young (Concurrent Start) (G1 Humongous Allocation) 2108M->108M(2148M) 1.072ms
[14.854s][info][gc] GC(75) Concurrent Cycle
[14.862s][info][gc] GC(75) Pause Remark 156M->156M(2148M) 2.764ms
[14.864s][info][gc] GC(75) Pause Cleanup 166M->166M(2148M) 0.056ms
[14.866s][info][gc] GC(75) Concurrent Cycle 12.313ms
[15.078s][info][gc] GC(76) Pause Young (Normal) (G1 Evacuation Pause) 1704M->120M(2148M) 0.811ms
[15.293s][info][gc] GC(77) Pause Young (Normal) (G1 Evacuation Pause) 1548M->120M(2148M) 0.628ms
[15.512s][info][gc] GC(78) Pause Young (Normal) (G1 Evacuation Pause) 1656M->120M(2148M) 0.668ms
[15.730s][info][gc] GC(79) Pause Young (Normal) (G1 Evacuation Pause) 1932M->120M(2148M) 0.687ms
[15.950s][info][gc] GC(80) Pause Young (Normal) (G1 Evacuation Pause) 2064M->120M(2148M) 0.734ms
[16.165s][info][gc] GC(81) Pause Young (Normal) (G1 Evacuation Pause) 1920M->120M(2148M) 0.709ms
[16.380s][info][gc] GC(82) Pause Young (Normal) (G1 Evacuation Pause) 1956M->120M(2148M) 0.647ms
[16.587s][info][gc] GC(83) Pause Young (Normal) (G1 Evacuation Pause) 2156M->120M(2164M) 0.861ms
[16.803s][info][gc] GC(84) Pause Young (Normal) (G1 Evacuation Pause) 2108M->120M(2164M) 0.695ms
[17.017s][info][gc] GC(85) Pause Young (Normal) (G1 Evacuation Pause) 2036M->120M(2164M) 0.707ms
[17.230s][info][gc] GC(86) Pause Young (Normal) (G1 Evacuation Pause) 2000M->120M(2164M) 0.713ms
[17.443s][info][gc] GC(87) Pause Young (Normal) (G1 Evacuation Pause) 1808M->120M(2164M) 0.726ms
[17.662s][info][gc] GC(88) Pause Young (Normal) (G1 Evacuation Pause) 1892M->120M(2164M) 0.737ms
[17.872s][info][gc] GC(89) Pause Young (Normal) (G1 Evacuation Pause) 1684M->116M(2164M) 0.952ms
[18.099s][info][gc] GC(90) Pause Young (Normal) (G1 Evacuation Pause) 2044M->120M(2164M) 0.723ms
[18.327s][info][gc] GC(91) Pause Young (Normal) (G1 Evacuation Pause) 2044M->120M(2164M) 1.829ms
[18.538s][info][gc] GC(92) Pause Young (Normal) (G1 Evacuation Pause) 1808M->120M(2164M) 0.913ms
[18.755s][info][gc] GC(93) Pause Young (Normal) (G1 Evacuation Pause) 1904M->132M(2164M) 0.985ms
[18.977s][info][gc] GC(94) Pause Young (Normal) (G1 Evacuation Pause) 1736M->120M(2164M) 0.672ms
[19.183s][info][gc] GC(95) Pause Young (Normal) (G1 Evacuation Pause) 1700M->120M(2164M) 0.614ms
[19.392s][info][gc] GC(96) Pause Young (Normal) (G1 Evacuation Pause) 1880M->120M(2164M) 0.659ms
[19.620s][info][gc] GC(97) Pause Young (Normal) (G1 Evacuation Pause) 2072M->120M(2164M) 0.670ms
[19.842s][info][gc] GC(98) Pause Young (Normal) (G1 Evacuation Pause) 1688M->120M(2164M) 0.638ms
[20.056s][info][gc] GC(99) Pause Young (Normal) (G1 Evacuation Pause) 1892M->120M(2164M) 0.624ms
[20.273s][info][gc] GC(100) Pause Young (Normal) (G1 Evacuation Pause) 1976M->120M(2164M) 0.650ms
[20.484s][info][gc] GC(101) Pause Young (Normal) (G1 Evacuation Pause) 1652M->120M(2164M) 0.579ms
[20.697s][info][gc] GC(102) Pause Young (Normal) (G1 Evacuation Pause) 1824M->116M(2164M) 0.614ms
[20.912s][info][gc] GC(103) Pause Young (Normal) (G1 Evacuation Pause) 1976M->116M(2164M) 0.691ms
[21.130s][info][gc] GC(104) Pause Young (Normal) (G1 Evacuation Pause) 2084M->116M(2164M) 0.705ms
[21.348s][info][gc] GC(105) Pause Young (Normal) (G1 Evacuation Pause) 2060M->116M(2164M) 0.722ms
[21.567s][info][gc] GC(106) Pause Young (Normal) (G1 Evacuation Pause) 2048M->116M(2164M) 0.670ms
[21.790s][info][gc] GC(107) Pause Young (Normal) (G1 Evacuation Pause) 1892M->116M(2164M) 0.637ms
[22.012s][info][gc] GC(108) Pause Young (Normal) (G1 Evacuation Pause) 1972M->116M(2164M) 0.691ms
[22.230s][info][gc] GC(109) Pause Young (Normal) (G1 Evacuation Pause) 2020M->116M(2164M) 0.579ms
[22.444s][info][gc] GC(110) Pause Young (Normal) (G1 Evacuation Pause) 2088M->116M(2164M) 1.059ms
[22.660s][info][gc] GC(111) Pause Young (Normal) (G1 Evacuation Pause) 1896M->112M(2164M) 0.680ms
[22.874s][info][gc] GC(112) Pause Young (Normal) (G1 Evacuation Pause) 1924M->112M(2164M) 0.967ms
[23.088s][info][gc] GC(113) Pause Young (Normal) (G1 Evacuation Pause) 2160M->112M(2168M) 1.012ms
[23.300s][info][gc] GC(114) Pause Young (Normal) (G1 Evacuation Pause) 2068M->112M(2168M) 1.017ms
[23.515s][info][gc] GC(115) Pause Young (Normal) (G1 Evacuation Pause) 2136M->116M(2168M) 0.997ms
[23.732s][info][gc] GC(116) Pause Young (Normal) (G1 Evacuation Pause) 2052M->112M(2168M) 3.547ms
[23.945s][info][gc] GC(117) Pause Young (Normal) (G1 Evacuation Pause) 1968M->112M(2168M) 0.702ms
[24.158s][info][gc] GC(118) Pause Young (Normal) (G1 Evacuation Pause) 1924M->110M(2168M) 0.904ms
[24.370s][info][gc] GC(119) Pause Young (Normal) (G1 Evacuation Pause) 1958M->110M(2168M) 0.895ms
[24.582s][info][gc] GC(120) Pause Young (Normal) (G1 Evacuation Pause) 1910M->109M(2168M) 0.778ms
[24.795s][info][gc] GC(121) Pause Young (Normal) (G1 Evacuation Pause) 2041M->110M(2168M) 0.790ms
[25.009s][info][gc] GC(122) Pause Young (Normal) (G1 Evacuation Pause) 2054M->111M(2168M) 0.835ms
[25.225s][info][gc] GC(123) Pause Young (Normal) (G1 Evacuation Pause) 2107M->106M(2168M) 0.934ms
[25.453s][info][gc] GC(124) Pause Young (Normal) (G1 Evacuation Pause) 1746M->108M(2168M) 0.640ms
[25.668s][info][gc] GC(125) Pause Young (Normal) (G1 Evacuation Pause) 1964M->108M(2168M) 0.728ms
[25.897s][info][gc] GC(126) Pause Young (Normal) (G1 Evacuation Pause) 2104M->108M(2168M) 0.746ms
[26.128s][info][gc] GC(127) Pause Young (Normal) (G1 Evacuation Pause) 2068M->108M(2168M) 0.678ms
[26.345s][info][gc] GC(128) Pause Young (Normal) (G1 Evacuation Pause) 1968M->106M(2168M) 0.929ms
[26.566s][info][gc] GC(129) Pause Young (Normal) (G1 Evacuation Pause) 1958M->105M(2168M) 0.696ms
[26.790s][info][gc] GC(130) Pause Young (Normal) (G1 Evacuation Pause) 2025M->108M(2168M) 0.711ms
[27.007s][info][gc] GC(131) Pause Young (Normal) (G1 Evacuation Pause) 1772M->104M(2168M) 0.643ms
[27.227s][info][gc] GC(132) Pause Young (Normal) (G1 Evacuation Pause) 1680M->104M(2168M) 0.654ms
[27.448s][info][gc] GC(133) Pause Young (Normal) (G1 Evacuation Pause) 1788M->104M(2168M) 0.701ms
[27.666s][info][gc] GC(134) Pause Young (Normal) (G1 Evacuation Pause) 1632M->104M(2168M) 0.641ms
[27.886s][info][gc] GC(135) Pause Young (Normal) (G1 Evacuation Pause) 1764M->104M(2168M) 0.628ms
[28.102s][info][gc] GC(136) Pause Young (Normal) (G1 Evacuation Pause) 1820M->104M(2168M) 0.617ms
[28.318s][info][gc] GC(137) Pause Young (Normal) (G1 Evacuation Pause) 1904M->104M(2168M) 0.700ms
[28.534s][info][gc] GC(138) Pause Young (Normal) (G1 Evacuation Pause) 1912M->100M(2168M) 0.658ms
[28.749s][info][gc] GC(139) Pause Young (Normal) (G1 Evacuation Pause) 1672M->100M(2168M) 0.589ms
[28.963s][info][gc] GC(140) Pause Young (Normal) (G1 Evacuation Pause) 1768M->99M(2168M) 0.888ms
[29.182s][info][gc] GC(141) Pause Young (Normal) (G1 Evacuation Pause) 1707M->97M(2168M) 0.690ms
[29.401s][info][gc] GC(142) Pause Young (Normal) (G1 Evacuation Pause) 1945M->98M(2168M) 0.758ms
[29.614s][info][gc] GC(143) Pause Young (Normal) (G1 Evacuation Pause) 1514M->97M(2168M) 0.609ms
[29.831s][info][gc] GC(144) Pause Young (Normal) (G1 Evacuation Pause) 1549M->96M(2168M) 0.605ms
[30.049s][info][gc] GC(145) Pause Young (Normal) (G1 Evacuation Pause) 1512M->96M(2168M) 0.518ms
[30.269s][info][gc] GC(146) Pause Young (Normal) (G1 Evacuation Pause) 1548M->96M(2168M) 0.506ms
[30.488s][info][gc] GC(147) Pause Young (Normal) (G1 Evacuation Pause) 1464M->96M(2168M) 0.960ms
[30.706s][info][gc] GC(148) Pause Young (Normal) (G1 Evacuation Pause) 1512M->96M(2168M) 0.553ms
[30.925s][info][gc] GC(149) Pause Young (Normal) (G1 Evacuation Pause) 1464M->96M(2168M) 0.514ms
[31.144s][info][gc] GC(150) Pause Young (Normal) (G1 Evacuation Pause) 1452M->96M(2168M) 0.615ms
[31.375s][info][gc] GC(151) Pause Young (Normal) (G1 Evacuation Pause) 1632M->98M(2168M) 0.740ms
[31.583s][info][gc] GC(152) Pause Young (Normal) (G1 Evacuation Pause) 1514M->96M(2168M) 0.573ms
[31.810s][info][gc] GC(153) Pause Young (Normal) (G1 Evacuation Pause) 1440M->97M(2168M) 0.653ms
[32.023s][info][gc] GC(154) Pause Young (Normal) (G1 Evacuation Pause) 1609M->96M(2168M) 0.579ms
[32.241s][info][gc] GC(155) Pause Young (Normal) (G1 Evacuation Pause) 1704M->96M(2168M) 0.585ms
[32.473s][info][gc] GC(156) Pause Young (Normal) (G1 Evacuation Pause) 1696M->98M(2168M) 0.863ms
[32.687s][info][gc] GC(157) Pause Young (Normal) (G1 Evacuation Pause) 1994M->97M(2168M) 0.777ms
[32.901s][info][gc] GC(158) Pause Young (Normal) (G1 Evacuation Pause) 1669M->96M(2168M) 0.592ms
[33.121s][info][gc] GC(159) Pause Young (Normal) (G1 Evacuation Pause) 1500M->96M(2168M) 0.608ms
[33.340s][info][gc] GC(160) Pause Young (Normal) (G1 Evacuation Pause) 1632M->96M(2168M) 0.629ms
[33.560s][info][gc] GC(161) Pause Young (Normal) (G1 Evacuation Pause) 1452M->96M(2168M) 0.607ms
[33.779s][info][gc] GC(162) Pause Young (Normal) (G1 Evacuation Pause) 1608M->96M(2168M) 0.571ms
[33.998s][info][gc] GC(163) Pause Young (Normal) (G1 Evacuation Pause) 1452M->96M(2168M) 0.676ms
[34.217s][info][gc] GC(164) Pause Young (Normal) (G1 Evacuation Pause) 1608M->96M(2168M) 0.646ms
[34.435s][info][gc] GC(165) Pause Young (Normal) (G1 Evacuation Pause) 1452M->96M(2168M) 0.589ms
[34.654s][info][gc] GC(166) Pause Young (Normal) (G1 Evacuation Pause) 1488M->96M(2168M) 0.565ms
[34.874s][info][gc] GC(167) Pause Young (Normal) (G1 Evacuation Pause) 1404M->96M(2168M) 0.657ms
[35.093s][info][gc] GC(168) Pause Young (Normal) (G1 Evacuation Pause) 1452M->96M(2168M) 0.592ms
[35.313s][info][gc] GC(169) Pause Young (Normal) (G1 Evacuation Pause) 1428M->96M(2168M) 0.543ms
[35.532s][info][gc] GC(170) Pause Young (Normal) (G1 Evacuation Pause) 1488M->96M(2168M) 0.644ms
[35.751s][info][gc] GC(171) Pause Young (Normal) (G1 Evacuation Pause) 1500M->96M(2168M) 0.604ms
[35.970s][info][gc] GC(172) Pause Young (Normal) (G1 Evacuation Pause) 1452M->96M(2168M) 0.518ms
[36.190s][info][gc] GC(173) Pause Young (Normal) (G1 Evacuation Pause) 1452M->96M(2168M) 0.525ms
[36.409s][info][gc] GC(174) Pause Young (Normal) (G1 Evacuation Pause) 1416M->96M(2168M) 0.622ms
[36.629s][info][gc] GC(175) Pause Young (Normal) (G1 Evacuation Pause) 1416M->96M(2168M) 0.603ms
[36.849s][info][gc] GC(176) Pause Young (Normal) (G1 Evacuation Pause) 1428M->96M(2168M) 0.563ms
[37.068s][info][gc] GC(177) Pause Young (Normal) (G1 Evacuation Pause) 1476M->96M(2168M) 0.515ms
[37.290s][info][gc] GC(178) Pause Young (Normal) (G1 Evacuation Pause) 1464M->96M(2168M) 0.554ms
[37.509s][info][gc] GC(179) Pause Young (Normal) (G1 Evacuation Pause) 1512M->97M(2168M) 0.630ms
[37.726s][info][gc] GC(180) Pause Young (Normal) (G1 Evacuation Pause) 1501M->96M(2168M) 0.578ms
[37.944s][info][gc] GC(181) Pause Young (Normal) (G1 Evacuation Pause) 1488M->96M(2168M) 0.595ms
[38.166s][info][gc] GC(182) Pause Young (Normal) (G1 Evacuation Pause) 1716M->96M(2168M) 0.612ms
[38.383s][info][gc] GC(183) Pause Young (Normal) (G1 Evacuation Pause) 1596M->96M(2168M) 0.594ms
[38.601s][info][gc] GC(184) Pause Young (Normal) (G1 Evacuation Pause) 1572M->96M(2168M) 0.610ms
[38.820s][info][gc] GC(185) Pause Young (Normal) (G1 Evacuation Pause) 1524M->96M(2168M) 0.907ms
[39.040s][info][gc] GC(186) Pause Young (Normal) (G1 Evacuation Pause) 1536M->96M(2168M) 0.815ms
[39.260s][info][gc] GC(187) Pause Young (Normal) (G1 Evacuation Pause) 1584M->96M(2168M) 0.586ms
[39.478s][info][gc] GC(188) Pause Young (Normal) (G1 Evacuation Pause) 1584M->96M(2168M) 0.589ms
[39.697s][info][gc] GC(189) Pause Young (Normal) (G1 Evacuation Pause) 1440M->96M(2168M) 0.583ms
[39.921s][info][gc] GC(190) Pause Young (Normal) (G1 Evacuation Pause) 1992M->96M(2168M) 0.695ms
[40.125s][info][gc] GC(191) Pause Young (Normal) (G1 Evacuation Pause) 2176M->97M(2184M) 0.931ms
[40.341s][info][gc] GC(192) Pause Young (Normal) (G1 Evacuation Pause) 1749M->96M(2184M) 0.608ms
[40.562s][info][gc] GC(193) Pause Young (Normal) (G1 Evacuation Pause) 1616M->96M(2184M) 0.609ms
[40.793s][info][gc] GC(194) Pause Young (Normal) (G1 Evacuation Pause) 2096M->98M(2184M) 0.802ms
[41.010s][info][gc] GC(195) Pause Young (Normal) (G1 Evacuation Pause) 2086M->97M(2184M) 0.730ms
[41.233s][info][gc] GC(196) Pause Young (Normal) (G1 Evacuation Pause) 1749M->97M(2184M) 0.970ms
[41.452s][info][gc] GC(197) Pause Young (Normal) (G1 Evacuation Pause) 2157M->97M(2184M) 0.716ms
[41.672s][info][gc] GC(198) Pause Young (Concurrent Start) (G1 Humongous Allocation) 2137M->90M(2184M) 1.133ms
[41.672s][info][gc] GC(199) Concurrent Cycle
[41.679s][info][gc] GC(199) Pause Remark 144M->144M(2184M) 1.642ms
[41.682s][info][gc] GC(199) Pause Cleanup 156M->156M(2184M) 0.064ms
[41.684s][info][gc] GC(199) Concurrent Cycle 11.198ms
[41.908s][info][gc] GC(200) Pause Young (Normal) (G1 Evacuation Pause) 2194M->104M(2200M) 0.951ms
[42.150s][info][gc] GC(201) Pause Young (Normal) (G1 Evacuation Pause) 2060M->110M(2200M) 0.940ms
[42.369s][info][gc] GC(202) Pause Young (Normal) (G1 Evacuation Pause) 2186M->109M(2200M) 0.728ms
[42.585s][info][gc] GC(203) Pause Young (Normal) (G1 Evacuation Pause) 1693M->104M(2200M) 0.629ms
[42.804s][info][gc] GC(204) Pause Young (Normal) (G1 Evacuation Pause) 1700M->104M(2200M) 0.579ms
[43.021s][info][gc] GC(205) Pause Young (Normal) (G1 Evacuation Pause) 1648M->104M(2200M) 0.641ms
[43.237s][info][gc] GC(206) Pause Young (Normal) (G1 Evacuation Pause) 1548M->100M(2200M) 0.586ms
[43.453s][info][gc] GC(207) Pause Young (Normal) (G1 Evacuation Pause) 1640M->98M(2200M) 0.752ms
[43.668s][info][gc] GC(208) Pause Young (Normal) (G1 Evacuation Pause) 1618M->97M(2200M) 0.588ms
[43.888s][info][gc] GC(209) Pause Young (Normal) (G1 Evacuation Pause) 1545M->96M(2200M) 0.536ms
[44.110s][info][gc] GC(210) Pause Young (Normal) (G1 Evacuation Pause) 1556M->96M(2200M) 0.562ms
[44.332s][info][gc] GC(211) Pause Young (Normal) (G1 Evacuation Pause) 1556M->96M(2200M) 0.574ms
[44.556s][info][gc] GC(212) Pause Young (Normal) (G1 Evacuation Pause) 1532M->96M(2200M) 0.591ms
[44.779s][info][gc] GC(213) Pause Young (Normal) (G1 Evacuation Pause) 1496M->96M(2200M) 0.574ms
[45.000s][info][gc] GC(214) Pause Young (Normal) (G1 Evacuation Pause) 1976M->96M(2200M) 0.633ms
[45.223s][info][gc] GC(215) Pause Young (Normal) (G1 Evacuation Pause) 1772M->96M(2200M) 0.581ms
[45.410s][info][gc] GC(216) Pause Young (Concurrent Start) (G1 Humongous Allocation) 2050M->85M(2200M) 0.913ms
[45.410s][info][gc] GC(217) Concurrent Cycle
[45.417s][info][gc] GC(217) Pause Remark 123M->123M(2200M) 1.610ms
[45.420s][info][gc] GC(217) Pause Cleanup 139M->139M(2200M) 0.056ms
[45.422s][info][gc] GC(217) Concurrent Cycle 11.765ms
[45.627s][info][gc] GC(218) Pause Young (Normal) (G1 Evacuation Pause) 2209M->98M(2216M) 1.211ms
[45.795s][info][gc] GC(219) Pause Young (Concurrent Start) (G1 Humongous Allocation) 1966M->88M(2216M) 1.153ms
[45.795s][info][gc] GC(220) Concurrent Cycle
[45.802s][info][gc] GC(220) Pause Remark 148M->148M(2216M) 1.354ms
[45.804s][info][gc] GC(220) Pause Cleanup 158M->158M(2216M) 0.063ms
[45.806s][info][gc] GC(220) Concurrent Cycle 11.085ms
[45.999s][info][gc] GC(221) Pause Young (Concurrent Start) (G1 Humongous Allocation) 2074M->92M(2216M) 1.061ms
[45.999s][info][gc] GC(222) Concurrent Cycle
[46.007s][info][gc] GC(222) Pause Remark 146M->146M(2216M) 1.312ms
[46.010s][info][gc] GC(222) Pause Cleanup 162M->162M(2216M) 0.054ms
[46.012s][info][gc] GC(222) Concurrent Cycle 13.357ms
[46.180s][info][gc] GC(223) Pause Young (Concurrent Start) (G1 Humongous Allocation) 2036M->92M(2216M) 1.023ms
[46.180s][info][gc] GC(224) Concurrent Cycle
[46.187s][info][gc] GC(224) Pause Remark 146M->146M(2216M) 1.390ms
[46.190s][info][gc] GC(224) Pause Cleanup 156M->156M(2216M) 0.061ms
[46.191s][info][gc] GC(224) Concurrent Cycle 10.863ms
[46.365s][info][gc] GC(225) Pause Young (Concurrent Start) (G1 Humongous Allocation) 2044M->92M(2216M) 1.069ms
[46.365s][info][gc] GC(226) Concurrent Cycle
[46.371s][info][gc] GC(226) Pause Remark 134M->134M(2216M) 1.382ms
[46.374s][info][gc] GC(226) Pause Cleanup 142M->142M(2216M) 0.058ms
[46.376s][info][gc] GC(226) Concurrent Cycle 10.566ms
[46.573s][info][gc] GC(227) Pause Young (Concurrent Start) (G1 Humongous Allocation) 2100M->96M(2216M) 1.091ms
[46.573s][info][gc] GC(228) Concurrent Cycle
[46.580s][info][gc] GC(228) Pause Remark 140M->140M(2216M) 1.385ms
[46.583s][info][gc] GC(228) Pause Cleanup 162M->162M(2216M) 0.059ms
[46.585s][info][gc] GC(228) Concurrent Cycle 11.412ms
[46.781s][info][gc] GC(229) Pause Young (Concurrent Start) (G1 Humongous Allocation) 2186M->101M(2216M) 1.124ms
[46.781s][info][gc] GC(230) Concurrent Cycle
[46.787s][info][gc] GC(230) Pause Remark 149M->149M(2216M) 1.293ms
[46.790s][info][gc] GC(230) Pause Cleanup 171M->171M(2216M) 0.066ms
[46.792s][info][gc] GC(230) Concurrent Cycle 10.696ms
[46.944s][info][gc] GC(231) Pause Young (Concurrent Start) (G1 Humongous Allocation) 1869M->100M(2216M) 0.988ms
[46.944s][info][gc] GC(232) Concurrent Cycle
[46.951s][info][gc] GC(232) Pause Remark 158M->158M(2216M) 1.314ms
[46.953s][info][gc] GC(232) Pause Cleanup 178M->178M(2216M) 0.069ms
[46.955s][info][gc] GC(232) Concurrent Cycle 10.852ms
[47.128s][info][gc] GC(233) Pause Young (Concurrent Start) (G1 Humongous Allocation) 2012M->100M(2216M) 1.019ms
[47.128s][info][gc] GC(234) Concurrent Cycle
[47.134s][info][gc] GC(234) Pause Remark 156M->156M(2216M) 1.324ms
[47.136s][info][gc] GC(234) Pause Cleanup 162M->162M(2216M) 0.054ms
[47.138s][info][gc] GC(234) Concurrent Cycle 10.641ms
[47.286s][info][gc] GC(235) Pause Young (Concurrent Start) (G1 Humongous Allocation) 1848M->100M(2216M) 1.097ms
[47.286s][info][gc] GC(236) Concurrent Cycle
[47.295s][info][gc] GC(236) Pause Remark 172M->172M(2216M) 1.992ms
[47.297s][info][gc] GC(236) Pause Cleanup 188M->188M(2216M) 0.061ms
[47.299s][info][gc] GC(236) Concurrent Cycle 12.388ms
[47.479s][info][gc] GC(237) Pause Young (Concurrent Start) (G1 Humongous Allocation) 2052M->100M(2216M) 1.077ms
[47.479s][info][gc] GC(238) Concurrent Cycle
[47.486s][info][gc] GC(238) Pause Remark 140M->140M(2216M) 1.347ms
[47.488s][info][gc] GC(238) Pause Cleanup 156M->156M(2216M) 0.058ms
[47.491s][info][gc] GC(238) Concurrent Cycle 11.440ms
[47.698s][info][gc] GC(239) Pause Young (Normal) (G1 Evacuation Pause) 2224M->113M(2232M) 0.918ms
[47.867s][info][gc] GC(240) Pause Young (Concurrent Start) (G1 Humongous Allocation) 1987M->100M(2232M) 0.926ms
[47.867s][info][gc] GC(241) Concurrent Cycle
[47.875s][info][gc] GC(241) Pause Remark 160M->160M(2232M) 1.360ms
[47.878s][info][gc] GC(241) Pause Cleanup 186M->186M(2232M) 0.057ms
[47.880s][info][gc] GC(241) Concurrent Cycle 13.163ms
[48.101s][info][gc] GC(242) Pause Young (Normal) (G1 Evacuation Pause) 2228M->113M(2236M) 0.909ms
[48.321s][info][gc] GC(243) Pause Young (Normal) (G1 Evacuation Pause) 1949M->113M(2236M) 0.694ms
[48.542s][info][gc] GC(244) Pause Young (Normal) (G1 Evacuation Pause) 1849M->113M(2236M) 0.655ms
[48.761s][info][gc] GC(245) Pause Young (Normal) (G1 Evacuation Pause) 1881M->113M(2236M) 0.627ms
[48.979s][info][gc] GC(246) Pause Young (Normal) (G1 Evacuation Pause) 2093M->108M(2236M) 0.757ms
[49.198s][info][gc] GC(247) Pause Young (Normal) (G1 Evacuation Pause) 1908M->102M(2236M) 0.779ms
[49.419s][info][gc] GC(248) Pause Young (Normal) (G1 Evacuation Pause) 1994M->101M(2236M) 0.700ms
[49.637s][info][gc] GC(249) Pause Young (Normal) (G1 Evacuation Pause) 1725M->100M(2236M) 0.642ms
[49.853s][info][gc] GC(250) Pause Young (Normal) (G1 Evacuation Pause) 1560M->96M(2236M) 0.607ms
[50.078s][info][gc] GC(251) Pause Young (Normal) (G1 Evacuation Pause) 1468M->96M(2236M) 0.527ms
[50.306s][info][gc] GC(252) Pause Young (Normal) (G1 Evacuation Pause) 1564M->96M(2236M) 0.592ms
[50.529s][info][gc] GC(253) Pause Young (Normal) (G1 Evacuation Pause) 1528M->96M(2236M) 0.554ms
[50.755s][info][gc] GC(254) Pause Young (Normal) (G1 Evacuation Pause) 1648M->96M(2236M) 0.568ms
[50.981s][info][gc] GC(255) Pause Young (Normal) (G1 Evacuation Pause) 1504M->96M(2236M) 0.555ms
[51.212s][info][gc] GC(256) Pause Young (Normal) (G1 Evacuation Pause) 1660M->97M(2236M) 0.677ms
[51.433s][info][gc] GC(257) Pause Young (Normal) (G1 Evacuation Pause) 1601M->96M(2236M) 0.581ms
[51.658s][info][gc] GC(258) Pause Young (Normal) (G1 Evacuation Pause) 1552M->96M(2236M) 0.510ms
[51.884s][info][gc] GC(259) Pause Young (Normal) (G1 Evacuation Pause) 1516M->96M(2236M) 0.579ms
[52.110s][info][gc] GC(260) Pause Young (Normal) (G1 Evacuation Pause) 1504M->96M(2236M) 0.579ms
[52.335s][info][gc] GC(261) Pause Young (Normal) (G1 Evacuation Pause) 1564M->96M(2236M) 0.575ms
[52.561s][info][gc] GC(262) Pause Young (Normal) (G1 Evacuation Pause) 1540M->96M(2236M) 0.568ms
[52.787s][info][gc] GC(263) Pause Young (Normal) (G1 Evacuation Pause) 1516M->96M(2236M) 0.545ms
[53.013s][info][gc] GC(264) Pause Young (Normal) (G1 Evacuation Pause) 1468M->96M(2236M) 0.527ms
[53.238s][info][gc] GC(265) Pause Young (Normal) (G1 Evacuation Pause) 1588M->96M(2236M) 0.590ms
[53.465s][info][gc] GC(266) Pause Young (Normal) (G1 Evacuation Pause) 1504M->96M(2236M) 0.560ms
[53.690s][info][gc] GC(267) Pause Young (Normal) (G1 Evacuation Pause) 1528M->96M(2236M) 0.540ms
[53.916s][info][gc] GC(268) Pause Young (Normal) (G1 Evacuation Pause) 1576M->96M(2236M) 0.520ms
[54.143s][info][gc] GC(269) Pause Young (Normal) (G1 Evacuation Pause) 1480M->96M(2236M) 0.845ms
[54.369s][info][gc] GC(270) Pause Young (Normal) (G1 Evacuation Pause) 1492M->96M(2236M) 0.525ms
[54.594s][info][gc] GC(271) Pause Young (Normal) (G1 Evacuation Pause) 1516M->96M(2236M) 0.538ms
[54.820s][info][gc] GC(272) Pause Young (Normal) (G1 Evacuation Pause) 1468M->96M(2236M) 0.775ms
[55.045s][info][gc] GC(273) Pause Young (Normal) (G1 Evacuation Pause) 1480M->96M(2236M) 0.772ms
[55.271s][info][gc] GC(274) Pause Young (Normal) (G1 Evacuation Pause) 1528M->96M(2236M) 0.777ms
[55.497s][info][gc] GC(275) Pause Young (Normal) (G1 Evacuation Pause) 1540M->96M(2236M) 0.835ms
[55.726s][info][gc] GC(276) Pause Young (Normal) (G1 Evacuation Pause) 2044M->96M(2236M) 0.932ms
[55.948s][info][gc] GC(277) Pause Young (Normal) (G1 Evacuation Pause) 2232M->97M(2240M) 1.063ms
[56.173s][info][gc] GC(278) Pause Young (Normal) (G1 Evacuation Pause) 1533M->96M(2240M) 0.911ms
[56.387s][info][gc] GC(279) Pause Young (Normal) (G1 Evacuation Pause) 2236M->97M(2244M) 1.029ms
[56.612s][info][gc] GC(280) Pause Young (Normal) (G1 Evacuation Pause) 2121M->96M(2244M) 0.590ms
[56.839s][info][gc] GC(281) Pause Young (Normal) (G1 Evacuation Pause) 1760M->96M(2244M) 0.583ms
[57.069s][info][gc] GC(282) Pause Young (Normal) (G1 Evacuation Pause) 1484M->97M(2244M) 0.592ms
[57.292s][info][gc] GC(283) Pause Young (Normal) (G1 Evacuation Pause) 1509M->96M(2244M) 0.517ms
[57.519s][info][gc] GC(284) Pause Young (Normal) (G1 Evacuation Pause) 1724M->96M(2244M) 0.610ms
[57.749s][info][gc] GC(285) Pause Young (Normal) (G1 Evacuation Pause) 1664M->97M(2244M) 0.557ms
[57.989s][info][gc] GC(286) Pause Young (Normal) (G1 Evacuation Pause) 1597M->100M(2244M) 0.594ms
[58.207s][info][gc] GC(287) Pause Young (Normal) (G1 Evacuation Pause) 1548M->97M(2244M) 0.661ms
[58.432s][info][gc] GC(288) Pause Young (Normal) (G1 Evacuation Pause) 1545M->97M(2244M) 0.827ms
[58.675s][info][gc] GC(289) Pause Young (Normal) (G1 Evacuation Pause) 1813M->100M(2244M) 0.580ms
[58.901s][info][gc] GC(290) Pause Young (Normal) (G1 Evacuation Pause) 1904M->100M(2244M) 0.656ms
[59.120s][info][gc] GC(291) Pause Young (Normal) (G1 Evacuation Pause) 1584M->98M(2244M) 0.859ms
[59.343s][info][gc] GC(292) Pause Young (Normal) (G1 Evacuation Pause) 1810M->97M(2244M) 0.611ms
[59.574s][info][gc] GC(293) Pause Young (Normal) (G1 Evacuation Pause) 1641M->97M(2244M) 0.895ms
[59.794s][info][gc] GC(294) Pause Young (Normal) (G1 Evacuation Pause) 1653M->96M(2244M) 0.584ms
[60.019s][info][gc] GC(295) Pause Young (Normal) (G1 Evacuation Pause) 1628M->96M(2244M) 0.687ms
[60.246s][info][gc] GC(296) Pause Young (Normal) (G1 Evacuation Pause) 1580M->96M(2244M) 0.589ms
[60.472s][info][gc] GC(297) Pause Young (Normal) (G1 Evacuation Pause) 1460M->96M(2244M) 0.563ms
[60.704s][info][gc] GC(298) Pause Young (Normal) (G1 Evacuation Pause) 1556M->97M(2244M) 0.655ms
[60.926s][info][gc] GC(299) Pause Young (Normal) (G1 Evacuation Pause) 1593M->96M(2244M) 0.594ms
[61.151s][info][gc] GC(300) Pause Young (Normal) (G1 Evacuation Pause) 1484M->96M(2244M) 0.577ms
[61.379s][info][gc] GC(301) Pause Young (Normal) (G1 Evacuation Pause) 1496M->96M(2244M) 0.676ms
[61.605s][info][gc] GC(302) Pause Young (Normal) (G1 Evacuation Pause) 1640M->96M(2244M) 0.879ms
[61.831s][info][gc] GC(303) Pause Young (Normal) (G1 Evacuation Pause) 1496M->96M(2244M) 0.637ms
[62.058s][info][gc] GC(304) Pause Young (Normal) (G1 Evacuation Pause) 1592M->96M(2244M) 0.621ms
[62.287s][info][gc] GC(305) Pause Young (Normal) (G1 Evacuation Pause) 1736M->96M(2244M) 0.987ms
[62.524s][info][gc] GC(306) Pause Young (Normal) (G1 Evacuation Pause) 1724M->98M(2244M) 0.850ms
[62.743s][info][gc] GC(307) Pause Young (Normal) (G1 Evacuation Pause) 1474M->97M(2244M) 0.613ms
[62.969s][info][gc] GC(308) Pause Young (Normal) (G1 Evacuation Pause) 1545M->97M(2244M) 0.864ms
[63.192s][info][gc] GC(309) Pause Young (Normal) (G1 Evacuation Pause) 1605M->96M(2244M) 0.611ms
[63.419s][info][gc] GC(310) Pause Young (Normal) (G1 Evacuation Pause) 1508M->96M(2244M) 0.609ms
[63.645s][info][gc] GC(311) Pause Young (Normal) (G1 Evacuation Pause) 1472M->96M(2244M) 0.610ms
[63.872s][info][gc] GC(312) Pause Young (Normal) (G1 Evacuation Pause) 1736M->96M(2244M) 0.650ms
[64.099s][info][gc] GC(313) Pause Young (Normal) (G1 Evacuation Pause) 1508M->96M(2244M) 0.626ms
[64.328s][info][gc] GC(314) Pause Young (Normal) (G1 Evacuation Pause) 1640M->96M(2244M) 0.631ms
[64.559s][info][gc] GC(315) Pause Young (Normal) (G1 Evacuation Pause) 1520M->97M(2244M) 0.623ms
[64.782s][info][gc] GC(316) Pause Young (Normal) (G1 Evacuation Pause) 1677M->96M(2244M) 0.648ms
[65.020s][info][gc] GC(317) Pause Young (Normal) (G1 Evacuation Pause) 1688M->99M(2244M) 0.856ms
[65.243s][info][gc] GC(318) Pause Young (Normal) (G1 Evacuation Pause) 1763M->98M(2244M) 0.732ms
[65.461s][info][gc] GC(319) Pause Young (Normal) (G1 Evacuation Pause) 1510M->96M(2244M) 0.568ms
[65.709s][info][gc] GC(320) Pause Young (Normal) (G1 Evacuation Pause) 1628M->100M(2244M) 0.787ms
[65.927s][info][gc] GC(321) Pause Young (Normal) (G1 Evacuation Pause) 1952M->98M(2244M) 0.867ms
[66.143s][info][gc] GC(322) Pause Young (Normal) (G1 Evacuation Pause) 1654M->96M(2244M) 0.607ms
[66.383s][info][gc] GC(323) Pause Young (Normal) (G1 Evacuation Pause) 1652M->98M(2244M) 0.789ms
[66.603s][info][gc] GC(324) Pause Young (Normal) (G1 Evacuation Pause) 1642M->97M(2244M) 0.601ms
[66.833s][info][gc] GC(325) Pause Young (Normal) (G1 Evacuation Pause) 1513M->98M(2244M) 0.745ms
[67.053s][info][gc] GC(326) Pause Young (Normal) (G1 Evacuation Pause) 1690M->96M(2244M) 0.561ms
[67.279s][info][gc] GC(327) Pause Young (Normal) (G1 Evacuation Pause) 1544M->96M(2244M) 0.914ms
[67.505s][info][gc] GC(328) Pause Young (Normal) (G1 Evacuation Pause) 1520M->96M(2244M) 0.553ms
[67.732s][info][gc] GC(329) Pause Young (Normal) (G1 Evacuation Pause) 1496M->96M(2244M) 0.581ms
[67.959s][info][gc] GC(330) Pause Young (Normal) (G1 Evacuation Pause) 1460M->96M(2244M) 0.530ms
[68.195s][info][gc] GC(331) Pause Young (Normal) (G1 Evacuation Pause) 1724M->110M(2244M) 0.675ms
[68.413s][info][gc] GC(332) Pause Young (Normal) (G1 Evacuation Pause) 1534M->96M(2244M) 0.590ms
[68.640s][info][gc] GC(333) Pause Young (Normal) (G1 Evacuation Pause) 1472M->96M(2244M) 0.563ms
[68.831s][info][gc] GC(334) Pause Young (Concurrent Start) (G1 Humongous Allocation) 2085M->85M(2244M) 1.162ms
[68.831s][info][gc] GC(335) Concurrent Cycle
[68.838s][info][gc] GC(335) Pause Remark 141M->141M(2244M) 1.412ms
[68.840s][info][gc] GC(335) Pause Cleanup 151M->151M(2244M) 0.047ms
[68.843s][info][gc] GC(335) Concurrent Cycle 11.115ms
[69.008s][info][gc] GC(336) Pause Young (Concurrent Start) (G1 Humongous Allocation) 1883M->91M(2244M) 1.255ms
[69.008s][info][gc] GC(337) Concurrent Cycle
[69.015s][info][gc] GC(337) Pause Remark 139M->139M(2244M) 1.348ms
[69.018s][info][gc] GC(337) Pause Cleanup 165M->165M(2244M) 0.041ms
[69.020s][info][gc] GC(337) Concurrent Cycle 12.570ms
[69.222s][info][gc] GC(338) Pause Young (Concurrent Start) (G1 Humongous Allocation) 2115M->116M(2244M) 1.030ms
[69.222s][info][gc] GC(339) Concurrent Cycle
[69.229s][info][gc] GC(339) Pause Remark 148M->148M(2244M) 1.377ms
[69.231s][info][gc] GC(339) Pause Cleanup 160M->160M(2244M) 0.045ms
[69.233s][info][gc] GC(339) Concurrent Cycle 10.960ms
[69.446s][info][gc] GC(340) Pause Young (Normal) (G1 Evacuation Pause) 2248M->109M(2260M) 0.899ms
[69.653s][info][gc] GC(341) Pause Young (Concurrent Start) (G1 Humongous Allocation) 2225M->97M(2260M) 0.934ms
[69.653s][info][gc] GC(342) Concurrent Cycle
[69.660s][info][gc] GC(342) Pause Remark 169M->169M(2260M) 1.472ms
[69.663s][info][gc] GC(342) Pause Cleanup 179M->179M(2260M) 0.053ms
[69.665s][info][gc] GC(342) Concurrent Cycle 12.112ms
[69.780s][info][gc] GC(343) Pause Young (Concurrent Start) (G1 Humongous Allocation) 1705M->96M(2260M) 0.943ms
[69.780s][info][gc] GC(344) Concurrent Cycle
[69.788s][info][gc] GC(344) Pause Remark 146M->146M(2260M) 1.708ms
[69.791s][info][gc] GC(344) Pause Cleanup 174M->174M(2260M) 0.050ms
[69.794s][info][gc] GC(344) Concurrent Cycle 13.502ms
[69.957s][info][gc] GC(345) Pause Young (Concurrent Start) (G1 Humongous Allocation) 1986M->96M(2260M) 1.101ms
[69.957s][info][gc] GC(346) Concurrent Cycle
[69.965s][info][gc] GC(346) Pause Remark 168M->168M(2260M) 1.726ms
[69.967s][info][gc] GC(346) Pause Cleanup 198M->198M(2260M) 0.048ms
[69.970s][info][gc] GC(346) Concurrent Cycle 12.686ms
[70.186s][info][gc] GC(347) Pause Young (Normal) (G1 Evacuation Pause) 2264M->109M(2276M) 0.892ms
[70.409s][info][gc] GC(348) Pause Young (Normal) (G1 Evacuation Pause) 2281M->109M(2292M) 0.802ms
[70.575s][info][gc] GC(349) Pause Young (Concurrent Start) (G1 Humongous Allocation) 1977M->97M(2292M) 0.890ms
[70.576s][info][gc] GC(350) Concurrent Cycle
[70.582s][info][gc] GC(350) Pause Remark 131M->131M(2292M) 1.389ms
[70.584s][info][gc] GC(350) Pause Cleanup 143M->143M(2292M) 0.048ms
[70.586s][info][gc] GC(350) Concurrent Cycle 10.635ms
[70.820s][info][gc] GC(351) Pause Young (Normal) (G1 Evacuation Pause) 2285M->112M(2296M) 0.962ms
[71.056s][info][gc] GC(352) Pause Young (Normal) (G1 Evacuation Pause) 2000M->113M(2296M) 0.890ms
[71.285s][info][gc] GC(353) Pause Young (Normal) (G1 Evacuation Pause) 1945M->112M(2296M) 0.562ms
[71.517s][info][gc] GC(354) Pause Young (Normal) (G1 Evacuation Pause) 2048M->109M(2296M) 0.685ms
[71.751s][info][gc] GC(355) Pause Young (Normal) (G1 Evacuation Pause) 2169M->109M(2296M) 0.726ms
[71.983s][info][gc] GC(356) Pause Young (Normal) (G1 Evacuation Pause) 1889M->109M(2296M) 0.685ms
[72.215s][info][gc] GC(357) Pause Young (Normal) (G1 Evacuation Pause) 1921M->109M(2296M) 0.824ms
[72.435s][info][gc] GC(358) Pause Young (Normal) (G1 Evacuation Pause) 1821M->106M(2296M) 0.752ms
[72.657s][info][gc] GC(359) Pause Young (Normal) (G1 Evacuation Pause) 1834M->101M(2296M) 0.589ms
[72.884s][info][gc] GC(360) Pause Young (Normal) (G1 Evacuation Pause) 1921M->98M(2296M) 0.734ms
[73.107s][info][gc] GC(361) Pause Young (Normal) (G1 Evacuation Pause) 1686M->96M(2296M) 0.849ms
[73.340s][info][gc] GC(362) Pause Young (Normal) (G1 Evacuation Pause) 1552M->96M(2296M) 0.855ms
[73.571s][info][gc] GC(363) Pause Young (Normal) (G1 Evacuation Pause) 1552M->96M(2296M) 0.520ms
[73.815s][info][gc] GC(364) Pause Young (Normal) (G1 Evacuation Pause) 1552M->98M(2296M) 0.952ms
[74.044s][info][gc] GC(365) Pause Young (Normal) (G1 Evacuation Pause) 1698M->98M(2296M) 0.770ms
[74.270s][info][gc] GC(366) Pause Young (Normal) (G1 Evacuation Pause) 1722M->97M(2296M) 0.615ms
[74.501s][info][gc] GC(367) Pause Young (Normal) (G1 Evacuation Pause) 1553M->97M(2296M) 0.633ms
[74.733s][info][gc] GC(368) Pause Young (Normal) (G1 Evacuation Pause) 1613M->96M(2296M) 0.553ms
[74.982s][info][gc] GC(369) Pause Young (Normal) (G1 Evacuation Pause) 1652M->100M(2296M) 0.882ms
[75.218s][info][gc] GC(370) Pause Young (Normal) (G1 Evacuation Pause) 1600M->101M(2296M) 0.576ms
[75.447s][info][gc] GC(371) Pause Young (Normal) (G1 Evacuation Pause) 1713M->99M(2296M) 1.305ms
[75.668s][info][gc] GC(372) Pause Young (Normal) (G1 Evacuation Pause) 1819M->96M(2296M) 0.830ms
[75.900s][info][gc] GC(373) Pause Young (Normal) (G1 Evacuation Pause) 1540M->96M(2296M) 0.769ms
[76.132s][info][gc] GC(374) Pause Young (Normal) (G1 Evacuation Pause) 1576M->96M(2296M) 0.569ms
[76.363s][info][gc] GC(375) Pause Young (Normal) (G1 Evacuation Pause) 1528M->96M(2296M) 0.782ms
[76.597s][info][gc] GC(376) Pause Young (Normal) (G1 Evacuation Pause) 1564M->96M(2296M) 0.846ms
[76.830s][info][gc] GC(377) Pause Young (Normal) (G1 Evacuation Pause) 1576M->96M(2296M) 0.811ms
[77.061s][info][gc] GC(378) Pause Young (Normal) (G1 Evacuation Pause) 1996M->96M(2296M) 0.622ms
[77.294s][info][gc] GC(379) Pause Young (Normal) (G1 Evacuation Pause) 1516M->96M(2296M) 0.769ms
[77.525s][info][gc] GC(380) Pause Young (Normal) (G1 Evacuation Pause) 1624M->96M(2296M) 0.863ms
[77.757s][info][gc] GC(381) Pause Young (Normal) (G1 Evacuation Pause) 1552M->96M(2296M) 0.823ms
[77.989s][info][gc] GC(382) Pause Young (Normal) (G1 Evacuation Pause) 1576M->96M(2296M) 0.882ms
[78.221s][info][gc] GC(383) Pause Young (Normal) (G1 Evacuation Pause) 1576M->96M(2296M) 0.830ms
[78.458s][info][gc] GC(384) Pause Young (Normal) (G1 Evacuation Pause) 1564M->97M(2296M) 0.887ms
[78.690s][info][gc] GC(385) Pause Young (Normal) (G1 Evacuation Pause) 1605M->97M(2296M) 0.880ms
[78.937s][info][gc] GC(386) Pause Young (Normal) (G1 Evacuation Pause) 1769M->100M(2296M) 0.846ms
[79.162s][info][gc] GC(387) Pause Young (Normal) (G1 Evacuation Pause) 1964M->98M(2296M) 0.924ms
[79.390s][info][gc] GC(388) Pause Young (Normal) (G1 Evacuation Pause) 1602M->97M(2296M) 0.920ms
[79.618s][info][gc] GC(389) Pause Young (Normal) (G1 Evacuation Pause) 1601M->96M(2296M) 0.548ms
[79.852s][info][gc] GC(390) Pause Young (Normal) (G1 Evacuation Pause) 1564M->96M(2296M) 0.888ms
[80.082s][info][gc] GC(391) Pause Young (Normal) (G1 Evacuation Pause) 1516M->96M(2296M) 0.557ms
[80.306s][info][gc] GC(392) Pause Young (Normal) (G1 Evacuation Pause) 2288M->97M(2300M) 1.087ms
[80.537s][info][gc] GC(393) Pause Young (Normal) (G1 Evacuation Pause) 2253M->96M(2300M) 0.985ms
[80.769s][info][gc] GC(394) Pause Young (Normal) (G1 Evacuation Pause) 2156M->96M(2300M) 0.979ms
[81.002s][info][gc] GC(395) Pause Young (Normal) (G1 Evacuation Pause) 2264M->96M(2300M) 0.908ms
[81.208s][info][gc] GC(396) Pause Young (Concurrent Start) (G1 Humongous Allocation) 2044M->89M(2300M) 1.192ms
[81.208s][info][gc] GC(397) Concurrent Cycle
[81.215s][info][gc] GC(397) Pause Remark 149M->149M(2300M) 1.312ms
[81.218s][info][gc] GC(397) Pause Cleanup 165M->165M(2300M) 0.043ms
[81.220s][info][gc] GC(397) Concurrent Cycle 12.805ms
[81.438s][info][gc] GC(398) Pause Young (Concurrent Start) (G1 Humongous Allocation) 2213M->97M(2300M) 1.155ms
[81.438s][info][gc] GC(399) Concurrent Cycle
[81.446s][info][gc] GC(399) Pause Remark 145M->145M(2300M) 1.565ms
[81.448s][info][gc] GC(399) Pause Cleanup 157M->157M(2300M) 0.047ms
[81.451s][info][gc] GC(399) Concurrent Cycle 12.687ms
[81.668s][info][gc] GC(400) Pause Young (Normal) (G1 Evacuation Pause) 1785M->109M(2300M) 0.693ms
[81.895s][info][gc] GC(401) Pause Young (Normal) (G1 Evacuation Pause) 1809M->109M(2300M) 0.574ms
[82.119s][info][gc] GC(402) Pause Young (Normal) (G1 Evacuation Pause) 1669M->105M(2300M) 0.583ms
[82.365s][info][gc] GC(403) Pause Young (Normal) (G1 Evacuation Pause) 1961M->109M(2300M) 0.642ms
[82.595s][info][gc] GC(404) Pause Young (Normal) (G1 Evacuation Pause) 2241M->104M(2300M) 0.651ms
[82.824s][info][gc] GC(405) Pause Young (Normal) (G1 Evacuation Pause) 2116M->103M(2300M) 0.980ms
[83.055s][info][gc] GC(406) Pause Young (Normal) (G1 Evacuation Pause) 1959M->102M(2300M) 0.866ms
[83.277s][info][gc] GC(407) Pause Young (Normal) (G1 Evacuation Pause) 1822M->98M(2300M) 0.817ms
[83.500s][info][gc] GC(408) Pause Young (Normal) (G1 Evacuation Pause) 1546M->96M(2300M) 0.582ms
[83.732s][info][gc] GC(409) Pause Young (Normal) (G1 Evacuation Pause) 1544M->96M(2300M) 0.532ms
[83.964s][info][gc] GC(410) Pause Young (Normal) (G1 Evacuation Pause) 1568M->96M(2300M) 0.542ms
[84.198s][info][gc] GC(411) Pause Young (Normal) (G1 Evacuation Pause) 1580M->96M(2300M) 0.625ms
[84.430s][info][gc] GC(412) Pause Young (Normal) (G1 Evacuation Pause) 1604M->96M(2300M) 0.587ms
[84.665s][info][gc] GC(413) Pause Young (Normal) (G1 Evacuation Pause) 1820M->97M(2300M) 0.599ms
[84.899s][info][gc] GC(414) Pause Young (Normal) (G1 Evacuation Pause) 1617M->97M(2300M) 0.579ms
[85.133s][info][gc] GC(415) Pause Young (Normal) (G1 Evacuation Pause) 1713M->97M(2300M) 0.692ms
[85.362s][info][gc] GC(416) Pause Young (Normal) (G1 Evacuation Pause) 1905M->97M(2300M) 0.653ms
[85.604s][info][gc] GC(417) Pause Young (Normal) (G1 Evacuation Pause) 1725M->99M(2300M) 0.708ms
[85.833s][info][gc] GC(418) Pause Young (Normal) (G1 Evacuation Pause) 1811M->98M(2300M) 0.676ms
[86.061s][info][gc] GC(419) Pause Young (Normal) (G1 Evacuation Pause) 1702M->97M(2300M) 0.848ms
[86.295s][info][gc] GC(420) Pause Young (Normal) (G1 Evacuation Pause) 1929M->97M(2300M) 0.587ms
[86.528s][info][gc] GC(421) Pause Young (Normal) (G1 Evacuation Pause) 1833M->96M(2300M) 0.545ms
[86.761s][info][gc] GC(422) Pause Young (Normal) (G1 Evacuation Pause) 1808M->96M(2300M) 0.591ms
[86.992s][info][gc] GC(423) Pause Young (Normal) (G1 Evacuation Pause) 1772M->96M(2300M) 0.578ms
[87.232s][info][gc] GC(424) Pause Young (Normal) (G1 Evacuation Pause) 2036M->97M(2300M) 1.730ms
[87.465s][info][gc] GC(425) Pause Young (Normal) (G1 Evacuation Pause) 1881M->98M(2300M) 0.713ms
[87.696s][info][gc] GC(426) Pause Young (Normal) (G1 Evacuation Pause) 1738M->98M(2300M) 0.662ms
[87.926s][info][gc] GC(427) Pause Young (Normal) (G1 Evacuation Pause) 1690M->97M(2300M) 0.653ms
[88.164s][info][gc] GC(428) Pause Young (Normal) (G1 Evacuation Pause) 1509M->99M(2300M) 0.660ms
[88.393s][info][gc] GC(429) Pause Young (Normal) (G1 Evacuation Pause) 1799M->97M(2300M) 0.798ms
[88.623s][info][gc] GC(430) Pause Young (Normal) (G1 Evacuation Pause) 1605M->96M(2300M) 0.555ms
[88.860s][info][gc] GC(431) Pause Young (Normal) (G1 Evacuation Pause) 1640M->97M(2300M) 0.616ms
[89.089s][info][gc] GC(432) Pause Young (Normal) (G1 Evacuation Pause) 1821M->96M(2300M) 0.599ms
[89.321s][info][gc] GC(433) Pause Young (Normal) (G1 Evacuation Pause) 1556M->96M(2300M) 0.570ms
[89.555s][info][gc] GC(434) Pause Young (Normal) (G1 Evacuation Pause) 1700M->97M(2300M) 0.605ms
[89.787s][info][gc] GC(435) Pause Young (Normal) (G1 Evacuation Pause) 1665M->96M(2300M) 0.541ms
[90.022s][info][gc] GC(436) Pause Young (Normal) (G1 Evacuation Pause) 1772M->96M(2300M) 0.609ms
[90.252s][info][gc] GC(437) Pause Young (Normal) (G1 Evacuation Pause) 1820M->96M(2300M) 0.578ms
[90.485s][info][gc] GC(438) Pause Young (Normal) (G1 Evacuation Pause) 1580M->97M(2300M) 0.579ms
[90.717s][info][gc] GC(439) Pause Young (Normal) (G1 Evacuation Pause) 1533M->96M(2300M) 0.576ms
[90.951s][info][gc] GC(440) Pause Young (Normal) (G1 Evacuation Pause) 1604M->96M(2300M) 0.559ms
[91.185s][info][gc] GC(441) Pause Young (Normal) (G1 Evacuation Pause) 1784M->96M(2300M) 0.605ms
[91.418s][info][gc] GC(442) Pause Young (Normal) (G1 Evacuation Pause) 1772M->97M(2300M) 0.648ms
[91.651s][info][gc] GC(443) Pause Young (Normal) (G1 Evacuation Pause) 1833M->96M(2300M) 0.616ms
[91.883s][info][gc] GC(444) Pause Young (Normal) (G1 Evacuation Pause) 1580M->97M(2300M) 0.574ms
[92.122s][info][gc] GC(445) Pause Young (Normal) (G1 Evacuation Pause) 1629M->98M(2300M) 0.756ms
[92.349s][info][gc] GC(446) Pause Young (Normal) (G1 Evacuation Pause) 1570M->97M(2300M) 0.825ms
[92.584s][info][gc] GC(447) Pause Young (Normal) (G1 Evacuation Pause) 1581M->97M(2300M) 0.534ms
[92.814s][info][gc] GC(448) Pause Young (Normal) (G1 Evacuation Pause) 1617M->97M(2300M) 0.582ms
[93.047s][info][gc] GC(449) Pause Young (Normal) (G1 Evacuation Pause) 1521M->97M(2300M) 0.586ms
[93.281s][info][gc] GC(450) Pause Young (Normal) (G1 Evacuation Pause) 1629M->97M(2300M) 0.602ms
[93.514s][info][gc] GC(451) Pause Young (Normal) (G1 Evacuation Pause) 1569M->97M(2300M) 0.560ms
[93.749s][info][gc] GC(452) Pause Young (Normal) (G1 Evacuation Pause) 1569M->97M(2300M) 0.618ms
[93.981s][info][gc] GC(453) Pause Young (Normal) (G1 Evacuation Pause) 1485M->97M(2300M) 0.571ms
[94.220s][info][gc] GC(454) Pause Young (Normal) (G1 Evacuation Pause) 1593M->98M(2300M) 0.704ms
[94.483s][info][gc] GC(455) Pause Young (Normal) (G1 Evacuation Pause) 1622M->104M(2300M) 0.588ms
[94.713s][info][gc] GC(456) Pause Young (Normal) (G1 Evacuation Pause) 1708M->105M(2300M) 0.634ms
[94.938s][info][gc] GC(457) Pause Young (Normal) (G1 Evacuation Pause) 1613M->101M(2300M) 0.610ms
[95.166s][info][gc] GC(458) Pause Young (Normal) (G1 Evacuation Pause) 2121M->100M(2300M) 0.927ms
[95.391s][info][gc] GC(459) Pause Young (Normal) (G1 Evacuation Pause) 1916M->97M(2300M) 0.647ms
[95.626s][info][gc] GC(460) Pause Young (Normal) (G1 Evacuation Pause) 1833M->98M(2300M) 0.733ms
[95.852s][info][gc] GC(461) Pause Young (Normal) (G1 Evacuation Pause) 1606M->97M(2300M) 0.553ms
[96.085s][info][gc] GC(462) Pause Young (Normal) (G1 Evacuation Pause) 1581M->96M(2300M) 0.534ms
[96.318s][info][gc] GC(463) Pause Young (Normal) (G1 Evacuation Pause) 1568M->96M(2300M) 0.610ms
[96.568s][info][gc] GC(464) Pause Young (Normal) (G1 Evacuation Pause) 1764M->101M(2300M) 0.615ms
[96.793s][info][gc] GC(465) Pause Young (Normal) (G1 Evacuation Pause) 1681M->98M(2300M) 0.852ms
[97.019s][info][gc] GC(466) Pause Young (Normal) (G1 Evacuation Pause) 1654M->97M(2300M) 0.918ms
[97.251s][info][gc] GC(467) Pause Young (Normal) (G1 Evacuation Pause) 1593M->96M(2300M) 0.835ms
[97.485s][info][gc] GC(468) Pause Young (Normal) (G1 Evacuation Pause) 1628M->96M(2300M) 0.985ms
[97.717s][info][gc] GC(469) Pause Young (Normal) (G1 Evacuation Pause) 1520M->97M(2300M) 1.082ms
[97.951s][info][gc] GC(470) Pause Young (Normal) (G1 Evacuation Pause) 1497M->96M(2300M) 0.790ms
[98.183s][info][gc] GC(471) Pause Young (Normal) (G1 Evacuation Pause) 1532M->96M(2300M) 0.549ms
[98.418s][info][gc] GC(472) Pause Young (Normal) (G1 Evacuation Pause) 1580M->97M(2300M) 0.633ms
[98.648s][info][gc] GC(473) Pause Young (Normal) (G1 Evacuation Pause) 1665M->96M(2300M) 0.678ms
[98.881s][info][gc] GC(474) Pause Young (Normal) (G1 Evacuation Pause) 1688M->97M(2300M) 0.602ms
[99.113s][info][gc] GC(475) Pause Young (Normal) (G1 Evacuation Pause) 1749M->96M(2300M) 0.627ms
[99.346s][info][gc] GC(476) Pause Young (Normal) (G1 Evacuation Pause) 1616M->97M(2300M) 0.585ms
[99.579s][info][gc] GC(477) Pause Young (Normal) (G1 Evacuation Pause) 1509M->96M(2300M) 0.546ms
[99.812s][info][gc] GC(478) Pause Young (Normal) (G1 Evacuation Pause) 1808M->96M(2300M) 0.870ms
[100.043s][info][gc] GC(479) Pause Young (Normal) (G1 Evacuation Pause) 1700M->96M(2300M) 0.570ms
[100.277s][info][gc] GC(480) Pause Young (Normal) (G1 Evacuation Pause) 1688M->96M(2300M) 0.532ms
[100.517s][info][gc] GC(481) Pause Young (Normal) (G1 Evacuation Pause) 1604M->98M(2300M) 0.653ms
[100.764s][info][gc] GC(482) Pause Young (Normal) (G1 Evacuation Pause) 1706M->101M(2300M) 0.667ms
[100.997s][info][gc] GC(483) Pause Young (Normal) (G1 Evacuation Pause) 1833M->101M(2300M) 0.616ms
[101.237s][info][gc] GC(484) Pause Young (Normal) (G1 Evacuation Pause) 1665M->101M(2300M) 0.648ms
[101.465s][info][gc] GC(485) Pause Young (Normal) (G1 Evacuation Pause) 1581M->100M(2300M) 0.565ms
[101.702s][info][gc] GC(486) Pause Young (Normal) (G1 Evacuation Pause) 1600M->101M(2300M) 0.594ms
[101.927s][info][gc] GC(487) Pause Young (Normal) (G1 Evacuation Pause) 1557M->98M(2300M) 0.638ms
[102.155s][info][gc] GC(488) Pause Young (Normal) (G1 Evacuation Pause) 1726M->97M(2300M) 0.657ms
[102.385s][info][gc] GC(489) Pause Young (Normal) (G1 Evacuation Pause) 1749M->97M(2300M) 0.614ms
[102.618s][info][gc] GC(490) Pause Young (Normal) (G1 Evacuation Pause) 1593M->96M(2300M) 0.552ms
[102.851s][info][gc] GC(491) Pause Young (Normal) (G1 Evacuation Pause) 1688M->97M(2300M) 0.604ms
[103.087s][info][gc] GC(492) Pause Young (Normal) (G1 Evacuation Pause) 1689M->97M(2300M) 0.598ms
[103.316s][info][gc] GC(493) Pause Young (Normal) (G1 Evacuation Pause) 1725M->96M(2300M) 0.557ms
[103.550s][info][gc] GC(494) Pause Young (Normal) (G1 Evacuation Pause) 1568M->97M(2300M) 0.550ms
[103.814s][info][gc] GC(495) Pause Young (Normal) (G1 Evacuation Pause) 1761M->105M(2300M) 0.660ms
[104.037s][info][gc] GC(496) Pause Young (Normal) (G1 Evacuation Pause) 1633M->101M(2300M) 0.553ms
[104.266s][info][gc] GC(497) Pause Young (Normal) (G1 Evacuation Pause) 1737M->98M(2300M) 1.155ms
[104.499s][info][gc] GC(498) Pause Young (Normal) (G1 Evacuation Pause) 1994M->99M(2300M) 0.849ms
[104.722s][info][gc] GC(499) Pause Young (Normal) (G1 Evacuation Pause) 1631M->97M(2300M) 0.604ms
[104.953s][info][gc] GC(500) Pause Young (Normal) (G1 Evacuation Pause) 1641M->96M(2300M) 0.530ms
[105.186s][info][gc] GC(501) Pause Young (Normal) (G1 Evacuation Pause) 1544M->97M(2300M) 0.569ms
[105.423s][info][gc] GC(502) Pause Young (Normal) (G1 Evacuation Pause) 1557M->98M(2300M) 0.678ms
[105.651s][info][gc] GC(503) Pause Young (Normal) (G1 Evacuation Pause) 1618M->96M(2300M) 0.565ms
[105.885s][info][gc] GC(504) Pause Young (Normal) (G1 Evacuation Pause) 1568M->97M(2300M) 0.537ms
[106.117s][info][gc] GC(505) Pause Young (Normal) (G1 Evacuation Pause) 1509M->97M(2300M) 0.592ms
[106.350s][info][gc] GC(506) Pause Young (Normal) (G1 Evacuation Pause) 1557M->96M(2300M) 0.524ms
[106.583s][info][gc] GC(507) Pause Young (Normal) (G1 Evacuation Pause) 1616M->96M(2300M) 0.516ms
[106.815s][info][gc] GC(508) Pause Young (Normal) (G1 Evacuation Pause) 1568M->97M(2300M) 0.538ms
[107.047s][info][gc] GC(509) Pause Young (Normal) (G1 Evacuation Pause) 1521M->97M(2300M) 0.544ms
[107.280s][info][gc] GC(510) Pause Young (Normal) (G1 Evacuation Pause) 1557M->97M(2300M) 0.554ms
[107.513s][info][gc] GC(511) Pause Young (Normal) (G1 Evacuation Pause) 1533M->97M(2300M) 0.564ms
[107.746s][info][gc] GC(512) Pause Young (Normal) (G1 Evacuation Pause) 1581M->97M(2300M) 0.562ms
[107.978s][info][gc] GC(513) Pause Young (Normal) (G1 Evacuation Pause) 1581M->97M(2300M) 0.518ms
[108.211s][info][gc] GC(514) Pause Young (Normal) (G1 Evacuation Pause) 1617M->96M(2300M) 0.493ms
[108.443s][info][gc] GC(515) Pause Young (Normal) (G1 Evacuation Pause) 1568M->97M(2300M) 0.535ms
[108.678s][info][gc] GC(516) Pause Young (Normal) (G1 Evacuation Pause) 1605M->97M(2300M) 0.553ms
[108.914s][info][gc] GC(517) Pause Young (Normal) (G1 Evacuation Pause) 1593M->97M(2300M) 0.658ms
[109.144s][info][gc] GC(518) Pause Young (Normal) (G1 Evacuation Pause) 1581M->97M(2300M) 0.623ms
[109.378s][info][gc] GC(519) Pause Young (Normal) (G1 Evacuation Pause) 1605M->97M(2300M) 0.629ms
[109.610s][info][gc] GC(520) Pause Young (Normal) (G1 Evacuation Pause) 1521M->97M(2300M) 0.571ms
[109.844s][info][gc] GC(521) Pause Young (Normal) (G1 Evacuation Pause) 1509M->97M(2300M) 0.578ms
[110.074s][info][gc] GC(522) Pause Young (Normal) (G1 Evacuation Pause) 1725M->97M(2300M) 0.651ms
[110.306s][info][gc] GC(523) Pause Young (Normal) (G1 Evacuation Pause) 1557M->96M(2300M) 0.820ms
[110.539s][info][gc] GC(524) Pause Young (Normal) (G1 Evacuation Pause) 1592M->96M(2300M) 0.556ms
[110.770s][info][gc] GC(525) Pause Young (Normal) (G1 Evacuation Pause) 1628M->96M(2300M) 0.552ms
[111.003s][info][gc] GC(526) Pause Young (Normal) (G1 Evacuation Pause) 1592M->96M(2300M) 0.501ms
[111.239s][info][gc] GC(527) Pause Young (Normal) (G1 Evacuation Pause) 1592M->97M(2300M) 0.866ms
[111.475s][info][gc] GC(528) Pause Young (Normal) (G1 Evacuation Pause) 1545M->97M(2300M) 0.566ms
[111.705s][info][gc] GC(529) Pause Young (Normal) (G1 Evacuation Pause) 1665M->97M(2300M) 0.637ms
[111.940s][info][gc] GC(530) Pause Young (Normal) (G1 Evacuation Pause) 1689M->98M(2300M) 0.863ms
[112.171s][info][gc] GC(531) Pause Young (Normal) (G1 Evacuation Pause) 1774M->97M(2300M) 0.635ms
[112.405s][info][gc] GC(532) Pause Young (Normal) (G1 Evacuation Pause) 1761M->97M(2300M) 0.629ms
[112.642s][info][gc] GC(533) Pause Young (Normal) (G1 Evacuation Pause) 1617M->98M(2300M) 0.669ms
[112.867s][info][gc] GC(534) Pause Young (Normal) (G1 Evacuation Pause) 1702M->97M(2300M) 0.561ms
[113.099s][info][gc] GC(535) Pause Young (Normal) (G1 Evacuation Pause) 1581M->97M(2300M) 0.563ms
[113.331s][info][gc] GC(536) Pause Young (Normal) (G1 Evacuation Pause) 1509M->96M(2300M) 0.540ms
[113.580s][info][gc] GC(537) Pause Young (Normal) (G1 Evacuation Pause) 1656M->101M(2300M) 0.593ms
[113.828s][info][gc] GC(538) Pause Young (Normal) (G1 Evacuation Pause) 1765M->108M(2300M) 0.577ms
[114.058s][info][gc] GC(539) Pause Young (Normal) (G1 Evacuation Pause) 1696M->101M(2300M) 0.594ms
[114.288s][info][gc] GC(540) Pause Young (Normal) (G1 Evacuation Pause) 1725M->101M(2300M) 0.605ms
[114.517s][info][gc] GC(541) Pause Young (Normal) (G1 Evacuation Pause) 1649M->99M(2300M) 0.641ms
[114.749s][info][gc] GC(542) Pause Young (Normal) (G1 Evacuation Pause) 1775M->98M(2300M) 0.705ms
[114.979s][info][gc] GC(543) Pause Young (Normal) (G1 Evacuation Pause) 1606M->98M(2300M) 0.634ms
[115.222s][info][gc] GC(544) Pause Young (Normal) (G1 Evacuation Pause) 1634M->101M(2300M) 0.557ms
[115.446s][info][gc] GC(545) Pause Young (Normal) (G1 Evacuation Pause) 1661M->97M(2300M) 0.648ms
[115.675s][info][gc] GC(546) Pause Young (Normal) (G1 Evacuation Pause) 1617M->97M(2300M) 0.568ms
[115.907s][info][gc] GC(547) Pause Young (Normal) (G1 Evacuation Pause) 1557M->96M(2300M) 0.542ms
[116.138s][info][gc] GC(548) Pause Young (Normal) (G1 Evacuation Pause) 1568M->97M(2300M) 0.589ms
[116.371s][info][gc] GC(549) Pause Young (Normal) (G1 Evacuation Pause) 1593M->97M(2300M) 0.547ms
[116.604s][info][gc] GC(550) Pause Young (Normal) (G1 Evacuation Pause) 1665M->96M(2300M) 0.556ms
[116.836s][info][gc] GC(551) Pause Young (Normal) (G1 Evacuation Pause) 1688M->96M(2300M) 0.872ms
[117.068s][info][gc] GC(552) Pause Young (Normal) (G1 Evacuation Pause) 1580M->96M(2300M) 0.540ms
[117.308s][info][gc] GC(553) Pause Young (Normal) (G1 Evacuation Pause) 1820M->98M(2300M) 0.646ms
[117.534s][info][gc] GC(554) Pause Young (Normal) (G1 Evacuation Pause) 1654M->97M(2300M) 0.592ms
[117.775s][info][gc] GC(555) Pause Young (Normal) (G1 Evacuation Pause) 1665M->98M(2300M) 0.667ms
[118.006s][info][gc] GC(556) Pause Young (Normal) (G1 Evacuation Pause) 1714M->97M(2300M) 0.679ms
[118.243s][info][gc] GC(557) Pause Young (Normal) (G1 Evacuation Pause) 1941M->100M(2300M) 0.823ms
[118.466s][info][gc] GC(558) Pause Young (Normal) (G1 Evacuation Pause) 1524M->96M(2300M) 0.535ms
[118.699s][info][gc] GC(559) Pause Young (Normal) (G1 Evacuation Pause) 1568M->97M(2300M) 0.514ms
[118.932s][info][gc] GC(560) Pause Young (Normal) (G1 Evacuation Pause) 1677M->97M(2300M) 0.630ms
[119.164s][info][gc] GC(561) Pause Young (Normal) (G1 Evacuation Pause) 1581M->97M(2300M) 0.638ms
[119.397s][info][gc] GC(562) Pause Young (Normal) (G1 Evacuation Pause) 1701M->96M(2300M) 0.895ms
[119.637s][info][gc] GC(563) Pause Young (Normal) (G1 Evacuation Pause) 1916M->98M(2300M) 0.689ms
[119.872s][info][gc] GC(564) Pause Young (Normal) (G1 Evacuation Pause) 2086M->98M(2300M) 0.691ms
[120.096s][info][gc] GC(565) Pause Young (Normal) (G1 Evacuation Pause) 1774M->97M(2300M) 0.607ms
[120.329s][info][gc] GC(566) Pause Young (Normal) (G1 Evacuation Pause) 1605M->97M(2300M) 0.835ms
[120.563s][info][gc] GC(567) Pause Young (Normal) (G1 Evacuation Pause) 1689M->97M(2300M) 0.599ms
[120.795s][info][gc] GC(568) Pause Young (Normal) (G1 Evacuation Pause) 1713M->97M(2300M) 0.578ms
[121.045s][info][gc] GC(569) Pause Young (Normal) (G1 Evacuation Pause) 1801M->99M(2300M) 1.032ms
[121.312s][info][gc] GC(570) Pause Young (Normal) (G1 Evacuation Pause) 2059M->106M(2300M) 0.706ms
[121.567s][info][gc] GC(571) Pause Young (Normal) (G1 Evacuation Pause) 2306M->110M(2316M) 1.122ms
[121.800s][info][gc] GC(572) Pause Young (Normal) (G1 Evacuation Pause) 1998M->109M(2316M) 0.633ms
[122.030s][info][gc] GC(573) Pause Young (Normal) (G1 Evacuation Pause) 1865M->109M(2316M) 0.587ms
[122.256s][info][gc] GC(574) Pause Young (Normal) (G1 Evacuation Pause) 1649M->109M(2316M) 0.556ms
[122.486s][info][gc] GC(575) Pause Young (Normal) (G1 Evacuation Pause) 1685M->105M(2316M) 0.840ms
[122.720s][info][gc] GC(576) Pause Young (Normal) (G1 Evacuation Pause) 1849M->105M(2316M) 0.594ms
[122.950s][info][gc] GC(577) Pause Young (Normal) (G1 Evacuation Pause) 1789M->106M(2316M) 0.959ms
[123.175s][info][gc] GC(578) Pause Young (Normal) (G1 Evacuation Pause) 1618M->101M(2316M) 0.631ms
[123.404s][info][gc] GC(579) Pause Young (Normal) (G1 Evacuation Pause) 1629M->99M(2316M) 1.086ms
[123.658s][info][gc] GC(580) Pause Young (Normal) (G1 Evacuation Pause) 1663M->97M(2316M) 0.649ms
[123.899s][info][gc] GC(581) Pause Young (Normal) (G1 Evacuation Pause) 1577M->97M(2316M) 1.953ms
[124.160s][info][gc] GC(582) Pause Young (Concurrent Start) (G1 Humongous Allocation) 2041M->101M(2316M) 4.281ms
[124.160s][info][gc] GC(583) Concurrent Cycle
[124.183s][info][gc] GC(583) Pause Remark 135M->135M(2316M) 7.126ms
[124.186s][info][gc] GC(583) Pause Cleanup 139M->139M(2316M) 0.066ms
[124.189s][info][gc] GC(583) Concurrent Cycle 28.921ms
[124.474s][info][gc] GC(584) Pause Young (Concurrent Start) (G1 Humongous Allocation) 2237M->109M(2316M) 1.453ms
[124.474s][info][gc] GC(585) Concurrent Cycle
[124.483s][info][gc] GC(585) Pause Remark 167M->167M(2316M) 1.700ms
[124.485s][info][gc] GC(585) Pause Cleanup 181M->181M(2316M) 0.066ms
[124.488s][info][gc] GC(585) Concurrent Cycle 14.012ms
[124.636s][info][gc] GC(586) Pause Young (Concurrent Start) (G1 Humongous Allocation) 1895M->109M(2316M) 1.071ms
[124.636s][info][gc] GC(587) Concurrent Cycle
[124.644s][info][gc] GC(587) Pause Remark 181M->181M(2316M) 1.587ms
[124.646s][info][gc] GC(587) Pause Cleanup 193M->193M(2316M) 0.046ms
[124.648s][info][gc] GC(587) Concurrent Cycle 11.791ms
[124.823s][info][gc] GC(588) Pause Young (Concurrent Start) (G1 Humongous Allocation) 1961M->109M(2316M) 1.251ms
[124.823s][info][gc] GC(589) Concurrent Cycle
[124.830s][info][gc] GC(589) Pause Remark 151M->151M(2316M) 1.504ms
[124.832s][info][gc] GC(589) Pause Cleanup 159M->159M(2316M) 0.041ms
[124.834s][info][gc] GC(589) Concurrent Cycle 11.052ms
[125.064s][info][gc] GC(590) Pause Young (Normal) (G1 Evacuation Pause) 1889M->121M(2316M) 0.760ms
[125.294s][info][gc] GC(591) Pause Young (Normal) (G1 Evacuation Pause) 1793M->121M(2316M) 0.663ms
[125.530s][info][gc] GC(592) Pause Young (Normal) (G1 Evacuation Pause) 1913M->121M(2316M) 0.996ms
[125.775s][info][gc] GC(593) Pause Young (Normal) (G1 Evacuation Pause) 1961M->121M(2316M) 0.678ms
[126.008s][info][gc] GC(594) Pause Young (Normal) (G1 Evacuation Pause) 1901M->121M(2316M) 0.973ms
[126.235s][info][gc] GC(595) Pause Young (Normal) (G1 Evacuation Pause) 1961M->121M(2316M) 0.731ms
[126.463s][info][gc] GC(596) Pause Young (Normal) (G1 Evacuation Pause) 1745M->121M(2316M) 0.733ms
[126.693s][info][gc] GC(597) Pause Young (Normal) (G1 Evacuation Pause) 1673M->117M(2316M) 0.667ms
[126.924s][info][gc] GC(598) Pause Young (Normal) (G1 Evacuation Pause) 1909M->121M(2316M) 0.680ms
[127.163s][info][gc] GC(599) Pause Young (Normal) (G1 Evacuation Pause) 2301M->117M(2316M) 0.843ms
[127.391s][info][gc] GC(600) Pause Young (Normal) (G1 Evacuation Pause) 2321M->117M(2332M) 0.830ms
[127.625s][info][gc] GC(601) Pause Young (Normal) (G1 Evacuation Pause) 2193M->113M(2332M) 0.675ms
[127.858s][info][gc] GC(602) Pause Young (Normal) (G1 Evacuation Pause) 1889M->113M(2332M) 0.625ms
[128.086s][info][gc] GC(603) Pause Young (Normal) (G1 Evacuation Pause) 1773M->110M(2332M) 0.757ms
[128.310s][info][gc] GC(604) Pause Young (Normal) (G1 Evacuation Pause) 1886M->109M(2332M) 0.606ms
[128.539s][info][gc] GC(605) Pause Young (Normal) (G1 Evacuation Pause) 1681M->109M(2332M) 0.570ms
[128.766s][info][gc] GC(606) Pause Young (Normal) (G1 Evacuation Pause) 1621M->109M(2332M) 0.586ms
[128.994s][info][gc] GC(607) Pause Young (Normal) (G1 Evacuation Pause) 1693M->109M(2332M) 0.607ms
[129.222s][info][gc] GC(608) Pause Young (Normal) (G1 Evacuation Pause) 1633M->109M(2332M) 0.622ms
[129.451s][info][gc] GC(609) Pause Young (Normal) (G1 Evacuation Pause) 1765M->109M(2332M) 0.611ms
[129.680s][info][gc] GC(610) Pause Young (Normal) (G1 Evacuation Pause) 1681M->109M(2332M) 0.654ms
[129.911s][info][gc] GC(611) Pause Young (Normal) (G1 Evacuation Pause) 1857M->105M(2332M) 0.634ms
[130.142s][info][gc] GC(612) Pause Young (Normal) (G1 Evacuation Pause) 1969M->105M(2332M) 0.670ms
[130.371s][info][gc] GC(613) Pause Young (Normal) (G1 Evacuation Pause) 1941M->105M(2332M) 0.640ms
[130.604s][info][gc] GC(614) Pause Young (Normal) (G1 Evacuation Pause) 2113M->101M(2332M) 0.662ms
[130.837s][info][gc] GC(615) Pause Young (Normal) (G1 Evacuation Pause) 1837M->101M(2332M) 0.646ms
[131.080s][info][gc] GC(616) Pause Young (Normal) (G1 Evacuation Pause) 2005M->101M(2332M) 0.642ms
[131.341s][info][gc] GC(617) Pause Young (Normal) (G1 Evacuation Pause) 1929M->105M(2332M) 0.628ms
[131.575s][info][gc] GC(618) Pause Young (Normal) (G1 Evacuation Pause) 1941M->105M(2332M) 0.622ms
[131.803s][info][gc] GC(619) Pause Young (Normal) (G1 Evacuation Pause) 1665M->105M(2332M) 0.602ms
[132.032s][info][gc] GC(620) Pause Young (Normal) (G1 Evacuation Pause) 1769M->101M(2332M) 0.579ms
[132.265s][info][gc] GC(621) Pause Young (Normal) (G1 Evacuation Pause) 1733M->101M(2332M) 0.602ms
[132.498s][info][gc] GC(622) Pause Young (Normal) (G1 Evacuation Pause) 1945M->99M(2332M) 0.722ms
[132.722s][info][gc] GC(623) Pause Young (Normal) (G1 Evacuation Pause) 1791M->109M(2332M) 0.600ms
[132.957s][info][gc] GC(624) Pause Young (Normal) (G1 Evacuation Pause) 1765M->97M(2332M) 0.599ms
[133.192s][info][gc] GC(625) Pause Young (Normal) (G1 Evacuation Pause) 1681M->97M(2332M) 0.652ms
[133.428s][info][gc] GC(626) Pause Young (Normal) (G1 Evacuation Pause) 1573M->97M(2332M) 0.560ms
[133.663s][info][gc] GC(627) Pause Young (Normal) (G1 Evacuation Pause) 1837M->97M(2332M) 0.602ms
[133.899s][info][gc] GC(628) Pause Young (Normal) (G1 Evacuation Pause) 1537M->97M(2332M) 0.582ms
[134.134s][info][gc] GC(629) Pause Young (Normal) (G1 Evacuation Pause) 1585M->97M(2332M) 0.571ms
[134.369s][info][gc] GC(630) Pause Young (Normal) (G1 Evacuation Pause) 1729M->97M(2332M) 0.629ms
[134.605s][info][gc] GC(631) Pause Young (Normal) (G1 Evacuation Pause) 1669M->97M(2332M) 0.576ms
[134.840s][info][gc] GC(632) Pause Young (Normal) (G1 Evacuation Pause) 1741M->97M(2332M) 0.579ms
[135.079s][info][gc] GC(633) Pause Young (Normal) (G1 Evacuation Pause) 1753M->97M(2332M) 0.645ms
[135.314s][info][gc] GC(634) Pause Young (Normal) (G1 Evacuation Pause) 1837M->97M(2332M) 0.615ms
[135.547s][info][gc] GC(635) Pause Young (Normal) (G1 Evacuation Pause) 1681M->97M(2332M) 0.583ms
[135.792s][info][gc] GC(636) Pause Young (Normal) (G1 Evacuation Pause) 1765M->98M(2332M) 0.617ms
[136.032s][info][gc] GC(637) Pause Young (Normal) (G1 Evacuation Pause) 1862M->100M(2332M) 0.944ms
[136.258s][info][gc] GC(638) Pause Young (Normal) (G1 Evacuation Pause) 1908M->97M(2332M) 0.684ms
[136.491s][info][gc] GC(639) Pause Young (Normal) (G1 Evacuation Pause) 1897M->97M(2332M) 0.611ms
[136.728s][info][gc] GC(640) Pause Young (Normal) (G1 Evacuation Pause) 1933M->97M(2332M) 0.639ms
[136.968s][info][gc] GC(641) Pause Young (Normal) (G1 Evacuation Pause) 1753M->98M(2332M) 0.663ms
[137.206s][info][gc] GC(642) Pause Young (Normal) (G1 Evacuation Pause) 1886M->98M(2332M) 0.655ms
[137.437s][info][gc] GC(643) Pause Young (Normal) (G1 Evacuation Pause) 1862M->97M(2332M) 0.639ms
[137.671s][info][gc] GC(644) Pause Young (Normal) (G1 Evacuation Pause) 1813M->97M(2332M) 0.587ms
[137.907s][info][gc] GC(645) Pause Young (Normal) (G1 Evacuation Pause) 1681M->97M(2332M) 0.776ms
[138.142s][info][gc] GC(646) Pause Young (Normal) (G1 Evacuation Pause) 1705M->97M(2332M) 0.587ms
[138.377s][info][gc] GC(647) Pause Young (Normal) (G1 Evacuation Pause) 1633M->97M(2332M) 0.549ms
[138.613s][info][gc] GC(648) Pause Young (Normal) (G1 Evacuation Pause) 1621M->97M(2332M) 0.840ms
[138.848s][info][gc] GC(649) Pause Young (Normal) (G1 Evacuation Pause) 1549M->97M(2332M) 0.797ms
[139.084s][info][gc] GC(650) Pause Young (Normal) (G1 Evacuation Pause) 1549M->97M(2332M) 0.611ms
[139.320s][info][gc] GC(651) Pause Young (Normal) (G1 Evacuation Pause) 1561M->97M(2332M) 0.961ms
[139.564s][info][gc] GC(652) Pause Young (Normal) (G1 Evacuation Pause) 1597M->99M(2332M) 0.791ms
[139.791s][info][gc] GC(653) Pause Young (Normal) (G1 Evacuation Pause) 1647M->97M(2332M) 0.609ms
[140.026s][info][gc] GC(654) Pause Young (Normal) (G1 Evacuation Pause) 1585M->97M(2332M) 0.578ms
[140.262s][info][gc] GC(655) Pause Young (Normal) (G1 Evacuation Pause) 1621M->97M(2332M) 0.557ms
[140.498s][info][gc] GC(656) Pause Young (Normal) (G1 Evacuation Pause) 1513M->97M(2332M) 0.513ms
[140.733s][info][gc] GC(657) Pause Young (Normal) (G1 Evacuation Pause) 1585M->97M(2332M) 0.549ms
[140.969s][info][gc] GC(658) Pause Young (Normal) (G1 Evacuation Pause) 1561M->97M(2332M) 0.870ms
[141.204s][info][gc] GC(659) Pause Young (Normal) (G1 Evacuation Pause) 1549M->97M(2332M) 0.513ms
[141.439s][info][gc] GC(660) Pause Young (Normal) (G1 Evacuation Pause) 1573M->97M(2332M) 0.572ms
[141.674s][info][gc] GC(661) Pause Young (Normal) (G1 Evacuation Pause) 1513M->97M(2332M) 0.576ms
[141.909s][info][gc] GC(662) Pause Young (Normal) (G1 Evacuation Pause) 1537M->97M(2332M) 0.549ms
[142.145s][info][gc] GC(663) Pause Young (Normal) (G1 Evacuation Pause) 1525M->97M(2332M) 0.607ms
[142.380s][info][gc] GC(664) Pause Young (Normal) (G1 Evacuation Pause) 1561M->97M(2332M) 0.556ms
[142.615s][info][gc] GC(665) Pause Young (Normal) (G1 Evacuation Pause) 1573M->97M(2332M) 0.572ms
[142.850s][info][gc] GC(666) Pause Young (Normal) (G1 Evacuation Pause) 1573M->97M(2332M) 0.564ms
[143.085s][info][gc] GC(667) Pause Young (Normal) (G1 Evacuation Pause) 1513M->97M(2332M) 0.567ms
[143.321s][info][gc] GC(668) Pause Young (Normal) (G1 Evacuation Pause) 1609M->97M(2332M) 0.647ms
[143.556s][info][gc] GC(669) Pause Young (Normal) (G1 Evacuation Pause) 1621M->97M(2332M) 0.569ms
[143.791s][info][gc] GC(670) Pause Young (Normal) (G1 Evacuation Pause) 1561M->97M(2332M) 0.553ms
[144.027s][info][gc] GC(671) Pause Young (Normal) (G1 Evacuation Pause) 1537M->97M(2332M) 1.321ms
[144.280s][info][gc] GC(672) Pause Young (Normal) (G1 Evacuation Pause) 2325M->100M(2340M) 1.472ms
[144.462s][info][gc] GC(673) Pause Young (Concurrent Start) (G1 Humongous Allocation) 2126M->90M(2340M) 0.972ms
[144.462s][info][gc] GC(674) Concurrent Cycle
[144.469s][info][gc] GC(674) Pause Remark 136M->136M(2340M) 1.404ms
[144.471s][info][gc] GC(674) Pause Cleanup 160M->160M(2340M) 0.049ms
[144.474s][info][gc] GC(674) Concurrent Cycle 11.352ms
[144.674s][info][gc] GC(675) Pause Young (Concurrent Start) (G1 Humongous Allocation) 2200M->91M(2340M) 1.143ms
[144.674s][info][gc] GC(676) Concurrent Cycle
[144.681s][info][gc] GC(676) Pause Remark 150M->150M(2340M) 1.657ms
[144.683s][info][gc] GC(676) Pause Cleanup 171M->171M(2340M) 0.044ms
[144.685s][info][gc] GC(676) Concurrent Cycle 11.229ms
[144.898s][info][gc] GC(677) Pause Young (Normal) (G1 Evacuation Pause) 1835M->101M(2340M) 0.784ms
[145.124s][info][gc] GC(678) Pause Young (Normal) (G1 Evacuation Pause) 1641M->98M(2340M) 0.658ms
[145.357s][info][gc] GC(679) Pause Young (Normal) (G1 Evacuation Pause) 1618M->97M(2340M) 0.550ms
[145.594s][info][gc] GC(680) Pause Young (Normal) (G1 Evacuation Pause) 1545M->97M(2340M) 0.535ms
[145.831s][info][gc] GC(681) Pause Young (Normal) (G1 Evacuation Pause) 1605M->97M(2340M) 0.589ms
[146.067s][info][gc] GC(682) Pause Young (Normal) (G1 Evacuation Pause) 1581M->97M(2340M) 0.560ms
[146.304s][info][gc] GC(683) Pause Young (Normal) (G1 Evacuation Pause) 1557M->97M(2340M) 0.586ms
[146.543s][info][gc] GC(684) Pause Young (Normal) (G1 Evacuation Pause) 1629M->97M(2340M) 0.585ms
[146.779s][info][gc] GC(685) Pause Young (Normal) (G1 Evacuation Pause) 1569M->97M(2340M) 0.577ms
[147.017s][info][gc] GC(686) Pause Young (Normal) (G1 Evacuation Pause) 1545M->97M(2340M) 0.586ms
[147.251s][info][gc] GC(687) Pause Young (Normal) (G1 Evacuation Pause) 1569M->97M(2340M) 0.534ms
[147.488s][info][gc] GC(688) Pause Young (Normal) (G1 Evacuation Pause) 1713M->97M(2340M) 0.606ms
[147.724s][info][gc] GC(689) Pause Young (Normal) (G1 Evacuation Pause) 1593M->97M(2340M) 0.599ms
[147.963s][info][gc] GC(690) Pause Young (Normal) (G1 Evacuation Pause) 1605M->97M(2340M) 0.831ms
[148.201s][info][gc] GC(691) Pause Young (Normal) (G1 Evacuation Pause) 1641M->97M(2340M) 0.902ms
[148.446s][info][gc] GC(692) Pause Young (Normal) (G1 Evacuation Pause) 2301M->98M(2340M) 0.759ms
[148.684s][info][gc] GC(693) Pause Young (Normal) (G1 Evacuation Pause) 1774M->98M(2340M) 0.787ms
[148.920s][info][gc] GC(694) Pause Young (Normal) (G1 Evacuation Pause) 1582M->99M(2340M) 0.779ms
[149.157s][info][gc] GC(695) Pause Young (Normal) (G1 Evacuation Pause) 1631M->99M(2340M) 0.733ms
[149.394s][info][gc] GC(696) Pause Young (Normal) (G1 Evacuation Pause) 1583M->99M(2340M) 0.738ms
[149.634s][info][gc] GC(697) Pause Young (Normal) (G1 Evacuation Pause) 1895M->99M(2340M) 0.733ms
[149.859s][info][gc] GC(698) Pause Young (Normal) (G1 Evacuation Pause) 2003M->97M(2340M) 0.658ms
[150.097s][info][gc] GC(699) Pause Young (Normal) (G1 Evacuation Pause) 1581M->97M(2340M) 0.552ms
[150.335s][info][gc] GC(700) Pause Young (Normal) (G1 Evacuation Pause) 1629M->97M(2340M) 0.863ms
[150.573s][info][gc] GC(701) Pause Young (Normal) (G1 Evacuation Pause) 1677M->97M(2340M) 0.556ms
[150.808s][info][gc] GC(702) Pause Young (Normal) (G1 Evacuation Pause) 1617M->97M(2340M) 0.567ms
[151.044s][info][gc] GC(703) Pause Young (Normal) (G1 Evacuation Pause) 1521M->97M(2340M) 0.560ms
[151.281s][info][gc] GC(704) Pause Young (Normal) (G1 Evacuation Pause) 1533M->97M(2340M) 0.549ms
[151.517s][info][gc] GC(705) Pause Young (Normal) (G1 Evacuation Pause) 1545M->97M(2340M) 0.558ms
[151.755s][info][gc] GC(706) Pause Young (Normal) (G1 Evacuation Pause) 1725M->97M(2340M) 0.572ms
[151.995s][info][gc] GC(707) Pause Young (Normal) (G1 Evacuation Pause) 1785M->98M(2340M) 0.684ms
[152.229s][info][gc] GC(708) Pause Young (Normal) (G1 Evacuation Pause) 1606M->97M(2340M) 0.544ms
[152.466s][info][gc] GC(709) Pause Young (Normal) (G1 Evacuation Pause) 1617M->97M(2340M) 0.538ms
[152.703s][info][gc] GC(710) Pause Young (Normal) (G1 Evacuation Pause) 1581M->97M(2340M) 0.526ms
[152.939s][info][gc] GC(711) Pause Young (Normal) (G1 Evacuation Pause) 1569M->97M(2340M) 0.542ms
[153.176s][info][gc] GC(712) Pause Young (Normal) (G1 Evacuation Pause) 1593M->97M(2340M) 0.790ms
[153.413s][info][gc] GC(713) Pause Young (Normal) (G1 Evacuation Pause) 1593M->97M(2340M) 0.763ms
[153.650s][info][gc] GC(714) Pause Young (Normal) (G1 Evacuation Pause) 1557M->97M(2340M) 0.521ms
[153.887s][info][gc] GC(715) Pause Young (Normal) (G1 Evacuation Pause) 1665M->97M(2340M) 0.755ms
[154.123s][info][gc] GC(716) Pause Young (Normal) (G1 Evacuation Pause) 1593M->97M(2340M) 0.541ms
[154.360s][info][gc] GC(717) Pause Young (Normal) (G1 Evacuation Pause) 1581M->97M(2340M) 0.783ms
[154.597s][info][gc] GC(718) Pause Young (Normal) (G1 Evacuation Pause) 1545M->97M(2340M) 0.590ms
[154.834s][info][gc] GC(719) Pause Young (Normal) (G1 Evacuation Pause) 1521M->97M(2340M) 0.528ms
[155.071s][info][gc] GC(720) Pause Young (Normal) (G1 Evacuation Pause) 1605M->97M(2340M) 0.578ms
[155.307s][info][gc] GC(721) Pause Young (Normal) (G1 Evacuation Pause) 1569M->97M(2340M) 0.522ms
[155.555s][info][gc] GC(722) Pause Young (Normal) (G1 Evacuation Pause) 1749M->99M(2340M) 0.742ms
[155.785s][info][gc] GC(723) Pause Young (Normal) (G1 Evacuation Pause) 1571M->97M(2340M) 0.572ms
[156.025s][info][gc] GC(724) Pause Young (Normal) (G1 Evacuation Pause) 1773M->98M(2340M) 0.689ms
[156.255s][info][gc] GC(725) Pause Young (Normal) (G1 Evacuation Pause) 1606M->97M(2340M) 0.809ms
[156.492s][info][gc] GC(726) Pause Young (Normal) (G1 Evacuation Pause) 1689M->97M(2340M) 0.817ms
[156.734s][info][gc] GC(727) Pause Young (Normal) (G1 Evacuation Pause) 1785M->98M(2340M) 0.960ms
[156.967s][info][gc] GC(728) Pause Young (Normal) (G1 Evacuation Pause) 1810M->97M(2340M) 0.599ms
[157.204s][info][gc] GC(729) Pause Young (Normal) (G1 Evacuation Pause) 1677M->97M(2340M) 0.873ms
[157.440s][info][gc] GC(730) Pause Young (Normal) (G1 Evacuation Pause) 1629M->97M(2340M) 0.799ms
[157.677s][info][gc] GC(731) Pause Young (Normal) (G1 Evacuation Pause) 1713M->97M(2340M) 0.902ms
[157.919s][info][gc] GC(732) Pause Young (Normal) (G1 Evacuation Pause) 1605M->97M(2340M) 5.362ms
[158.165s][info][gc] GC(733) Pause Young (Normal) (G1 Evacuation Pause) 1989M->100M(2340M) 0.972ms
[158.393s][info][gc] GC(734) Pause Young (Normal) (G1 Evacuation Pause) 1800M->98M(2340M) 0.646ms
[158.635s][info][gc] GC(735) Pause Young (Normal) (G1 Evacuation Pause) 1594M->98M(2340M) 0.590ms
[158.876s][info][gc] GC(736) Pause Young (Normal) (G1 Evacuation Pause) 1990M->99M(2340M) 0.856ms
[159.108s][info][gc] GC(737) Pause Young (Normal) (G1 Evacuation Pause) 1739M->99M(2340M) 0.714ms
[159.342s][info][gc] GC(738) Pause Young (Normal) (G1 Evacuation Pause) 1679M->98M(2340M) 0.656ms
[159.577s][info][gc] GC(739) Pause Young (Normal) (G1 Evacuation Pause) 1690M->98M(2340M) 0.668ms
[159.809s][info][gc] GC(740) Pause Young (Normal) (G1 Evacuation Pause) 1582M->97M(2340M) 0.573ms
[160.045s][info][gc] GC(741) Pause Young (Normal) (G1 Evacuation Pause) 1629M->97M(2340M) 0.565ms
[160.282s][info][gc] GC(742) Pause Young (Normal) (G1 Evacuation Pause) 1653M->97M(2340M) 0.543ms
[160.518s][info][gc] GC(743) Pause Young (Normal) (G1 Evacuation Pause) 1593M->97M(2340M) 0.525ms
[160.755s][info][gc] GC(744) Pause Young (Normal) (G1 Evacuation Pause) 1629M->97M(2340M) 0.543ms
[160.991s][info][gc] GC(745) Pause Young (Normal) (G1 Evacuation Pause) 1593M->97M(2340M) 0.560ms
[161.227s][info][gc] GC(746) Pause Young (Normal) (G1 Evacuation Pause) 1593M->97M(2340M) 0.550ms
[161.465s][info][gc] GC(747) Pause Young (Normal) (G1 Evacuation Pause) 1641M->97M(2340M) 0.586ms
[161.700s][info][gc] GC(748) Pause Young (Normal) (G1 Evacuation Pause) 1557M->97M(2340M) 0.566ms
[161.937s][info][gc] GC(749) Pause Young (Normal) (G1 Evacuation Pause) 1557M->97M(2340M) 0.582ms
[162.173s][info][gc] GC(750) Pause Young (Normal) (G1 Evacuation Pause) 1701M->97M(2340M) 0.566ms
[162.410s][info][gc] GC(751) Pause Young (Normal) (G1 Evacuation Pause) 1545M->97M(2340M) 0.529ms
[162.647s][info][gc] GC(752) Pause Young (Normal) (G1 Evacuation Pause) 1629M->97M(2340M) 0.582ms
[162.884s][info][gc] GC(753) Pause Young (Normal) (G1 Evacuation Pause) 1617M->97M(2340M) 0.863ms
[163.126s][info][gc] GC(754) Pause Young (Normal) (G1 Evacuation Pause) 1773M->98M(2340M) 0.674ms
[163.357s][info][gc] GC(755) Pause Young (Normal) (G1 Evacuation Pause) 1678M->97M(2340M) 0.561ms
[163.593s][info][gc] GC(756) Pause Young (Normal) (G1 Evacuation Pause) 1641M->97M(2340M) 0.541ms
[163.830s][info][gc] GC(757) Pause Young (Normal) (G1 Evacuation Pause) 1605M->97M(2340M) 0.572ms
[164.066s][info][gc] GC(758) Pause Young (Normal) (G1 Evacuation Pause) 1605M->97M(2340M) 0.585ms
[164.303s][info][gc] GC(759) Pause Young (Normal) (G1 Evacuation Pause) 1593M->97M(2340M) 0.580ms
[164.540s][info][gc] GC(760) Pause Young (Normal) (G1 Evacuation Pause) 1581M->97M(2340M) 0.560ms
[164.778s][info][gc] GC(761) Pause Young (Normal) (G1 Evacuation Pause) 1581M->97M(2340M) 0.655ms
[165.014s][info][gc] GC(762) Pause Young (Normal) (G1 Evacuation Pause) 1569M->97M(2340M) 0.583ms
[165.250s][info][gc] GC(763) Pause Young (Normal) (G1 Evacuation Pause) 1653M->97M(2340M) 0.586ms
[165.488s][info][gc] GC(764) Pause Young (Normal) (G1 Evacuation Pause) 1545M->97M(2340M) 0.562ms
[165.725s][info][gc] GC(765) Pause Young (Normal) (G1 Evacuation Pause) 1545M->97M(2340M) 0.581ms
[165.962s][info][gc] GC(766) Pause Young (Normal) (G1 Evacuation Pause) 1653M->97M(2340M) 0.571ms
[166.198s][info][gc] GC(767) Pause Young (Normal) (G1 Evacuation Pause) 1581M->97M(2340M) 0.579ms
[166.435s][info][gc] GC(768) Pause Young (Normal) (G1 Evacuation Pause) 1521M->97M(2340M) 0.528ms
[166.671s][info][gc] GC(769) Pause Young (Normal) (G1 Evacuation Pause) 1617M->97M(2340M) 0.555ms
[166.908s][info][gc] GC(770) Pause Young (Normal) (G1 Evacuation Pause) 1569M->97M(2340M) 0.552ms
[167.145s][info][gc] GC(771) Pause Young (Normal) (G1 Evacuation Pause) 1557M->97M(2340M) 0.577ms
[167.382s][info][gc] GC(772) Pause Young (Normal) (G1 Evacuation Pause) 1557M->97M(2340M) 0.544ms
[167.619s][info][gc] GC(773) Pause Young (Normal) (G1 Evacuation Pause) 1653M->97M(2340M) 0.603ms
[167.855s][info][gc] GC(774) Pause Young (Normal) (G1 Evacuation Pause) 1737M->97M(2340M) 0.576ms
[168.093s][info][gc] GC(775) Pause Young (Normal) (G1 Evacuation Pause) 1605M->97M(2340M) 0.538ms
[168.329s][info][gc] GC(776) Pause Young (Normal) (G1 Evacuation Pause) 1677M->97M(2340M) 0.567ms
[168.566s][info][gc] GC(777) Pause Young (Normal) (G1 Evacuation Pause) 1617M->97M(2340M) 0.541ms
[168.803s][info][gc] GC(778) Pause Young (Normal) (G1 Evacuation Pause) 1629M->97M(2340M) 0.574ms
[169.039s][info][gc] GC(779) Pause Young (Normal) (G1 Evacuation Pause) 1521M->97M(2340M) 0.558ms
[169.276s][info][gc] GC(780) Pause Young (Normal) (G1 Evacuation Pause) 1533M->97M(2340M) 0.565ms
[169.513s][info][gc] GC(781) Pause Young (Normal) (G1 Evacuation Pause) 1761M->97M(2340M) 0.585ms
[169.750s][info][gc] GC(782) Pause Young (Normal) (G1 Evacuation Pause) 1677M->97M(2340M) 0.596ms
[169.986s][info][gc] GC(783) Pause Young (Normal) (G1 Evacuation Pause) 1665M->97M(2340M) 0.597ms
[170.234s][info][gc] GC(784) Pause Young (Normal) (G1 Evacuation Pause) 1797M->99M(2340M) 0.728ms
[170.468s][info][gc] GC(785) Pause Young (Normal) (G1 Evacuation Pause) 2015M->99M(2340M) 0.692ms
[170.701s][info][gc] GC(786) Pause Young (Normal) (G1 Evacuation Pause) 2051M->97M(2340M) 0.650ms
[170.934s][info][gc] GC(787) Pause Young (Normal) (G1 Evacuation Pause) 1749M->97M(2340M) 0.566ms
[171.170s][info][gc] GC(788) Pause Young (Normal) (G1 Evacuation Pause) 1641M->97M(2340M) 0.568ms
[171.408s][info][gc] GC(789) Pause Young (Normal) (G1 Evacuation Pause) 1689M->97M(2340M) 0.584ms
[171.644s][info][gc] GC(790) Pause Young (Normal) (G1 Evacuation Pause) 1569M->97M(2340M) 0.567ms
[171.881s][info][gc] GC(791) Pause Young (Normal) (G1 Evacuation Pause) 1569M->97M(2340M) 0.552ms
[172.118s][info][gc] GC(792) Pause Young (Normal) (G1 Evacuation Pause) 1653M->97M(2340M) 0.573ms
[172.355s][info][gc] GC(793) Pause Young (Normal) (G1 Evacuation Pause) 1677M->97M(2340M) 0.616ms
[172.591s][info][gc] GC(794) Pause Young (Normal) (G1 Evacuation Pause) 1617M->97M(2340M) 0.569ms
[172.828s][info][gc] GC(795) Pause Young (Normal) (G1 Evacuation Pause) 1713M->97M(2340M) 0.639ms
[173.064s][info][gc] GC(796) Pause Young (Normal) (G1 Evacuation Pause) 1569M->97M(2340M) 0.578ms
[173.301s][info][gc] GC(797) Pause Young (Normal) (G1 Evacuation Pause) 1617M->97M(2340M) 0.552ms
[173.539s][info][gc] GC(798) Pause Young (Normal) (G1 Evacuation Pause) 1569M->97M(2340M) 0.576ms
[173.776s][info][gc] GC(799) Pause Young (Normal) (G1 Evacuation Pause) 1605M->97M(2340M) 0.541ms
[174.014s][info][gc] GC(800) Pause Young (Normal) (G1 Evacuation Pause) 1545M->97M(2340M) 0.563ms
[174.250s][info][gc] GC(801) Pause Young (Normal) (G1 Evacuation Pause) 1605M->97M(2340M) 0.536ms
[174.487s][info][gc] GC(802) Pause Young (Normal) (G1 Evacuation Pause) 1689M->97M(2340M) 0.567ms
[174.723s][info][gc] GC(803) Pause Young (Normal) (G1 Evacuation Pause) 1617M->97M(2340M) 0.542ms
[174.976s][info][gc] GC(804) Pause Young (Normal) (G1 Evacuation Pause) 1813M->101M(2340M) 0.596ms
[175.207s][info][gc] GC(805) Pause Young (Normal) (G1 Evacuation Pause) 1753M->98M(2340M) 0.729ms
[175.436s][info][gc] GC(806) Pause Young (Normal) (G1 Evacuation Pause) 1714M->97M(2340M) 0.591ms
[175.675s][info][gc] GC(807) Pause Young (Normal) (G1 Evacuation Pause) 1593M->98M(2340M) 0.597ms
[175.912s][info][gc] GC(808) Pause Young (Normal) (G1 Evacuation Pause) 1570M->97M(2340M) 0.541ms
[176.148s][info][gc] GC(809) Pause Young (Normal) (G1 Evacuation Pause) 1665M->97M(2340M) 0.563ms
[176.397s][info][gc] GC(810) Pause Young (Normal) (G1 Evacuation Pause) 1693M->99M(2340M) 0.839ms
[176.626s][info][gc] GC(811) Pause Young (Normal) (G1 Evacuation Pause) 1583M->98M(2340M) 0.604ms
[176.860s][info][gc] GC(812) Pause Young (Normal) (G1 Evacuation Pause) 1534M->97M(2340M) 0.578ms
[177.097s][info][gc] GC(813) Pause Young (Normal) (G1 Evacuation Pause) 1677M->97M(2340M) 0.555ms
[177.339s][info][gc] GC(814) Pause Young (Normal) (G1 Evacuation Pause) 1605M->98M(2340M) 0.626ms
[177.570s][info][gc] GC(815) Pause Young (Normal) (G1 Evacuation Pause) 1654M->97M(2340M) 0.563ms
[177.807s][info][gc] GC(816) Pause Young (Normal) (G1 Evacuation Pause) 1581M->97M(2340M) 0.556ms
[178.044s][info][gc] GC(817) Pause Young (Normal) (G1 Evacuation Pause) 1605M->97M(2340M) 0.595ms
[178.281s][info][gc] GC(818) Pause Young (Normal) (G1 Evacuation Pause) 1593M->97M(2340M) 0.586ms
[178.517s][info][gc] GC(819) Pause Young (Normal) (G1 Evacuation Pause) 1641M->97M(2340M) 0.560ms
[178.756s][info][gc] GC(820) Pause Young (Normal) (G1 Evacuation Pause) 1629M->97M(2340M) 0.566ms
[178.991s][info][gc] GC(821) Pause Young (Normal) (G1 Evacuation Pause) 1581M->97M(2340M) 0.579ms
[179.228s][info][gc] GC(822) Pause Young (Normal) (G1 Evacuation Pause) 1653M->97M(2340M) 0.536ms
[179.464s][info][gc] GC(823) Pause Young (Normal) (G1 Evacuation Pause) 1605M->97M(2340M) 0.549ms
[179.701s][info][gc] GC(824) Pause Young (Normal) (G1 Evacuation Pause) 1509M->97M(2340M) 0.599ms
[179.938s][info][gc] GC(825) Pause Young (Normal) (G1 Evacuation Pause) 1497M->97M(2340M) 0.553ms
[180.177s][info][gc] GC(826) Pause Young (Normal) (G1 Evacuation Pause) 1713M->98M(2340M) 0.615ms
[180.412s][info][gc] GC(827) Pause Young (Normal) (G1 Evacuation Pause) 1594M->97M(2340M) 0.556ms
[180.656s][info][gc] GC(828) Pause Young (Normal) (G1 Evacuation Pause) 1737M->98M(2340M) 0.705ms
[180.887s][info][gc] GC(829) Pause Young (Normal) (G1 Evacuation Pause) 1822M->97M(2340M) 0.627ms
[181.121s][info][gc] GC(830) Pause Young (Normal) (G1 Evacuation Pause) 1641M->97M(2340M) 0.572ms
[181.359s][info][gc] GC(831) Pause Young (Normal) (G1 Evacuation Pause) 1617M->97M(2340M) 0.561ms
[181.596s][info][gc] GC(832) Pause Young (Normal) (G1 Evacuation Pause) 1593M->97M(2340M) 0.583ms
[181.834s][info][gc] GC(833) Pause Young (Normal) (G1 Evacuation Pause) 1521M->97M(2340M) 0.565ms
[182.070s][info][gc] GC(834) Pause Young (Normal) (G1 Evacuation Pause) 1629M->97M(2340M) 0.574ms
[182.305s][info][gc] GC(835) Pause Young (Normal) (G1 Evacuation Pause) 1641M->97M(2340M) 0.582ms
[182.543s][info][gc] GC(836) Pause Young (Normal) (G1 Evacuation Pause) 1617M->97M(2340M) 0.562ms
[182.778s][info][gc] GC(837) Pause Young (Normal) (G1 Evacuation Pause) 1581M->97M(2340M) 0.566ms
[183.015s][info][gc] GC(838) Pause Young (Normal) (G1 Evacuation Pause) 1629M->97M(2340M) 0.550ms
[183.261s][info][gc] GC(839) Pause Young (Normal) (G1 Evacuation Pause) 1677M->99M(2340M) 0.763ms
[183.495s][info][gc] GC(840) Pause Young (Normal) (G1 Evacuation Pause) 1811M->99M(2340M) 0.680ms
[183.737s][info][gc] GC(841) Pause Young (Normal) (G1 Evacuation Pause) 1787M->100M(2340M) 0.961ms
[183.964s][info][gc] GC(842) Pause Young (Normal) (G1 Evacuation Pause) 1784M->98M(2340M) 0.699ms
[184.198s][info][gc] GC(843) Pause Young (Normal) (G1 Evacuation Pause) 1630M->97M(2340M) 0.904ms
[184.435s][info][gc] GC(844) Pause Young (Normal) (G1 Evacuation Pause) 1857M->97M(2340M) 0.939ms
[184.672s][info][gc] GC(845) Pause Young (Normal) (G1 Evacuation Pause) 1605M->97M(2340M) 0.555ms
[184.909s][info][gc] GC(846) Pause Young (Normal) (G1 Evacuation Pause) 1593M->97M(2340M) 0.563ms
[185.147s][info][gc] GC(847) Pause Young (Normal) (G1 Evacuation Pause) 1713M->97M(2340M) 0.857ms
[185.383s][info][gc] GC(848) Pause Young (Normal) (G1 Evacuation Pause) 1665M->97M(2340M) 0.600ms
[185.620s][info][gc] GC(849) Pause Young (Normal) (G1 Evacuation Pause) 1545M->97M(2340M) 0.806ms
[185.859s][info][gc] GC(850) Pause Young (Normal) (G1 Evacuation Pause) 1641M->98M(2340M) 0.596ms
[186.102s][info][gc] GC(851) Pause Young (Normal) (G1 Evacuation Pause) 1654M->99M(2340M) 0.717ms
[186.346s][info][gc] GC(852) Pause Young (Normal) (G1 Evacuation Pause) 1667M->100M(2340M) 0.813ms
[186.588s][info][gc] GC(853) Pause Young (Normal) (G1 Evacuation Pause) 1804M->102M(2340M) 0.644ms
[186.822s][info][gc] GC(854) Pause Young (Normal) (G1 Evacuation Pause) 1918M->100M(2340M) 0.815ms
[187.052s][info][gc] GC(855) Pause Young (Normal) (G1 Evacuation Pause) 1800M->98M(2340M) 0.687ms
[187.284s][info][gc] GC(856) Pause Young (Normal) (G1 Evacuation Pause) 1834M->98M(2340M) 0.628ms
[187.530s][info][gc] GC(857) Pause Young (Normal) (G1 Evacuation Pause) 1738M->100M(2340M) 0.817ms
[187.756s][info][gc] GC(858) Pause Young (Normal) (G1 Evacuation Pause) 1740M->97M(2340M) 0.618ms
[187.992s][info][gc] GC(859) Pause Young (Normal) (G1 Evacuation Pause) 1641M->97M(2340M) 0.555ms
[188.229s][info][gc] GC(860) Pause Young (Normal) (G1 Evacuation Pause) 1593M->97M(2340M) 0.603ms
[188.466s][info][gc] GC(861) Pause Young (Normal) (G1 Evacuation Pause) 1557M->97M(2340M) 0.565ms
[188.703s][info][gc] GC(862) Pause Young (Normal) (G1 Evacuation Pause) 1581M->97M(2340M) 0.596ms
[188.940s][info][gc] GC(863) Pause Young (Normal) (G1 Evacuation Pause) 1557M->97M(2340M) 0.570ms
[189.177s][info][gc] GC(864) Pause Young (Normal) (G1 Evacuation Pause) 1581M->97M(2340M) 0.558ms
[189.414s][info][gc] GC(865) Pause Young (Normal) (G1 Evacuation Pause) 1581M->97M(2340M) 0.590ms
[189.652s][info][gc] GC(866) Pause Young (Normal) (G1 Evacuation Pause) 1569M->97M(2340M) 0.620ms
[189.888s][info][gc] GC(867) Pause Young (Normal) (G1 Evacuation Pause) 1545M->97M(2340M) 0.570ms
[190.126s][info][gc] GC(868) Pause Young (Normal) (G1 Evacuation Pause) 1605M->97M(2340M) 0.591ms
[190.377s][info][gc] GC(869) Pause Young (Normal) (G1 Evacuation Pause) 1569M->99M(2340M) 0.721ms
[190.613s][info][gc] GC(870) Pause Young (Normal) (G1 Evacuation Pause) 1967M->99M(2340M) 0.885ms
[190.836s][info][gc] GC(871) Pause Young (Normal) (G1 Evacuation Pause) 1667M->97M(2340M) 0.547ms
[191.075s][info][gc] GC(872) Pause Young (Normal) (G1 Evacuation Pause) 1569M->98M(2340M) 0.673ms
[191.315s][info][gc] GC(873) Pause Young (Normal) (G1 Evacuation Pause) 1618M->98M(2340M) 0.686ms
[191.551s][info][gc] GC(874) Pause Young (Normal) (G1 Evacuation Pause) 1570M->98M(2340M) 0.654ms
[191.789s][info][gc] GC(875) Pause Young (Normal) (G1 Evacuation Pause) 1630M->98M(2340M) 0.651ms
[192.028s][info][gc] GC(876) Pause Young (Normal) (G1 Evacuation Pause) 1906M->98M(2340M) 0.815ms
[192.263s][info][gc] GC(877) Pause Young (Normal) (G1 Evacuation Pause) 1642M->98M(2340M) 0.664ms
[192.496s][info][gc] GC(878) Pause Young (Normal) (G1 Evacuation Pause) 1546M->97M(2340M) 0.569ms
[192.733s][info][gc] GC(879) Pause Young (Normal) (G1 Evacuation Pause) 1581M->97M(2340M) 0.573ms
[192.970s][info][gc] GC(880) Pause Young (Normal) (G1 Evacuation Pause) 1545M->97M(2340M) 0.557ms
[193.206s][info][gc] GC(881) Pause Young (Normal) (G1 Evacuation Pause) 1533M->97M(2340M) 0.546ms
[193.443s][info][gc] GC(882) Pause Young (Normal) (G1 Evacuation Pause) 1533M->97M(2340M) 0.558ms
[193.680s][info][gc] GC(883) Pause Young (Normal) (G1 Evacuation Pause) 1545M->97M(2340M) 0.567ms
[193.917s][info][gc] GC(884) Pause Young (Normal) (G1 Evacuation Pause) 1629M->97M(2340M) 0.579ms
[194.154s][info][gc] GC(885) Pause Young (Normal) (G1 Evacuation Pause) 1569M->97M(2340M) 0.586ms
[194.390s][info][gc] GC(886) Pause Young (Normal) (G1 Evacuation Pause) 1641M->97M(2340M) 0.591ms
[194.632s][info][gc] GC(887) Pause Young (Normal) (G1 Evacuation Pause) 1701M->98M(2340M) 0.613ms
[194.870s][info][gc] GC(888) Pause Young (Normal) (G1 Evacuation Pause) 1726M->98M(2340M) 0.659ms
[195.106s][info][gc] GC(889) Pause Young (Normal) (G1 Evacuation Pause) 1606M->98M(2340M) 0.644ms
[195.338s][info][gc] GC(890) Pause Young (Normal) (G1 Evacuation Pause) 1570M->97M(2340M) 0.565ms
[195.575s][info][gc] GC(891) Pause Young (Normal) (G1 Evacuation Pause) 1545M->97M(2340M) 0.547ms
[195.817s][info][gc] GC(892) Pause Young (Normal) (G1 Evacuation Pause) 1773M->98M(2340M) 0.669ms
[196.053s][info][gc] GC(893) Pause Young (Normal) (G1 Evacuation Pause) 1582M->98M(2340M) 0.620ms
[196.280s][info][gc] GC(894) Pause Young (Normal) (G1 Evacuation Pause) 2346M->98M(2356M) 1.038ms
[196.501s][info][gc] GC(895) Pause Young (Normal) (G1 Evacuation Pause) 2350M->98M(2360M) 0.979ms
[196.735s][info][gc] GC(896) Pause Young (Normal) (G1 Evacuation Pause) 2366M->98M(2376M) 0.875ms
[196.937s][info][gc] GC(897) Pause Young (Concurrent Start) (G1 Humongous Allocation) 2268M->85M(2376M) 0.963ms
[196.937s][info][gc] GC(898) Concurrent Cycle
[196.944s][info][gc] GC(898) Pause Remark 131M->131M(2376M) 1.328ms
[196.946s][info][gc] GC(898) Pause Cleanup 153M->153M(2376M) 0.041ms
[196.948s][info][gc] GC(898) Concurrent Cycle 11.378ms
[197.151s][info][gc] GC(899) Pause Young (Concurrent Start) (G1 Humongous Allocation) 2181M->91M(2376M) 1.292ms
[197.151s][info][gc] GC(900) Concurrent Cycle
[197.158s][info][gc] GC(900) Pause Remark 141M->141M(2376M) 1.654ms
[197.160s][info][gc] GC(900) Pause Cleanup 152M->152M(2376M) 0.054ms
[197.163s][info][gc] GC(900) Concurrent Cycle 12.116ms
[197.335s][info][gc] GC(901) Pause Young (Concurrent Start) (G1 Humongous Allocation) 2057M->93M(2376M) 1.117ms
[197.335s][info][gc] GC(902) Concurrent Cycle
[197.343s][info][gc] GC(902) Pause Remark 159M->159M(2376M) 1.356ms
[197.345s][info][gc] GC(902) Pause Cleanup 175M->175M(2376M) 0.042ms
[197.348s][info][gc] GC(902) Concurrent Cycle 12.901ms
[197.470s][info][gc] GC(903) Pause Young (Concurrent Start) (G1 Humongous Allocation) 1685M->97M(2376M) 1.005ms
[197.470s][info][gc] GC(904) Concurrent Cycle
[197.477s][info][gc] GC(904) Pause Remark 147M->147M(2376M) 1.398ms
[197.479s][info][gc] GC(904) Pause Cleanup 181M->181M(2376M) 0.053ms
[197.482s][info][gc] GC(904) Concurrent Cycle 11.465ms
[197.602s][info][gc] GC(905) Pause Young (Concurrent Start) (G1 Humongous Allocation) 1661M->101M(2376M) 1.076ms
[197.602s][info][gc] GC(906) Concurrent Cycle
[197.610s][info][gc] GC(906) Pause Remark 163M->163M(2376M) 1.358ms
[197.612s][info][gc] GC(906) Pause Cleanup 187M->187M(2376M) 0.046ms
[197.615s][info][gc] GC(906) Concurrent Cycle 12.832ms
[197.774s][info][gc] GC(907) Pause Young (Concurrent Start) (G1 Humongous Allocation) 1973M->105M(2376M) 1.082ms
[197.774s][info][gc] GC(908) Concurrent Cycle
[197.780s][info][gc] GC(908) Pause Remark 169M->169M(2376M) 1.329ms
[197.783s][info][gc] GC(908) Pause Cleanup 185M->185M(2376M) 0.051ms
[197.786s][info][gc] GC(908) Concurrent Cycle 12.194ms
[197.918s][info][gc] GC(909) Pause Young (Concurrent Start) (G1 Humongous Allocation) 1859M->105M(2376M) 1.067ms
[197.918s][info][gc] GC(910) Concurrent Cycle
[197.926s][info][gc] GC(910) Pause Remark 157M->157M(2376M) 1.330ms
[197.928s][info][gc] GC(910) Pause Cleanup 175M->175M(2376M) 0.049ms
[197.931s][info][gc] GC(910) Concurrent Cycle 12.974ms
[198.164s][info][gc] GC(911) Pause Young (Normal) (G1 Evacuation Pause) 2317M->118M(2376M) 0.838ms
[198.389s][info][gc] GC(912) Pause Young (Normal) (G1 Evacuation Pause) 1934M->118M(2376M) 0.689ms
[198.619s][info][gc] GC(913) Pause Young (Normal) (G1 Evacuation Pause) 2074M->113M(2376M) 0.684ms
[198.843s][info][gc] GC(914) Pause Young (Normal) (G1 Evacuation Pause) 1873M->107M(2376M) 0.660ms
[199.073s][info][gc] GC(915) Pause Young (Normal) (G1 Evacuation Pause) 1951M->106M(2376M) 0.682ms
[199.306s][info][gc] GC(916) Pause Young (Normal) (G1 Evacuation Pause) 1858M->106M(2376M) 0.662ms
[199.537s][info][gc] GC(917) Pause Young (Normal) (G1 Evacuation Pause) 1846M->101M(2376M) 0.635ms
[199.766s][info][gc] GC(918) Pause Young (Normal) (G1 Evacuation Pause) 1813M->98M(2376M) 0.663ms
[200.004s][info][gc] GC(919) Pause Young (Normal) (G1 Evacuation Pause) 1626M->97M(2376M) 0.552ms
[200.245s][info][gc] GC(920) Pause Young (Normal) (G1 Evacuation Pause) 1625M->97M(2376M) 0.536ms
[200.485s][info][gc] GC(921) Pause Young (Normal) (G1 Evacuation Pause) 1565M->97M(2376M) 0.542ms
[200.730s][info][gc] GC(922) Pause Young (Normal) (G1 Evacuation Pause) 1649M->98M(2376M) 0.620ms
[200.970s][info][gc] GC(923) Pause Young (Normal) (G1 Evacuation Pause) 1746M->98M(2376M) 0.697ms
[201.211s][info][gc] GC(924) Pause Young (Normal) (G1 Evacuation Pause) 1614M->99M(2376M) 0.704ms
[201.450s][info][gc] GC(925) Pause Young (Normal) (G1 Evacuation Pause) 1639M->98M(2376M) 0.651ms
[201.686s][info][gc] GC(926) Pause Young (Normal) (G1 Evacuation Pause) 1614M->97M(2376M) 0.567ms
[201.953s][info][gc] GC(927) Pause Young (Normal) (G1 Evacuation Pause) 1769M->101M(2376M) 0.943ms
[202.181s][info][gc] GC(928) Pause Young (Normal) (G1 Evacuation Pause) 1889M->100M(2376M) 0.900ms
[202.417s][info][gc] GC(929) Pause Young (Normal) (G1 Evacuation Pause) 2204M->99M(2376M) 0.798ms
[202.661s][info][gc] GC(930) Pause Young (Normal) (G1 Evacuation Pause) 1799M->100M(2376M) 0.790ms
[202.892s][info][gc] GC(931) Pause Young (Normal) (G1 Evacuation Pause) 2012M->97M(2376M) 0.891ms
[203.148s][info][gc] GC(932) Pause Young (Normal) (G1 Evacuation Pause) 1901M->100M(2376M) 0.893ms
[203.379s][info][gc] GC(933) Pause Young (Normal) (G1 Evacuation Pause) 1700M->99M(2376M) 1.017ms
[203.614s][info][gc] GC(934) Pause Young (Normal) (G1 Evacuation Pause) 1639M->97M(2376M) 0.728ms
[203.854s][info][gc] GC(935) Pause Young (Normal) (G1 Evacuation Pause) 1685M->97M(2376M) 0.583ms
[204.118s][info][gc] GC(936) Pause Young (Normal) (G1 Evacuation Pause) 1721M->100M(2376M) 0.825ms
[204.347s][info][gc] GC(937) Pause Young (Normal) (G1 Evacuation Pause) 1940M->99M(2376M) 0.874ms
[204.580s][info][gc] GC(938) Pause Young (Normal) (G1 Evacuation Pause) 1747M->98M(2376M) 0.692ms
[204.820s][info][gc] GC(939) Pause Young (Normal) (G1 Evacuation Pause) 1626M->98M(2376M) 0.669ms
[205.058s][info][gc] GC(940) Pause Young (Normal) (G1 Evacuation Pause) 2370M->98M(2380M) 1.048ms
[205.300s][info][gc] GC(941) Pause Young (Normal) (G1 Evacuation Pause) 1606M->98M(2380M) 0.674ms
[205.542s][info][gc] GC(942) Pause Young (Normal) (G1 Evacuation Pause) 1642M->98M(2380M) 0.703ms
[205.763s][info][gc] GC(943) Pause Young (Normal) (G1 Evacuation Pause) 2374M->97M(2384M) 0.830ms
[206.005s][info][gc] GC(944) Pause Young (Normal) (G1 Evacuation Pause) 1677M->98M(2384M) 0.654ms
[206.248s][info][gc] GC(945) Pause Young (Normal) (G1 Evacuation Pause) 1594M->98M(2384M) 0.627ms
[206.487s][info][gc] GC(946) Pause Young (Normal) (G1 Evacuation Pause) 1630M->98M(2384M) 0.674ms
[206.731s][info][gc] GC(947) Pause Young (Normal) (G1 Evacuation Pause) 1738M->98M(2384M) 0.638ms
[206.970s][info][gc] GC(948) Pause Young (Normal) (G1 Evacuation Pause) 1630M->98M(2384M) 0.694ms
[207.207s][info][gc] GC(949) Pause Young (Normal) (G1 Evacuation Pause) 1582M->97M(2384M) 0.594ms
[207.448s][info][gc] GC(950) Pause Young (Normal) (G1 Evacuation Pause) 1569M->97M(2384M) 0.536ms
[207.691s][info][gc] GC(951) Pause Young (Normal) (G1 Evacuation Pause) 1593M->97M(2384M) 0.586ms
[207.929s][info][gc] GC(952) Pause Young (Normal) (G1 Evacuation Pause) 1665M->97M(2384M) 0.670ms
[208.170s][info][gc] GC(953) Pause Young (Normal) (G1 Evacuation Pause) 1581M->97M(2384M) 0.574ms
[208.411s][info][gc] GC(954) Pause Young (Normal) (G1 Evacuation Pause) 1545M->97M(2384M) 0.568ms
[208.652s][info][gc] GC(955) Pause Young (Normal) (G1 Evacuation Pause) 1617M->97M(2384M) 0.615ms
[208.893s][info][gc] GC(956) Pause Young (Normal) (G1 Evacuation Pause) 1665M->97M(2384M) 0.585ms
[209.134s][info][gc] GC(957) Pause Young (Normal) (G1 Evacuation Pause) 1617M->97M(2384M) 0.620ms
[209.374s][info][gc] GC(958) Pause Young (Normal) (G1 Evacuation Pause) 1521M->97M(2384M) 0.529ms
[209.615s][info][gc] GC(959) Pause Young (Normal) (G1 Evacuation Pause) 1569M->97M(2384M) 0.587ms
[209.857s][info][gc] GC(960) Pause Young (Normal) (G1 Evacuation Pause) 1569M->97M(2384M) 0.544ms
[210.097s][info][gc] GC(961) Pause Young (Normal) (G1 Evacuation Pause) 1569M->97M(2384M) 0.539ms
[210.338s][info][gc] GC(962) Pause Young (Normal) (G1 Evacuation Pause) 1557M->97M(2384M) 0.583ms
[210.579s][info][gc] GC(963) Pause Young (Normal) (G1 Evacuation Pause) 1545M->97M(2384M) 0.604ms
[210.820s][info][gc] GC(964) Pause Young (Normal) (G1 Evacuation Pause) 1557M->97M(2384M) 0.861ms
[211.062s][info][gc] GC(965) Pause Young (Normal) (G1 Evacuation Pause) 1533M->97M(2384M) 0.526ms
[211.303s][info][gc] GC(966) Pause Young (Normal) (G1 Evacuation Pause) 1545M->98M(2384M) 0.594ms
[211.543s][info][gc] GC(967) Pause Young (Normal) (G1 Evacuation Pause) 1654M->97M(2384M) 0.615ms
[211.784s][info][gc] GC(968) Pause Young (Normal) (G1 Evacuation Pause) 1533M->97M(2384M) 0.602ms
[212.024s][info][gc] GC(969) Pause Young (Normal) (G1 Evacuation Pause) 1593M->97M(2384M) 0.603ms
[212.265s][info][gc] GC(970) Pause Young (Normal) (G1 Evacuation Pause) 1557M->98M(2384M) 0.866ms
[212.506s][info][gc] GC(971) Pause Young (Normal) (G1 Evacuation Pause) 1654M->97M(2384M) 0.925ms
[212.745s][info][gc] GC(972) Pause Young (Normal) (G1 Evacuation Pause) 1581M->97M(2384M) 0.589ms
[212.986s][info][gc] GC(973) Pause Young (Normal) (G1 Evacuation Pause) 1617M->97M(2384M) 0.594ms
[213.227s][info][gc] GC(974) Pause Young (Normal) (G1 Evacuation Pause) 1605M->98M(2384M) 0.588ms
[213.468s][info][gc] GC(975) Pause Young (Normal) (G1 Evacuation Pause) 1678M->97M(2384M) 0.574ms
[213.708s][info][gc] GC(976) Pause Young (Normal) (G1 Evacuation Pause) 1605M->97M(2384M) 0.575ms
[213.949s][info][gc] GC(977) Pause Young (Normal) (G1 Evacuation Pause) 1593M->97M(2384M) 0.548ms
[214.189s][info][gc] GC(978) Pause Young (Normal) (G1 Evacuation Pause) 1689M->97M(2384M) 0.565ms
[214.430s][info][gc] GC(979) Pause Young (Normal) (G1 Evacuation Pause) 1593M->97M(2384M) 0.607ms
[214.671s][info][gc] GC(980) Pause Young (Normal) (G1 Evacuation Pause) 1641M->97M(2384M) 0.564ms
[214.912s][info][gc] GC(981) Pause Young (Normal) (G1 Evacuation Pause) 1605M->97M(2384M) 0.560ms
[215.152s][info][gc] GC(982) Pause Young (Normal) (G1 Evacuation Pause) 1593M->97M(2384M) 0.531ms
[215.393s][info][gc] GC(983) Pause Young (Normal) (G1 Evacuation Pause) 1581M->97M(2384M) 0.561ms
[215.620s][info][gc] GC(984) Pause Young (Concurrent Start) (G1 Humongous Allocation) 2268M->90M(2384M) 1.001ms
[215.620s][info][gc] GC(985) Concurrent Cycle
[215.628s][info][gc] GC(985) Pause Remark 144M->144M(2384M) 1.397ms
[215.630s][info][gc] GC(985) Pause Cleanup 176M->176M(2384M) 0.044ms
[215.632s][info][gc] GC(985) Concurrent Cycle 12.643ms
[215.863s][info][gc] GC(986) Pause Young (Normal) (G1 Evacuation Pause) 2366M->103M(2384M) 0.997ms
[216.098s][info][gc] GC(987) Pause Young (Normal) (G1 Evacuation Pause) 2391M->102M(2400M) 0.958ms
[216.278s][info][gc] GC(988) Pause Young (Concurrent Start) (G1 Humongous Allocation) 2090M->103M(2400M) 1.112ms
[216.278s][info][gc] GC(989) Concurrent Cycle
[216.286s][info][gc] GC(989) Pause Remark 155M->155M(2400M) 1.396ms
[216.288s][info][gc] GC(989) Pause Cleanup 181M->181M(2400M) 0.048ms
[216.291s][info][gc] GC(989) Concurrent Cycle 13.676ms
[216.458s][info][gc] GC(990) Pause Young (Concurrent Start) (G1 Humongous Allocation) 2039M->98M(2400M) 1.071ms
[216.458s][info][gc] GC(991) Concurrent Cycle
[216.465s][info][gc] GC(991) Pause Remark 154M->154M(2400M) 1.441ms
[216.467s][info][gc] GC(991) Pause Cleanup 166M->166M(2400M) 0.048ms
[216.470s][info][gc] GC(991) Concurrent Cycle 11.532ms
[216.650s][info][gc] GC(992) Pause Young (Concurrent Start) (G1 Humongous Allocation) 2148M->98M(2400M) 1.217ms
[216.650s][info][gc] GC(993) Concurrent Cycle
[216.656s][info][gc] GC(993) Pause Remark 146M->146M(2400M) 1.344ms
[216.659s][info][gc] GC(993) Pause Cleanup 168M->168M(2400M) 0.044ms
[216.662s][info][gc] GC(993) Concurrent Cycle 11.529ms
[216.891s][info][gc] GC(994) Pause Young (Normal) (G1 Evacuation Pause) 2146M->110M(2400M) 0.876ms
[217.120s][info][gc] GC(995) Pause Young (Normal) (G1 Evacuation Pause) 1986M->103M(2400M) 0.755ms
[217.352s][info][gc] GC(996) Pause Young (Normal) (G1 Evacuation Pause) 1867M->99M(2400M) 0.765ms
[217.588s][info][gc] GC(997) Pause Young (Normal) (G1 Evacuation Pause) 1619M->98M(2400M) 0.601ms
[217.831s][info][gc] GC(998) Pause Young (Normal) (G1 Evacuation Pause) 1666M->97M(2400M) 0.592ms
[218.074s][info][gc] GC(999) Pause Young (Normal) (G1 Evacuation Pause) 1581M->98M(2400M) 0.586ms
[218.316s][info][gc] GC(1000) Pause Young (Normal) (G1 Evacuation Pause) 1606M->97M(2400M) 0.572ms
[218.559s][info][gc] GC(1001) Pause Young (Normal) (G1 Evacuation Pause) 1689M->97M(2400M) 0.572ms
[218.802s][info][gc] GC(1002) Pause Young (Normal) (G1 Evacuation Pause) 1629M->97M(2400M) 0.554ms
[219.045s][info][gc] GC(1003) Pause Young (Normal) (G1 Evacuation Pause) 1629M->97M(2400M) 0.603ms
[219.287s][info][gc] GC(1004) Pause Young (Normal) (G1 Evacuation Pause) 1581M->97M(2400M) 0.578ms
[219.530s][info][gc] GC(1005) Pause Young (Normal) (G1 Evacuation Pause) 1569M->98M(2400M) 0.609ms
[219.776s][info][gc] GC(1006) Pause Young (Normal) (G1 Evacuation Pause) 2050M->98M(2400M) 0.616ms
[220.016s][info][gc] GC(1007) Pause Young (Normal) (G1 Evacuation Pause) 1702M->97M(2400M) 0.597ms
[220.259s][info][gc] GC(1008) Pause Young (Normal) (G1 Evacuation Pause) 1689M->97M(2400M) 0.558ms
[220.496s][info][gc] GC(1009) Pause Young (Normal) (G1 Evacuation Pause) 2405M->98M(2416M) 1.089ms
[220.700s][info][gc] GC(1010) Pause Young (Concurrent Start) (G1 Humongous Allocation) 2250M->88M(2416M) 1.196ms
[220.700s][info][gc] GC(1011) Concurrent Cycle
[220.706s][info][gc] GC(1011) Pause Remark 142M->142M(2416M) 1.365ms
[220.708s][info][gc] GC(1011) Pause Cleanup 154M->154M(2416M) 0.051ms
[220.711s][info][gc] GC(1011) Concurrent Cycle 11.664ms
[220.943s][info][gc] GC(1012) Pause Young (Concurrent Start) (G1 Humongous Allocation) 2398M->91M(2416M) 1.168ms
[220.943s][info][gc] GC(1013) Concurrent Cycle
[220.949s][info][gc] GC(1013) Pause Remark 137M->137M(2416M) 1.380ms
[220.952s][info][gc] GC(1013) Pause Cleanup 169M->169M(2416M) 0.060ms
[220.955s][info][gc] GC(1013) Concurrent Cycle 12.208ms
[221.221s][info][gc] GC(1014) Pause Young (Normal) (G1 Evacuation Pause) 2411M->114M(2420M) 0.921ms
[221.417s][info][gc] GC(1015) Pause Young (Concurrent Start) (G1 Humongous Allocation) 2128M->102M(2420M) 0.970ms
[221.418s][info][gc] GC(1016) Concurrent Cycle
[221.425s][info][gc] GC(1016) Pause Remark 150M->150M(2420M) 1.328ms
[221.427s][info][gc] GC(1016) Pause Cleanup 164M->164M(2420M) 0.056ms
[221.429s][info][gc] GC(1016) Concurrent Cycle 11.617ms
[221.609s][info][gc] GC(1017) Pause Young (Concurrent Start) (G1 Humongous Allocation) 2164M->102M(2420M) 1.095ms
[221.609s][info][gc] GC(1018) Concurrent Cycle
[221.616s][info][gc] GC(1018) Pause Remark 148M->148M(2420M) 1.250ms
[221.619s][info][gc] GC(1018) Pause Cleanup 166M->166M(2420M) 0.046ms
[221.622s][info][gc] GC(1018) Concurrent Cycle 12.070ms
[221.789s][info][gc] GC(1019) Pause Young (Concurrent Start) (G1 Humongous Allocation) 2080M->106M(2420M) 1.373ms
[221.789s][info][gc] GC(1020) Concurrent Cycle
[221.795s][info][gc] GC(1020) Pause Remark 152M->152M(2420M) 1.569ms
[221.798s][info][gc] GC(1020) Pause Cleanup 168M->168M(2420M) 0.058ms
[221.801s][info][gc] GC(1020) Concurrent Cycle 12.084ms
[221.936s][info][gc] GC(1021) Pause Young (Concurrent Start) (G1 Humongous Allocation) 1882M->106M(2420M) 1.144ms
[221.936s][info][gc] GC(1022) Concurrent Cycle
[221.942s][info][gc] GC(1022) Pause Remark 150M->150M(2420M) 1.566ms
[221.944s][info][gc] GC(1022) Pause Cleanup 164M->164M(2420M) 0.056ms
[221.948s][info][gc] GC(1022) Concurrent Cycle 11.779ms
[222.158s][info][gc] GC(1023) Pause Young (Concurrent Start) (G1 Humongous Allocation) 2350M->105M(2420M) 1.143ms
[222.158s][info][gc] GC(1024) Concurrent Cycle
[222.165s][info][gc] GC(1024) Pause Remark 155M->155M(2420M) 1.530ms
[222.167s][info][gc] GC(1024) Pause Cleanup 177M->177M(2420M) 0.048ms
[222.170s][info][gc] GC(1024) Concurrent Cycle 11.563ms
[222.351s][info][gc] GC(1025) Pause Young (Concurrent Start) (G1 Humongous Allocation) 2143M->106M(2420M) 1.083ms
[222.351s][info][gc] GC(1026) Concurrent Cycle
[222.358s][info][gc] GC(1026) Pause Remark 152M->152M(2420M) 1.602ms
[222.360s][info][gc] GC(1026) Pause Cleanup 174M->174M(2420M) 0.044ms
[222.363s][info][gc] GC(1026) Concurrent Cycle 11.553ms
[222.524s][info][gc] GC(1027) Pause Young (Concurrent Start) (G1 Humongous Allocation) 2038M->106M(2420M) 1.217ms
[222.524s][info][gc] GC(1028) Concurrent Cycle
[222.530s][info][gc] GC(1028) Pause Remark 162M->162M(2420M) 1.339ms
[222.532s][info][gc] GC(1028) Pause Cleanup 186M->186M(2420M) 0.044ms
[222.535s][info][gc] GC(1028) Concurrent Cycle 11.634ms
[222.708s][info][gc] GC(1029) Pause Young (Concurrent Start) (G1 Humongous Allocation) 2052M->110M(2420M) 1.106ms
[222.708s][info][gc] GC(1030) Concurrent Cycle
[222.715s][info][gc] GC(1030) Pause Remark 158M->158M(2420M) 1.564ms
[222.717s][info][gc] GC(1030) Pause Cleanup 176M->176M(2420M) 0.045ms
[222.720s][info][gc] GC(1030) Concurrent Cycle 12.233ms
[222.964s][info][gc] GC(1031) Pause Young (Normal) (G1 Evacuation Pause) 2374M->122M(2420M) 0.886ms
[223.211s][info][gc] GC(1032) Pause Young (Normal) (G1 Evacuation Pause) 2182M->122M(2420M) 0.686ms
[223.457s][info][gc] GC(1033) Pause Young (Normal) (G1 Evacuation Pause) 2146M->122M(2420M) 0.768ms
[223.712s][info][gc] GC(1034) Pause Young (Normal) (G1 Evacuation Pause) 1906M->122M(2420M) 0.735ms
[223.967s][info][gc] GC(1035) Pause Young (Normal) (G1 Evacuation Pause) 2362M->121M(2420M) 0.672ms
[224.207s][info][gc] GC(1036) Pause Young (Normal) (G1 Evacuation Pause) 1845M->122M(2420M) 0.933ms
[224.473s][info][gc] GC(1037) Pause Young (Normal) (G1 Evacuation Pause) 1990M->122M(2420M) 0.726ms
[224.723s][info][gc] GC(1038) Pause Young (Normal) (G1 Evacuation Pause) 2170M->122M(2420M) 0.925ms
[224.967s][info][gc] GC(1039) Pause Young (Normal) (G1 Evacuation Pause) 2230M->122M(2420M) 0.742ms
[225.163s][info][gc] GC(1040) Pause Young (Concurrent Start) (G1 Humongous Allocation) 2234M->110M(2420M) 0.979ms
[225.163s][info][gc] GC(1041) Concurrent Cycle
[225.170s][info][gc] GC(1041) Pause Remark 168M->168M(2420M) 1.586ms
[225.172s][info][gc] GC(1041) Pause Cleanup 178M->178M(2420M) 0.042ms
[225.175s][info][gc] GC(1041) Concurrent Cycle 11.661ms
[225.353s][info][gc] GC(1042) Pause Young (Concurrent Start) (G1 Humongous Allocation) 2052M->110M(2420M) 1.172ms
[225.353s][info][gc] GC(1043) Concurrent Cycle
[225.360s][info][gc] GC(1043) Pause Remark 158M->158M(2420M) 1.317ms
[225.362s][info][gc] GC(1043) Pause Cleanup 172M->172M(2420M) 0.045ms
[225.365s][info][gc] GC(1043) Concurrent Cycle 11.901ms
[225.519s][info][gc] GC(1044) Pause Young (Concurrent Start) (G1 Humongous Allocation) 2016M->110M(2420M) 1.068ms
[225.519s][info][gc] GC(1045) Concurrent Cycle
[225.527s][info][gc] GC(1045) Pause Remark 162M->162M(2420M) 1.726ms
[225.530s][info][gc] GC(1045) Pause Cleanup 190M->190M(2420M) 0.052ms
[225.532s][info][gc] GC(1045) Concurrent Cycle 13.157ms
[225.702s][info][gc] GC(1046) Pause Young (Concurrent Start) (G1 Humongous Allocation) 2106M->110M(2420M) 1.131ms
[225.702s][info][gc] GC(1047) Concurrent Cycle
[225.708s][info][gc] GC(1047) Pause Remark 158M->158M(2420M) 1.363ms
[225.711s][info][gc] GC(1047) Pause Cleanup 168M->168M(2420M) 0.049ms
[225.713s][info][gc] GC(1047) Concurrent Cycle 11.211ms
[225.853s][info][gc] GC(1048) Pause Young (Concurrent Start) (G1 Humongous Allocation) 1900M->110M(2420M) 1.207ms
[225.853s][info][gc] GC(1049) Concurrent Cycle
[225.859s][info][gc] GC(1049) Pause Remark 170M->170M(2420M) 1.392ms
[225.862s][info][gc] GC(1049) Pause Cleanup 180M->180M(2420M) 0.051ms
[225.865s][info][gc] GC(1049) Concurrent Cycle 11.771ms
[226.098s][info][gc] GC(1050) Pause Young (Normal) (G1 Evacuation Pause) 2302M->122M(2420M) 0.857ms
[226.285s][info][gc] GC(1051) Pause Young (Concurrent Start) (G1 Humongous Allocation) 2128M->110M(2420M) 0.966ms
[226.285s][info][gc] GC(1052) Concurrent Cycle
[226.291s][info][gc] GC(1052) Pause Remark 158M->158M(2420M) 1.361ms
[226.294s][info][gc] GC(1052) Pause Cleanup 192M->192M(2420M) 0.053ms
[226.297s][info][gc] GC(1052) Concurrent Cycle 11.718ms
[226.520s][info][gc] GC(1053) Pause Young (Concurrent Start) (G1 Humongous Allocation) 2356M->110M(2420M) 1.112ms
[226.520s][info][gc] GC(1054) Concurrent Cycle
[226.526s][info][gc] GC(1054) Pause Remark 154M->154M(2420M) 1.385ms
[226.528s][info][gc] GC(1054) Pause Cleanup 174M->174M(2420M) 0.043ms
[226.531s][info][gc] GC(1054) Concurrent Cycle 10.803ms
[226.748s][info][gc] GC(1055) Pause Young (Concurrent Start) (G1 Humongous Allocation) 2382M->110M(2420M) 1.046ms
[226.748s][info][gc] GC(1056) Concurrent Cycle
[226.757s][info][gc] GC(1056) Pause Remark 166M->166M(2420M) 1.689ms
[226.760s][info][gc] GC(1056) Pause Cleanup 196M->196M(2420M) 0.048ms
[226.763s][info][gc] GC(1056) Concurrent Cycle 14.337ms
[226.990s][info][gc] GC(1057) Pause Young (Normal) (G1 Evacuation Pause) 2374M->122M(2420M) 0.883ms
[227.230s][info][gc] GC(1058) Pause Young (Normal) (G1 Evacuation Pause) 2350M->122M(2420M) 0.742ms
[227.458s][info][gc] GC(1059) Pause Young (Concurrent Start) (G1 Humongous Allocation) 2398M->110M(2420M) 1.021ms
[227.458s][info][gc] GC(1060) Concurrent Cycle
[227.464s][info][gc] GC(1060) Pause Remark 154M->154M(2420M) 1.287ms
[227.466s][info][gc] GC(1060) Pause Cleanup 176M->176M(2420M) 0.043ms
[227.468s][info][gc] GC(1060) Concurrent Cycle 10.825ms
[227.647s][info][gc] GC(1061) Pause Young (Concurrent Start) (G1 Humongous Allocation) 2134M->110M(2420M) 1.025ms
[227.647s][info][gc] GC(1062) Concurrent Cycle
[227.655s][info][gc] GC(1062) Pause Remark 170M->170M(2420M) 1.265ms
[227.657s][info][gc] GC(1062) Pause Cleanup 184M->184M(2420M) 0.046ms
[227.660s][info][gc] GC(1062) Concurrent Cycle 12.473ms
[227.828s][info][gc] GC(1063) Pause Young (Concurrent Start) (G1 Humongous Allocation) 2098M->110M(2420M) 1.124ms
[227.828s][info][gc] GC(1064) Concurrent Cycle
[227.836s][info][gc] GC(1064) Pause Remark 176M->176M(2420M) 1.326ms
[227.838s][info][gc] GC(1064) Pause Cleanup 200M->200M(2420M) 0.045ms
[227.840s][info][gc] GC(1064) Concurrent Cycle 12.889ms
[228.003s][info][gc] GC(1065) Pause Young (Concurrent Start) (G1 Humongous Allocation) 2044M->110M(2420M) 1.010ms
[228.003s][info][gc] GC(1066) Concurrent Cycle
[228.012s][info][gc] GC(1066) Pause Remark 184M->184M(2420M) 2.666ms
[228.015s][info][gc] GC(1066) Pause Cleanup 198M->198M(2420M) 0.043ms
[228.017s][info][gc] GC(1066) Concurrent Cycle 14.033ms
[228.222s][info][gc] GC(1067) Pause Young (Concurrent Start) (G1 Humongous Allocation) 2238M->110M(2420M) 1.199ms
[228.222s][info][gc] GC(1068) Concurrent Cycle
[228.228s][info][gc] GC(1068) Pause Remark 148M->148M(2420M) 1.310ms
[228.231s][info][gc] GC(1068) Pause Cleanup 182M->182M(2420M) 0.043ms
[228.233s][info][gc] GC(1068) Concurrent Cycle 11.288ms
[228.393s][info][gc] GC(1069) Pause Young (Concurrent Start) (G1 Humongous Allocation) 2046M->110M(2420M) 1.118ms
[228.393s][info][gc] GC(1070) Concurrent Cycle
[228.402s][info][gc] GC(1070) Pause Remark 196M->196M(2420M) 1.365ms
[228.404s][info][gc] GC(1070) Pause Cleanup 210M->210M(2420M) 0.043ms
[228.407s][info][gc] GC(1070) Concurrent Cycle 13.650ms
[228.556s][info][gc] GC(1071) Pause Young (Concurrent Start) (G1 Humongous Allocation) 1980M->110M(2420M) 1.143ms
[228.556s][info][gc] GC(1072) Concurrent Cycle
[228.563s][info][gc] GC(1072) Pause Remark 166M->166M(2420M) 1.745ms
[228.565s][info][gc] GC(1072) Pause Cleanup 192M->192M(2420M) 0.045ms
[228.568s][info][gc] GC(1072) Concurrent Cycle 12.035ms
[228.724s][info][gc] GC(1073) Pause Young (Concurrent Start) (G1 Humongous Allocation) 2018M->110M(2420M) 1.074ms
[228.724s][info][gc] GC(1074) Concurrent Cycle
[228.731s][info][gc] GC(1074) Pause Remark 164M->164M(2420M) 1.315ms
[228.733s][info][gc] GC(1074) Pause Cleanup 188M->188M(2420M) 0.042ms
[228.736s][info][gc] GC(1074) Concurrent Cycle 11.274ms
[228.886s][info][gc] GC(1075) Pause Young (Concurrent Start) (G1 Humongous Allocation) 1982M->110M(2420M) 1.133ms
[228.886s][info][gc] GC(1076) Concurrent Cycle
[228.893s][info][gc] GC(1076) Pause Remark 158M->158M(2420M) 1.318ms
[228.896s][info][gc] GC(1076) Pause Cleanup 186M->186M(2420M) 0.057ms
[228.899s][info][gc] GC(1076) Concurrent Cycle 12.250ms
[229.134s][info][gc] GC(1077) Pause Young (Normal) (G1 Evacuation Pause) 2438M->122M(2448M) 0.938ms
[229.376s][info][gc] GC(1078) Pause Young (Normal) (G1 Evacuation Pause) 2018M->122M(2448M) 0.929ms
[229.616s][info][gc] GC(1079) Pause Young (Normal) (G1 Evacuation Pause) 1994M->122M(2448M) 0.739ms
[229.856s][info][gc] GC(1080) Pause Young (Normal) (G1 Evacuation Pause) 2054M->122M(2448M) 0.677ms
[230.093s][info][gc] GC(1081) Pause Young (Normal) (G1 Evacuation Pause) 2054M->122M(2448M) 0.688ms
[230.330s][info][gc] GC(1082) Pause Young (Normal) (G1 Evacuation Pause) 1910M->122M(2448M) 0.657ms
[230.559s][info][gc] GC(1083) Pause Young (Normal) (G1 Evacuation Pause) 1766M->118M(2448M) 0.868ms
[230.795s][info][gc] GC(1084) Pause Young (Normal) (G1 Evacuation Pause) 2042M->114M(2448M) 0.665ms
[231.028s][info][gc] GC(1085) Pause Young (Normal) (G1 Evacuation Pause) 1910M->114M(2448M) 0.679ms
[231.256s][info][gc] GC(1086) Pause Young (Normal) (G1 Evacuation Pause) 1806M->110M(2448M) 0.577ms
[231.496s][info][gc] GC(1087) Pause Young (Normal) (G1 Evacuation Pause) 1658M->110M(2448M) 0.586ms
[231.745s][info][gc] GC(1088) Pause Young (Normal) (G1 Evacuation Pause) 1754M->110M(2448M) 0.646ms
[231.984s][info][gc] GC(1089) Pause Young (Normal) (G1 Evacuation Pause) 1826M->110M(2448M) 0.631ms
[232.224s][info][gc] GC(1090) Pause Young (Normal) (G1 Evacuation Pause) 1942M->106M(2448M) 0.639ms
[232.461s][info][gc] GC(1091) Pause Young (Normal) (G1 Evacuation Pause) 1822M->113M(2448M) 0.596ms
[232.700s][info][gc] GC(1092) Pause Young (Normal) (G1 Evacuation Pause) 1765M->101M(2448M) 0.590ms
[232.935s][info][gc] GC(1093) Pause Young (Normal) (G1 Evacuation Pause) 1721M->99M(2448M) 0.670ms
[233.178s][info][gc] GC(1094) Pause Young (Normal) (G1 Evacuation Pause) 1731M->97M(2448M) 0.565ms
[233.425s][info][gc] GC(1095) Pause Young (Normal) (G1 Evacuation Pause) 1597M->97M(2448M) 0.565ms
[233.673s][info][gc] GC(1096) Pause Young (Normal) (G1 Evacuation Pause) 1669M->98M(2448M) 0.594ms
[233.920s][info][gc] GC(1097) Pause Young (Normal) (G1 Evacuation Pause) 1622M->98M(2448M) 0.599ms
[234.167s][info][gc] GC(1098) Pause Young (Normal) (G1 Evacuation Pause) 1598M->97M(2448M) 0.546ms
[234.415s][info][gc] GC(1099) Pause Young (Normal) (G1 Evacuation Pause) 1597M->98M(2448M) 0.584ms
[234.663s][info][gc] GC(1100) Pause Young (Normal) (G1 Evacuation Pause) 1622M->98M(2448M) 0.592ms
[234.911s][info][gc] GC(1101) Pause Young (Normal) (G1 Evacuation Pause) 1658M->98M(2448M) 0.569ms
[235.161s][info][gc] GC(1102) Pause Young (Normal) (G1 Evacuation Pause) 1802M->98M(2448M) 0.659ms
[235.413s][info][gc] GC(1103) Pause Young (Normal) (G1 Evacuation Pause) 1790M->99M(2448M) 0.735ms
[235.655s][info][gc] GC(1104) Pause Young (Normal) (G1 Evacuation Pause) 1755M->97M(2448M) 0.586ms
[235.902s][info][gc] GC(1105) Pause Young (Normal) (G1 Evacuation Pause) 1705M->97M(2448M) 0.593ms
[236.149s][info][gc] GC(1106) Pause Young (Normal) (G1 Evacuation Pause) 1657M->98M(2448M) 0.591ms
[236.397s][info][gc] GC(1107) Pause Young (Normal) (G1 Evacuation Pause) 1646M->98M(2448M) 0.595ms
[236.644s][info][gc] GC(1108) Pause Young (Normal) (G1 Evacuation Pause) 1622M->98M(2448M) 0.572ms
[236.893s][info][gc] GC(1109) Pause Young (Normal) (G1 Evacuation Pause) 1706M->98M(2448M) 0.597ms
[237.140s][info][gc] GC(1110) Pause Young (Normal) (G1 Evacuation Pause) 1814M->98M(2448M) 0.622ms
[237.387s][info][gc] GC(1111) Pause Young (Normal) (G1 Evacuation Pause) 1646M->97M(2448M) 0.540ms
[237.648s][info][gc] GC(1112) Pause Young (Normal) (G1 Evacuation Pause) 1693M->100M(2448M) 0.769ms
[237.883s][info][gc] GC(1113) Pause Young (Normal) (G1 Evacuation Pause) 1720M->98M(2448M) 0.602ms
[238.130s][info][gc] GC(1114) Pause Young (Normal) (G1 Evacuation Pause) 1670M->98M(2448M) 0.551ms
[238.378s][info][gc] GC(1115) Pause Young (Normal) (G1 Evacuation Pause) 1622M->97M(2448M) 0.559ms
[238.626s][info][gc] GC(1116) Pause Young (Normal) (G1 Evacuation Pause) 1585M->98M(2448M) 0.541ms
[238.874s][info][gc] GC(1117) Pause Young (Normal) (G1 Evacuation Pause) 1682M->97M(2448M) 0.581ms
[239.122s][info][gc] GC(1118) Pause Young (Normal) (G1 Evacuation Pause) 1609M->98M(2448M) 0.572ms
[239.370s][info][gc] GC(1119) Pause Young (Normal) (G1 Evacuation Pause) 1634M->98M(2448M) 0.568ms
[239.620s][info][gc] GC(1120) Pause Young (Normal) (G1 Evacuation Pause) 1970M->98M(2448M) 0.652ms
[239.867s][info][gc] GC(1121) Pause Young (Normal) (G1 Evacuation Pause) 1670M->98M(2448M) 0.616ms
[240.115s][info][gc] GC(1122) Pause Young (Normal) (G1 Evacuation Pause) 2066M->98M(2448M) 0.626ms
[240.267s][info][gc] GC(1123) Pause Young (Concurrent Start) (G1 Humongous Allocation) 1950M->87M(2448M) 0.984ms
[240.267s][info][gc] GC(1124) Concurrent Cycle
[240.273s][info][gc] GC(1124) Pause Remark 161M->161M(2448M) 1.358ms
[240.276s][info][gc] GC(1124) Pause Cleanup 175M->175M(2448M) 0.041ms
[240.279s][info][gc] GC(1124) Concurrent Cycle 11.544ms
[240.435s][info][gc] GC(1125) Pause Young (Concurrent Start) (G1 Humongous Allocation) 2043M->88M(2448M) 1.167ms
[240.435s][info][gc] GC(1126) Concurrent Cycle
[240.442s][info][gc] GC(1126) Pause Remark 134M->134M(2448M) 1.461ms
[240.444s][info][gc] GC(1126) Pause Cleanup 162M->162M(2448M) 0.040ms
[240.447s][info][gc] GC(1126) Concurrent Cycle 12.630ms
[240.635s][info][gc] GC(1127) Pause Young (Concurrent Start) (G1 Humongous Allocation) 2254M->91M(2448M) 1.182ms
[240.635s][info][gc] GC(1128) Concurrent Cycle
[240.642s][info][gc] GC(1128) Pause Remark 157M->157M(2448M) 1.422ms
[240.645s][info][gc] GC(1128) Pause Cleanup 179M->179M(2448M) 0.045ms
[240.648s][info][gc] GC(1128) Concurrent Cycle 12.557ms
[240.827s][info][gc] GC(1129) Pause Young (Concurrent Start) (G1 Humongous Allocation) 2175M->93M(2448M) 1.141ms
[240.827s][info][gc] GC(1130) Concurrent Cycle
[240.833s][info][gc] GC(1130) Pause Remark 145M->145M(2448M) 1.376ms
[240.835s][info][gc] GC(1130) Pause Cleanup 163M->163M(2448M) 0.047ms
[240.838s][info][gc] GC(1130) Concurrent Cycle 11.367ms
[241.069s][info][gc] GC(1131) Pause Young (Normal) (G1 Evacuation Pause) 2045M->101M(2448M) 0.982ms
[241.304s][info][gc] GC(1132) Pause Young (Normal) (G1 Evacuation Pause) 1841M->97M(2448M) 0.671ms
[241.550s][info][gc] GC(1133) Pause Young (Normal) (G1 Evacuation Pause) 1669M->98M(2448M) 0.581ms
[241.798s][info][gc] GC(1134) Pause Young (Normal) (G1 Evacuation Pause) 1706M->98M(2448M) 0.553ms
[242.046s][info][gc] GC(1135) Pause Young (Normal) (G1 Evacuation Pause) 1634M->97M(2448M) 0.546ms
[242.293s][info][gc] GC(1136) Pause Young (Normal) (G1 Evacuation Pause) 1717M->97M(2448M) 0.589ms
[242.541s][info][gc] GC(1137) Pause Young (Normal) (G1 Evacuation Pause) 1693M->98M(2448M) 0.613ms
[242.790s][info][gc] GC(1138) Pause Young (Normal) (G1 Evacuation Pause) 1694M->97M(2448M) 1.221ms
[243.037s][info][gc] GC(1139) Pause Young (Normal) (G1 Evacuation Pause) 1705M->98M(2448M) 0.645ms
[243.284s][info][gc] GC(1140) Pause Young (Normal) (G1 Evacuation Pause) 1694M->98M(2448M) 0.670ms
[243.531s][info][gc] GC(1141) Pause Young (Normal) (G1 Evacuation Pause) 1682M->97M(2448M) 0.600ms
[243.779s][info][gc] GC(1142) Pause Young (Normal) (G1 Evacuation Pause) 1633M->98M(2448M) 0.591ms
[244.026s][info][gc] GC(1143) Pause Young (Normal) (G1 Evacuation Pause) 1598M->97M(2448M) 0.568ms
[244.274s][info][gc] GC(1144) Pause Young (Normal) (G1 Evacuation Pause) 1729M->98M(2448M) 0.888ms
[244.535s][info][gc] GC(1145) Pause Young (Normal) (G1 Evacuation Pause) 1802M->99M(2448M) 0.690ms
[244.778s][info][gc] GC(1146) Pause Young (Normal) (G1 Evacuation Pause) 2127M->98M(2448M) 0.730ms
[245.021s][info][gc] GC(1147) Pause Young (Normal) (G1 Evacuation Pause) 1682M->98M(2448M) 0.564ms
[245.269s][info][gc] GC(1148) Pause Young (Normal) (G1 Evacuation Pause) 1610M->98M(2448M) 0.576ms
[245.518s][info][gc] GC(1149) Pause Young (Normal) (G1 Evacuation Pause) 1706M->98M(2448M) 0.599ms
[245.765s][info][gc] GC(1150) Pause Young (Normal) (G1 Evacuation Pause) 1658M->98M(2448M) 0.577ms
[246.014s][info][gc] GC(1151) Pause Young (Normal) (G1 Evacuation Pause) 2078M->98M(2448M) 0.646ms
[246.262s][info][gc] GC(1152) Pause Young (Normal) (G1 Evacuation Pause) 1946M->98M(2448M) 0.647ms
[246.509s][info][gc] GC(1153) Pause Young (Normal) (G1 Evacuation Pause) 1754M->98M(2448M) 0.601ms
[246.758s][info][gc] GC(1154) Pause Young (Normal) (G1 Evacuation Pause) 1814M->98M(2448M) 0.611ms
[247.009s][info][gc] GC(1155) Pause Young (Normal) (G1 Evacuation Pause) 1730M->98M(2448M) 0.648ms
[247.264s][info][gc] GC(1156) Pause Young (Normal) (G1 Evacuation Pause) 1754M->99M(2448M) 0.749ms
[247.505s][info][gc] GC(1157) Pause Young (Normal) (G1 Evacuation Pause) 1707M->98M(2448M) 0.618ms
[247.748s][info][gc] GC(1158) Pause Young (Normal) (G1 Evacuation Pause) 1898M->98M(2448M) 0.611ms
[247.996s][info][gc] GC(1159) Pause Young (Normal) (G1 Evacuation Pause) 1658M->97M(2448M) 0.794ms
[248.243s][info][gc] GC(1160) Pause Young (Normal) (G1 Evacuation Pause) 1729M->98M(2448M) 0.546ms
[248.490s][info][gc] GC(1161) Pause Young (Normal) (G1 Evacuation Pause) 1694M->98M(2448M) 0.555ms
[248.738s][info][gc] GC(1162) Pause Young (Normal) (G1 Evacuation Pause) 1706M->97M(2448M) 0.573ms
[248.985s][info][gc] GC(1163) Pause Young (Normal) (G1 Evacuation Pause) 1717M->98M(2448M) 0.557ms
[249.234s][info][gc] GC(1164) Pause Young (Normal) (G1 Evacuation Pause) 1754M->98M(2448M) 0.663ms
[249.486s][info][gc] GC(1165) Pause Young (Normal) (G1 Evacuation Pause) 2042M->98M(2448M) 0.754ms
[249.729s][info][gc] GC(1166) Pause Young (Normal) (G1 Evacuation Pause) 1838M->99M(2448M) 0.662ms
[249.975s][info][gc] GC(1167) Pause Young (Normal) (G1 Evacuation Pause) 1695M->98M(2448M) 0.519ms
[250.222s][info][gc] GC(1168) Pause Young (Normal) (G1 Evacuation Pause) 1634M->98M(2448M) 0.585ms
[250.471s][info][gc] GC(1169) Pause Young (Normal) (G1 Evacuation Pause) 1646M->98M(2448M) 0.587ms
[250.720s][info][gc] GC(1170) Pause Young (Normal) (G1 Evacuation Pause) 1694M->98M(2448M) 0.613ms
[250.965s][info][gc] GC(1171) Pause Young (Normal) (G1 Evacuation Pause) 1646M->98M(2448M) 0.566ms
[251.212s][info][gc] GC(1172) Pause Young (Normal) (G1 Evacuation Pause) 1634M->98M(2448M) 0.599ms
[251.461s][info][gc] GC(1173) Pause Young (Normal) (G1 Evacuation Pause) 1742M->98M(2448M) 0.626ms
[251.708s][info][gc] GC(1174) Pause Young (Normal) (G1 Evacuation Pause) 1922M->98M(2448M) 0.652ms
[251.958s][info][gc] GC(1175) Pause Young (Normal) (G1 Evacuation Pause) 1874M->98M(2448M) 0.660ms
[252.202s][info][gc] GC(1176) Pause Young (Normal) (G1 Evacuation Pause) 1694M->98M(2448M) 0.554ms
[252.449s][info][gc] GC(1177) Pause Young (Normal) (G1 Evacuation Pause) 1658M->98M(2448M) 0.551ms
[252.697s][info][gc] GC(1178) Pause Young (Normal) (G1 Evacuation Pause) 1694M->98M(2448M) 0.595ms
[252.949s][info][gc] GC(1179) Pause Young (Normal) (G1 Evacuation Pause) 1838M->99M(2448M) 0.677ms
[253.197s][info][gc] GC(1180) Pause Young (Normal) (G1 Evacuation Pause) 1791M->99M(2448M) 0.712ms
[253.439s][info][gc] GC(1181) Pause Young (Normal) (G1 Evacuation Pause) 1635M->98M(2448M) 0.804ms
[253.686s][info][gc] GC(1182) Pause Young (Normal) (G1 Evacuation Pause) 1634M->98M(2448M) 0.584ms
[253.935s][info][gc] GC(1183) Pause Young (Normal) (G1 Evacuation Pause) 1598M->98M(2448M) 0.543ms
[254.181s][info][gc] GC(1184) Pause Young (Normal) (G1 Evacuation Pause) 1814M->98M(2448M) 0.622ms
[254.428s][info][gc] GC(1185) Pause Young (Normal) (G1 Evacuation Pause) 1622M->98M(2448M) 0.589ms
[254.675s][info][gc] GC(1186) Pause Young (Normal) (G1 Evacuation Pause) 1622M->98M(2448M) 0.554ms
[254.923s][info][gc] GC(1187) Pause Young (Normal) (G1 Evacuation Pause) 1670M->97M(2448M) 0.563ms
[255.171s][info][gc] GC(1188) Pause Young (Normal) (G1 Evacuation Pause) 1705M->98M(2448M) 0.584ms
[255.419s][info][gc] GC(1189) Pause Young (Normal) (G1 Evacuation Pause) 1742M->98M(2448M) 0.599ms
[255.667s][info][gc] GC(1190) Pause Young (Normal) (G1 Evacuation Pause) 1874M->98M(2448M) 0.607ms
[255.914s][info][gc] GC(1191) Pause Young (Normal) (G1 Evacuation Pause) 1790M->97M(2448M) 0.557ms
[256.181s][info][gc] GC(1192) Pause Young (Normal) (G1 Evacuation Pause) 1881M->102M(2448M) 0.613ms
[256.436s][info][gc] GC(1193) Pause Young (Normal) (G1 Evacuation Pause) 1982M->102M(2448M) 0.667ms
[256.683s][info][gc] GC(1194) Pause Young (Normal) (G1 Evacuation Pause) 2166M->102M(2448M) 0.696ms
[256.929s][info][gc] GC(1195) Pause Young (Normal) (G1 Evacuation Pause) 2174M->100M(2448M) 0.963ms
[257.195s][info][gc] GC(1196) Pause Young (Normal) (G1 Evacuation Pause) 2168M->104M(2448M) 0.956ms
[257.448s][info][gc] GC(1197) Pause Young (Normal) (G1 Evacuation Pause) 2136M->103M(2448M) 0.863ms
[257.693s][info][gc] GC(1198) Pause Young (Normal) (G1 Evacuation Pause) 1995M->104M(2448M) 0.785ms
[257.955s][info][gc] GC(1199) Pause Young (Normal) (G1 Evacuation Pause) 2300M->107M(2448M) 0.751ms
[258.205s][info][gc] GC(1200) Pause Young (Normal) (G1 Evacuation Pause) 2051M->107M(2448M) 0.715ms
[258.456s][info][gc] GC(1201) Pause Young (Normal) (G1 Evacuation Pause) 2099M->106M(2448M) 0.705ms
[258.704s][info][gc] GC(1202) Pause Young (Normal) (G1 Evacuation Pause) 1894M->106M(2448M) 0.599ms
[258.960s][info][gc] GC(1203) Pause Young (Normal) (G1 Evacuation Pause) 2074M->107M(2448M) 0.754ms
[259.213s][info][gc] GC(1204) Pause Young (Normal) (G1 Evacuation Pause) 2407M->107M(2448M) 0.880ms
[259.466s][info][gc] GC(1205) Pause Young (Normal) (G1 Evacuation Pause) 2195M->107M(2448M) 0.822ms
[259.717s][info][gc] GC(1206) Pause Young (Normal) (G1 Evacuation Pause) 2195M->107M(2448M) 0.761ms
[259.970s][info][gc] GC(1207) Pause Young (Normal) (G1 Evacuation Pause) 2175M->108M(2448M) 0.837ms
[260.220s][info][gc] GC(1208) Pause Young (Normal) (G1 Evacuation Pause) 2208M->107M(2448M) 0.819ms
[260.473s][info][gc] GC(1209) Pause Young (Normal) (G1 Evacuation Pause) 2327M->108M(2448M) 0.920ms
[260.677s][info][gc] GC(1210) Pause Young (Concurrent Start) (G1 Humongous Allocation) 2276M->98M(2448M) 1.438ms
[260.678s][info][gc] GC(1211) Concurrent Cycle
[260.684s][info][gc] GC(1211) Pause Remark 150M->150M(2448M) 1.317ms
[260.686s][info][gc] GC(1211) Pause Cleanup 184M->184M(2448M) 0.048ms
[260.689s][info][gc] GC(1211) Concurrent Cycle 11.167ms
[260.828s][info][gc] GC(1212) Pause Young (Concurrent Start) (G1 Humongous Allocation) 1900M->98M(2448M) 1.179ms
[260.828s][info][gc] GC(1213) Concurrent Cycle
[260.835s][info][gc] GC(1213) Pause Remark 144M->144M(2448M) 1.315ms
[260.837s][info][gc] GC(1213) Pause Cleanup 168M->168M(2448M) 0.060ms
[260.840s][info][gc] GC(1213) Concurrent Cycle 11.831ms
[260.996s][info][gc] GC(1214) Pause Young (Concurrent Start) (G1 Humongous Allocation) 1922M->102M(2448M) 1.159ms
[260.996s][info][gc] GC(1215) Concurrent Cycle
[261.002s][info][gc] GC(1215) Pause Remark 152M->152M(2448M) 1.434ms
[261.005s][info][gc] GC(1215) Pause Cleanup 164M->164M(2448M) 0.051ms
[261.008s][info][gc] GC(1215) Concurrent Cycle 11.531ms
[261.145s][info][gc] GC(1216) Pause Young (Concurrent Start) (G1 Humongous Allocation) 1824M->110M(2448M) 1.121ms
[261.145s][info][gc] GC(1217) Concurrent Cycle
[261.151s][info][gc] GC(1217) Pause Remark 166M->166M(2448M) 1.335ms
[261.154s][info][gc] GC(1217) Pause Cleanup 190M->190M(2448M) 0.047ms
[261.157s][info][gc] GC(1217) Concurrent Cycle 11.773ms
[261.314s][info][gc] GC(1218) Pause Young (Concurrent Start) (G1 Humongous Allocation) 2026M->110M(2448M) 1.172ms
[261.314s][info][gc] GC(1219) Concurrent Cycle
[261.320s][info][gc] GC(1219) Pause Remark 170M->170M(2448M) 1.310ms
[261.323s][info][gc] GC(1219) Pause Cleanup 198M->198M(2448M) 0.045ms
[261.326s][info][gc] GC(1219) Concurrent Cycle 12.525ms
[261.554s][info][gc] GC(1220) Pause Young (Normal) (G1 Evacuation Pause) 2090M->122M(2448M) 0.833ms
[261.795s][info][gc] GC(1221) Pause Young (Normal) (G1 Evacuation Pause) 2098M->114M(2448M) 0.677ms
[262.053s][info][gc] GC(1222) Pause Young (Normal) (G1 Evacuation Pause) 2018M->114M(2448M) 0.685ms
[262.293s][info][gc] GC(1223) Pause Young (Normal) (G1 Evacuation Pause) 1878M->114M(2448M) 0.666ms
[262.525s][info][gc] GC(1224) Pause Young (Normal) (G1 Evacuation Pause) 1866M->114M(2448M) 0.632ms
[262.764s][info][gc] GC(1225) Pause Young (Normal) (G1 Evacuation Pause) 2074M->106M(2448M) 0.677ms
[263.006s][info][gc] GC(1226) Pause Young (Normal) (G1 Evacuation Pause) 2038M->106M(2448M) 0.729ms
[263.242s][info][gc] GC(1227) Pause Young (Normal) (G1 Evacuation Pause) 2006M->100M(2448M) 0.933ms
[263.478s][info][gc] GC(1228) Pause Young (Normal) (G1 Evacuation Pause) 2068M->98M(2448M) 0.716ms
[263.724s][info][gc] GC(1229) Pause Young (Normal) (G1 Evacuation Pause) 1634M->97M(2448M) 0.540ms
[263.972s][info][gc] GC(1230) Pause Young (Normal) (G1 Evacuation Pause) 1693M->98M(2448M) 0.593ms
[264.219s][info][gc] GC(1231) Pause Young (Normal) (G1 Evacuation Pause) 1670M->97M(2448M) 0.561ms
[264.466s][info][gc] GC(1232) Pause Young (Normal) (G1 Evacuation Pause) 1669M->98M(2448M) 0.565ms
[264.714s][info][gc] GC(1233) Pause Young (Normal) (G1 Evacuation Pause) 1718M->98M(2448M) 0.584ms
[264.962s][info][gc] GC(1234) Pause Young (Normal) (G1 Evacuation Pause) 1646M->98M(2448M) 0.553ms
[265.210s][info][gc] GC(1235) Pause Young (Normal) (G1 Evacuation Pause) 1610M->98M(2448M) 0.550ms
[265.458s][info][gc] GC(1236) Pause Young (Normal) (G1 Evacuation Pause) 1634M->98M(2448M) 0.590ms
[265.706s][info][gc] GC(1237) Pause Young (Normal) (G1 Evacuation Pause) 1718M->98M(2448M) 0.568ms
[265.953s][info][gc] GC(1238) Pause Young (Normal) (G1 Evacuation Pause) 1994M->98M(2448M) 0.648ms
[266.215s][info][gc] GC(1239) Pause Young (Normal) (G1 Evacuation Pause) 2354M->100M(2448M) 0.951ms
[266.416s][info][gc] GC(1240) Pause Young (Concurrent Start) (G1 Humongous Allocation) 2266M->89M(2448M) 1.248ms
[266.416s][info][gc] GC(1241) Concurrent Cycle
[266.423s][info][gc] GC(1241) Pause Remark 137M->137M(2448M) 1.377ms
[266.425s][info][gc] GC(1241) Pause Cleanup 147M->147M(2448M) 0.042ms
[266.427s][info][gc] GC(1241) Concurrent Cycle 11.375ms
[266.663s][info][gc] GC(1242) Pause Young (Normal) (G1 Evacuation Pause) 2457M->101M(2464M) 1.394ms
[266.904s][info][gc] GC(1243) Pause Young (Normal) (G1 Evacuation Pause) 2317M->99M(2464M) 0.762ms
[267.143s][info][gc] GC(1244) Pause Young (Normal) (G1 Evacuation Pause) 2459M->99M(2468M) 0.996ms
[267.385s][info][gc] GC(1245) Pause Young (Normal) (G1 Evacuation Pause) 1935M->98M(2468M) 0.602ms
[267.642s][info][gc] GC(1246) Pause Young (Normal) (G1 Evacuation Pause) 2486M->98M(2496M) 1.115ms
[267.887s][info][gc] GC(1247) Pause Young (Normal) (G1 Evacuation Pause) 2502M->98M(2512M) 1.013ms
[268.136s][info][gc] GC(1248) Pause Young (Normal) (G1 Evacuation Pause) 2530M->99M(2540M) 1.131ms
[268.318s][info][gc] GC(1249) Pause Young (Concurrent Start) (G1 Humongous Allocation) 2185M->88M(2540M) 1.069ms
[268.318s][info][gc] GC(1250) Concurrent Cycle
[268.324s][info][gc] GC(1250) Pause Remark 150M->150M(2540M) 1.401ms
[268.326s][info][gc] GC(1250) Pause Cleanup 176M->176M(2540M) 0.048ms
[268.329s][info][gc] GC(1250) Concurrent Cycle 11.531ms
[268.596s][info][gc] GC(1251) Pause Young (Normal) (G1 Evacuation Pause) 2536M->106M(2544M) 0.945ms
[268.792s][info][gc] GC(1252) Pause Young (Concurrent Start) (G1 Humongous Allocation) 2260M->94M(2544M) 0.941ms
[268.792s][info][gc] GC(1253) Concurrent Cycle
[268.801s][info][gc] GC(1253) Pause Remark 166M->166M(2544M) 1.680ms
[268.803s][info][gc] GC(1253) Pause Cleanup 190M->190M(2544M) 0.047ms
[268.806s][info][gc] GC(1253) Concurrent Cycle 13.684ms
[268.935s][info][gc] GC(1254) Pause Young (Concurrent Start) (G1 Humongous Allocation) 1900M->94M(2544M) 1.095ms
[268.935s][info][gc] GC(1255) Concurrent Cycle
[268.941s][info][gc] GC(1255) Pause Remark 150M->150M(2544M) 1.307ms
[268.943s][info][gc] GC(1255) Pause Cleanup 170M->170M(2544M) 0.044ms
[268.946s][info][gc] GC(1255) Concurrent Cycle 11.569ms
[269.179s][info][gc] GC(1256) Pause Young (Normal) (G1 Evacuation Pause) 2538M->106M(2548M) 0.899ms
[269.429s][info][gc] GC(1257) Pause Young (Normal) (G1 Evacuation Pause) 2502M->108M(2548M) 0.916ms
[269.674s][info][gc] GC(1258) Pause Young (Normal) (G1 Evacuation Pause) 2556M->104M(2564M) 1.232ms
[269.853s][info][gc] GC(1259) Pause Young (Concurrent Start) (G1 Humongous Allocation) 2130M->98M(2564M) 0.950ms
[269.853s][info][gc] GC(1260) Concurrent Cycle
[269.861s][info][gc] GC(1260) Pause Remark 162M->162M(2564M) 1.325ms
[269.863s][info][gc] GC(1260) Pause Cleanup 188M->188M(2564M) 0.048ms
[269.866s][info][gc] GC(1260) Concurrent Cycle 13.539ms
[270.052s][info][gc] GC(1261) Pause Young (Concurrent Start) (G1 Humongous Allocation) 2246M->98M(2564M) 1.227ms
[270.052s][info][gc] GC(1262) Concurrent Cycle
[270.059s][info][gc] GC(1262) Pause Remark 146M->146M(2564M) 1.484ms
[270.061s][info][gc] GC(1262) Pause Cleanup 158M->158M(2564M) 0.045ms
[270.064s][info][gc] GC(1262) Concurrent Cycle 11.486ms
[270.261s][info][gc] GC(1263) Pause Young (Concurrent Start) (G1 Humongous Allocation) 2306M->98M(2564M) 1.160ms
[270.261s][info][gc] GC(1264) Concurrent Cycle
[270.267s][info][gc] GC(1264) Pause Remark 146M->146M(2564M) 1.335ms
[270.270s][info][gc] GC(1264) Pause Cleanup 162M->162M(2564M) 0.049ms
[270.273s][info][gc] GC(1264) Concurrent Cycle 12.004ms
[270.488s][info][gc] GC(1265) Pause Young (Concurrent Start) (G1 Humongous Allocation) 2464M->98M(2564M) 1.325ms
[270.488s][info][gc] GC(1266) Concurrent Cycle
[270.494s][info][gc] GC(1266) Pause Remark 156M->156M(2564M) 1.378ms
[270.497s][info][gc] GC(1266) Pause Cleanup 184M->184M(2564M) 0.053ms
[270.500s][info][gc] GC(1266) Concurrent Cycle 12.368ms
[270.695s][info][gc] GC(1267) Pause Young (Concurrent Start) (G1 Humongous Allocation) 2296M->102M(2564M) 1.187ms
[270.695s][info][gc] GC(1268) Concurrent Cycle
[270.701s][info][gc] GC(1268) Pause Remark 146M->146M(2564M) 1.417ms
[270.704s][info][gc] GC(1268) Pause Cleanup 164M->164M(2564M) 0.048ms
[270.707s][info][gc] GC(1268) Concurrent Cycle 12.282ms
[270.879s][info][gc] GC(1269) Pause Young (Concurrent Start) (G1 Humongous Allocation) 2158M->102M(2564M) 1.096ms
[270.879s][info][gc] GC(1270) Concurrent Cycle
[270.885s][info][gc] GC(1270) Pause Remark 146M->146M(2564M) 1.377ms
[270.887s][info][gc] GC(1270) Pause Cleanup 154M->154M(2564M) 0.047ms
[270.890s][info][gc] GC(1270) Concurrent Cycle 11.413ms
[271.163s][info][gc] GC(1271) Pause Young (Normal) (G1 Evacuation Pause) 2558M->114M(2568M) 0.895ms
[271.416s][info][gc] GC(1272) Pause Young (Normal) (G1 Evacuation Pause) 2166M->114M(2568M) 0.714ms
[271.664s][info][gc] GC(1273) Pause Young (Normal) (G1 Evacuation Pause) 2070M->114M(2568M) 0.845ms
[271.918s][info][gc] GC(1274) Pause Young (Normal) (G1 Evacuation Pause) 2222M->110M(2568M) 0.709ms
[272.165s][info][gc] GC(1275) Pause Young (Normal) (G1 Evacuation Pause) 2046M->104M(2568M) 0.744ms
[272.409s][info][gc] GC(1276) Pause Young (Normal) (G1 Evacuation Pause) 2048M->99M(2568M) 0.782ms
[272.660s][info][gc] GC(1277) Pause Young (Normal) (G1 Evacuation Pause) 1803M->98M(2568M) 0.588ms
[272.931s][info][gc] GC(1278) Pause Young (Normal) (G1 Evacuation Pause) 1910M->100M(2568M) 0.848ms
[273.181s][info][gc] GC(1279) Pause Young (Normal) (G1 Evacuation Pause) 1840M->98M(2568M) 0.869ms
[273.451s][info][gc] GC(1280) Pause Young (Normal) (G1 Evacuation Pause) 1826M->100M(2568M) 0.850ms
[273.700s][info][gc] GC(1281) Pause Young (Normal) (G1 Evacuation Pause) 1804M->98M(2568M) 0.614ms
[273.962s][info][gc] GC(1282) Pause Young (Normal) (G1 Evacuation Pause) 2102M->98M(2568M) 0.705ms
[274.221s][info][gc] GC(1283) Pause Young (Normal) (G1 Evacuation Pause) 1742M->98M(2568M) 0.617ms
[274.482s][info][gc] GC(1284) Pause Young (Normal) (G1 Evacuation Pause) 1694M->98M(2568M) 0.638ms
[274.743s][info][gc] GC(1285) Pause Young (Normal) (G1 Evacuation Pause) 1790M->98M(2568M) 0.626ms
[275.003s][info][gc] GC(1286) Pause Young (Normal) (G1 Evacuation Pause) 1718M->98M(2568M) 0.552ms
[275.263s][info][gc] GC(1287) Pause Young (Normal) (G1 Evacuation Pause) 1778M->98M(2568M) 0.614ms
[275.523s][info][gc] GC(1288) Pause Young (Normal) (G1 Evacuation Pause) 1814M->98M(2568M) 0.683ms
[275.783s][info][gc] GC(1289) Pause Young (Normal) (G1 Evacuation Pause) 1670M->98M(2568M) 0.624ms
[276.044s][info][gc] GC(1290) Pause Young (Normal) (G1 Evacuation Pause) 1646M->98M(2568M) 0.565ms
[276.304s][info][gc] GC(1291) Pause Young (Normal) (G1 Evacuation Pause) 1718M->98M(2568M) 0.567ms
[276.563s][info][gc] GC(1292) Pause Young (Normal) (G1 Evacuation Pause) 1790M->98M(2568M) 0.570ms
[276.824s][info][gc] GC(1293) Pause Young (Normal) (G1 Evacuation Pause) 1706M->98M(2568M) 0.591ms
[277.084s][info][gc] GC(1294) Pause Young (Normal) (G1 Evacuation Pause) 1646M->98M(2568M) 0.611ms
[277.344s][info][gc] GC(1295) Pause Young (Normal) (G1 Evacuation Pause) 1694M->98M(2568M) 0.572ms
[277.604s][info][gc] GC(1296) Pause Young (Normal) (G1 Evacuation Pause) 1706M->98M(2568M) 0.630ms
[277.866s][info][gc] GC(1297) Pause Young (Normal) (G1 Evacuation Pause) 1754M->98M(2568M) 0.610ms
[278.125s][info][gc] GC(1298) Pause Young (Normal) (G1 Evacuation Pause) 1814M->98M(2568M) 0.628ms
[278.384s][info][gc] GC(1299) Pause Young (Normal) (G1 Evacuation Pause) 1778M->98M(2568M) 0.608ms
[278.659s][info][gc] GC(1300) Pause Young (Normal) (G1 Evacuation Pause) 1934M->100M(2568M) 0.934ms
[278.912s][info][gc] GC(1301) Pause Young (Normal) (G1 Evacuation Pause) 2012M->99M(2568M) 0.812ms
[279.165s][info][gc] GC(1302) Pause Young (Normal) (G1 Evacuation Pause) 1779M->98M(2568M) 0.618ms
[279.424s][info][gc] GC(1303) Pause Young (Normal) (G1 Evacuation Pause) 1682M->97M(2568M) 0.514ms
[279.685s][info][gc] GC(1304) Pause Young (Normal) (G1 Evacuation Pause) 1849M->98M(2568M) 0.655ms
[279.944s][info][gc] GC(1305) Pause Young (Normal) (G1 Evacuation Pause) 1814M->98M(2568M) 0.670ms
[280.209s][info][gc] GC(1306) Pause Young (Normal) (G1 Evacuation Pause) 1742M->99M(2568M) 0.705ms
[280.465s][info][gc] GC(1307) Pause Young (Normal) (G1 Evacuation Pause) 1719M->98M(2568M) 0.563ms
[280.725s][info][gc] GC(1308) Pause Young (Normal) (G1 Evacuation Pause) 1826M->98M(2568M) 0.657ms
[280.988s][info][gc] GC(1309) Pause Young (Normal) (G1 Evacuation Pause) 1790M->98M(2568M) 0.677ms
[281.255s][info][gc] GC(1310) Pause Young (Normal) (G1 Evacuation Pause) 1810M->99M(2568M) 0.715ms
[281.506s][info][gc] GC(1311) Pause Young (Normal) (G1 Evacuation Pause) 2115M->98M(2568M) 0.637ms
[281.774s][info][gc] GC(1312) Pause Young (Normal) (G1 Evacuation Pause) 2042M->99M(2568M) 0.818ms
[282.026s][info][gc] GC(1313) Pause Young (Normal) (G1 Evacuation Pause) 2007M->98M(2568M) 0.620ms
[282.286s][info][gc] GC(1314) Pause Young (Normal) (G1 Evacuation Pause) 1850M->98M(2568M) 0.602ms
[282.545s][info][gc] GC(1315) Pause Young (Normal) (G1 Evacuation Pause) 1718M->98M(2568M) 0.602ms
[282.805s][info][gc] GC(1316) Pause Young (Normal) (G1 Evacuation Pause) 1670M->98M(2568M) 0.563ms
[283.066s][info][gc] GC(1317) Pause Young (Normal) (G1 Evacuation Pause) 1802M->98M(2568M) 0.648ms
[283.327s][info][gc] GC(1318) Pause Young (Normal) (G1 Evacuation Pause) 1706M->98M(2568M) 0.571ms
[283.587s][info][gc] GC(1319) Pause Young (Normal) (G1 Evacuation Pause) 1766M->98M(2568M) 0.592ms
[283.847s][info][gc] GC(1320) Pause Young (Normal) (G1 Evacuation Pause) 1742M->98M(2568M) 0.658ms
[284.106s][info][gc] GC(1321) Pause Young (Normal) (G1 Evacuation Pause) 1790M->97M(2568M) 0.840ms
[284.366s][info][gc] GC(1322) Pause Young (Normal) (G1 Evacuation Pause) 1753M->98M(2568M) 0.604ms
[284.626s][info][gc] GC(1323) Pause Young (Normal) (G1 Evacuation Pause) 1742M->98M(2568M) 0.840ms
[284.909s][info][gc] GC(1324) Pause Young (Normal) (G1 Evacuation Pause) 1902M->102M(2568M) 0.968ms
[285.165s][info][gc] GC(1325) Pause Young (Normal) (G1 Evacuation Pause) 1962M->100M(2568M) 1.103ms
[285.421s][info][gc] GC(1326) Pause Young (Normal) (G1 Evacuation Pause) 1804M->99M(2568M) 0.944ms
[285.680s][info][gc] GC(1327) Pause Young (Normal) (G1 Evacuation Pause) 1863M->99M(2568M) 0.720ms
[285.942s][info][gc] GC(1328) Pause Young (Normal) (G1 Evacuation Pause) 1899M->99M(2568M) 0.776ms
[286.194s][info][gc] GC(1329) Pause Young (Normal) (G1 Evacuation Pause) 1971M->98M(2568M) 0.660ms
[286.454s][info][gc] GC(1330) Pause Young (Normal) (G1 Evacuation Pause) 1898M->98M(2568M) 0.644ms
[286.717s][info][gc] GC(1331) Pause Young (Normal) (G1 Evacuation Pause) 2138M->98M(2568M) 0.964ms
[286.978s][info][gc] GC(1332) Pause Young (Normal) (G1 Evacuation Pause) 1922M->99M(2568M) 0.994ms
[287.236s][info][gc] GC(1333) Pause Young (Normal) (G1 Evacuation Pause) 1923M->98M(2568M) 1.266ms
[287.497s][info][gc] GC(1334) Pause Young (Normal) (G1 Evacuation Pause) 1946M->98M(2568M) 0.882ms
[287.756s][info][gc] GC(1335) Pause Young (Normal) (G1 Evacuation Pause) 1994M->98M(2568M) 0.939ms
[288.016s][info][gc] GC(1336) Pause Young (Normal) (G1 Evacuation Pause) 2090M->98M(2568M) 0.885ms
[288.275s][info][gc] GC(1337) Pause Young (Normal) (G1 Evacuation Pause) 2042M->98M(2568M) 0.639ms
[288.535s][info][gc] GC(1338) Pause Young (Normal) (G1 Evacuation Pause) 1826M->98M(2568M) 0.869ms
[288.802s][info][gc] GC(1339) Pause Young (Normal) (G1 Evacuation Pause) 1802M->99M(2568M) 0.951ms
[289.057s][info][gc] GC(1340) Pause Young (Normal) (G1 Evacuation Pause) 1911M->98M(2568M) 0.924ms
[289.321s][info][gc] GC(1341) Pause Young (Normal) (G1 Evacuation Pause) 1850M->99M(2568M) 1.169ms
[289.576s][info][gc] GC(1342) Pause Young (Normal) (G1 Evacuation Pause) 1815M->98M(2568M) 0.905ms
[289.835s][info][gc] GC(1343) Pause Young (Normal) (G1 Evacuation Pause) 1802M->98M(2568M) 0.628ms
[290.095s][info][gc] GC(1344) Pause Young (Normal) (G1 Evacuation Pause) 1850M->98M(2568M) 0.864ms
[290.356s][info][gc] GC(1345) Pause Young (Normal) (G1 Evacuation Pause) 1754M->98M(2568M) 1.021ms
[290.615s][info][gc] GC(1346) Pause Young (Normal) (G1 Evacuation Pause) 1814M->98M(2568M) 0.871ms
[290.877s][info][gc] GC(1347) Pause Young (Normal) (G1 Evacuation Pause) 1922M->98M(2568M) 0.953ms
[291.138s][info][gc] GC(1348) Pause Young (Normal) (G1 Evacuation Pause) 1790M->98M(2568M) 0.948ms
[291.397s][info][gc] GC(1349) Pause Young (Normal) (G1 Evacuation Pause) 2054M->98M(2568M) 1.181ms
[291.657s][info][gc] GC(1350) Pause Young (Normal) (G1 Evacuation Pause) 1862M->98M(2568M) 0.654ms
[291.918s][info][gc] GC(1351) Pause Young (Normal) (G1 Evacuation Pause) 1802M->98M(2568M) 0.933ms
[292.177s][info][gc] GC(1352) Pause Young (Normal) (G1 Evacuation Pause) 1790M->98M(2568M) 0.591ms
[292.437s][info][gc] GC(1353) Pause Young (Normal) (G1 Evacuation Pause) 1862M->98M(2568M) 0.626ms
[292.696s][info][gc] GC(1354) Pause Young (Normal) (G1 Evacuation Pause) 1778M->98M(2568M) 0.615ms
[292.956s][info][gc] GC(1355) Pause Young (Normal) (G1 Evacuation Pause) 1802M->98M(2568M) 0.584ms
[293.216s][info][gc] GC(1356) Pause Young (Normal) (G1 Evacuation Pause) 1742M->98M(2568M) 0.641ms
[293.476s][info][gc] GC(1357) Pause Young (Normal) (G1 Evacuation Pause) 1682M->98M(2568M) 0.562ms
[293.736s][info][gc] GC(1358) Pause Young (Normal) (G1 Evacuation Pause) 1754M->98M(2568M) 0.609ms
[293.996s][info][gc] GC(1359) Pause Young (Normal) (G1 Evacuation Pause) 1742M->98M(2568M) 0.605ms
[294.267s][info][gc] GC(1360) Pause Young (Normal) (G1 Evacuation Pause) 2126M->101M(2568M) 0.913ms
[294.524s][info][gc] GC(1361) Pause Young (Normal) (G1 Evacuation Pause) 2033M->99M(2568M) 0.771ms
[294.781s][info][gc] GC(1362) Pause Young (Normal) (G1 Evacuation Pause) 1995M->98M(2568M) 0.697ms
[295.040s][info][gc] GC(1363) Pause Young (Normal) (G1 Evacuation Pause) 1898M->98M(2568M) 0.727ms
[295.298s][info][gc] GC(1364) Pause Young (Normal) (G1 Evacuation Pause) 1790M->98M(2568M) 0.602ms
[295.558s][info][gc] GC(1365) Pause Young (Normal) (G1 Evacuation Pause) 1814M->98M(2568M) 0.692ms
[295.817s][info][gc] GC(1366) Pause Young (Normal) (G1 Evacuation Pause) 1802M->98M(2568M) 0.662ms
[296.085s][info][gc] GC(1367) Pause Young (Normal) (G1 Evacuation Pause) 1862M->100M(2568M) 0.783ms
[296.356s][info][gc] GC(1368) Pause Young (Normal) (G1 Evacuation Pause) 1972M->101M(2568M) 0.952ms
[296.607s][info][gc] GC(1369) Pause Young (Normal) (G1 Evacuation Pause) 1997M->100M(2568M) 0.813ms
[296.868s][info][gc] GC(1370) Pause Young (Normal) (G1 Evacuation Pause) 2068M->100M(2568M) 0.757ms
[297.124s][info][gc] GC(1371) Pause Young (Normal) (G1 Evacuation Pause) 1900M->99M(2568M) 0.668ms
[297.388s][info][gc] GC(1372) Pause Young (Normal) (G1 Evacuation Pause) 2211M->99M(2568M) 0.806ms
[297.640s][info][gc] GC(1373) Pause Young (Normal) (G1 Evacuation Pause) 1935M->98M(2568M) 0.632ms
[297.901s][info][gc] GC(1374) Pause Young (Normal) (G1 Evacuation Pause) 1778M->98M(2568M) 0.614ms
[298.160s][info][gc] GC(1375) Pause Young (Normal) (G1 Evacuation Pause) 1730M->98M(2568M) 0.539ms
[298.419s][info][gc] GC(1376) Pause Young (Normal) (G1 Evacuation Pause) 1790M->98M(2568M) 0.570ms
[298.679s][info][gc] GC(1377) Pause Young (Normal) (G1 Evacuation Pause) 1718M->98M(2568M) 0.576ms
[298.938s][info][gc] GC(1378) Pause Young (Normal) (G1 Evacuation Pause) 1778M->98M(2568M) 0.592ms
[299.198s][info][gc] GC(1379) Pause Young (Normal) (G1 Evacuation Pause) 1778M->98M(2568M) 0.590ms
[299.457s][info][gc] GC(1380) Pause Young (Normal) (G1 Evacuation Pause) 1742M->98M(2568M) 0.575ms
[299.717s][info][gc] GC(1381) Pause Young (Normal) (G1 Evacuation Pause) 1706M->98M(2568M) 0.572ms
[299.978s][info][gc] GC(1382) Pause Young (Normal) (G1 Evacuation Pause) 1778M->98M(2568M) 0.600ms
[300.244s][info][gc] GC(1383) Pause Young (Normal) (G1 Evacuation Pause) 1706M->99M(2568M) 0.668ms
[300.500s][info][gc] GC(1384) Pause Young (Normal) (G1 Evacuation Pause) 1923M->98M(2568M) 0.621ms
[300.762s][info][gc] GC(1385) Pause Young (Normal) (G1 Evacuation Pause) 1802M->99M(2568M) 0.675ms
[301.022s][info][gc] GC(1386) Pause Young (Normal) (G1 Evacuation Pause) 1791M->99M(2568M) 0.753ms
[301.280s][info][gc] GC(1387) Pause Young (Normal) (G1 Evacuation Pause) 1899M->99M(2568M) 0.699ms
[301.537s][info][gc] GC(1388) Pause Young (Normal) (G1 Evacuation Pause) 1815M->98M(2568M) 0.690ms
[301.798s][info][gc] GC(1389) Pause Young (Normal) (G1 Evacuation Pause) 1826M->98M(2568M) 0.723ms
[302.065s][info][gc] GC(1390) Pause Young (Normal) (G1 Evacuation Pause) 2102M->99M(2568M) 0.833ms
[302.333s][info][gc] GC(1391) Pause Young (Normal) (G1 Evacuation Pause) 2151M->101M(2568M) 0.986ms
[302.595s][info][gc] GC(1392) Pause Young (Normal) (G1 Evacuation Pause) 2201M->101M(2568M) 1.097ms
[302.843s][info][gc] GC(1393) Pause Young (Normal) (G1 Evacuation Pause) 2041M->100M(2568M) 0.837ms
[303.097s][info][gc] GC(1394) Pause Young (Normal) (G1 Evacuation Pause) 1864M->98M(2568M) 0.706ms
[303.356s][info][gc] GC(1395) Pause Young (Normal) (G1 Evacuation Pause) 1778M->98M(2568M) 0.675ms
[303.617s][info][gc] GC(1396) Pause Young (Normal) (G1 Evacuation Pause) 1706M->98M(2568M) 0.655ms
[303.876s][info][gc] GC(1397) Pause Young (Normal) (G1 Evacuation Pause) 1754M->98M(2568M) 0.728ms
[304.136s][info][gc] GC(1398) Pause Young (Normal) (G1 Evacuation Pause) 1706M->98M(2568M) 0.613ms
[304.396s][info][gc] GC(1399) Pause Young (Normal) (G1 Evacuation Pause) 1742M->98M(2568M) 0.663ms
[304.656s][info][gc] GC(1400) Pause Young (Normal) (G1 Evacuation Pause) 1766M->98M(2568M) 0.678ms
[304.917s][info][gc] GC(1401) Pause Young (Normal) (G1 Evacuation Pause) 1706M->98M(2568M) 0.665ms
[305.180s][info][gc] GC(1402) Pause Young (Normal) (G1 Evacuation Pause) 1790M->99M(2568M) 0.691ms
[305.437s][info][gc] GC(1403) Pause Young (Normal) (G1 Evacuation Pause) 1779M->98M(2568M) 0.628ms
[305.696s][info][gc] GC(1404) Pause Young (Normal) (G1 Evacuation Pause) 1802M->98M(2568M) 0.615ms
[305.956s][info][gc] GC(1405) Pause Young (Normal) (G1 Evacuation Pause) 1790M->98M(2568M) 0.656ms
[306.217s][info][gc] GC(1406) Pause Young (Normal) (G1 Evacuation Pause) 1874M->98M(2568M) 0.635ms
[306.475s][info][gc] GC(1407) Pause Young (Normal) (G1 Evacuation Pause) 1826M->98M(2568M) 0.595ms
[306.734s][info][gc] GC(1408) Pause Young (Normal) (G1 Evacuation Pause) 1754M->98M(2568M) 0.579ms
[306.996s][info][gc] GC(1409) Pause Young (Normal) (G1 Evacuation Pause) 1742M->98M(2568M) 0.581ms
[307.254s][info][gc] GC(1410) Pause Young (Normal) (G1 Evacuation Pause) 1718M->98M(2568M) 0.597ms
[307.514s][info][gc] GC(1411) Pause Young (Normal) (G1 Evacuation Pause) 1730M->98M(2568M) 0.592ms
[307.773s][info][gc] GC(1412) Pause Young (Normal) (G1 Evacuation Pause) 1778M->98M(2568M) 0.559ms
[308.045s][info][gc] GC(1413) Pause Young (Normal) (G1 Evacuation Pause) 1790M->100M(2568M) 0.744ms
[308.302s][info][gc] GC(1414) Pause Young (Normal) (G1 Evacuation Pause) 2272M->100M(2568M) 0.823ms
[308.559s][info][gc] GC(1415) Pause Young (Normal) (G1 Evacuation Pause) 2176M->99M(2568M) 0.678ms
[308.820s][info][gc] GC(1416) Pause Young (Normal) (G1 Evacuation Pause) 1851M->99M(2568M) 0.726ms
[309.082s][info][gc] GC(1417) Pause Young (Normal) (G1 Evacuation Pause) 2019M->100M(2568M) 0.760ms
[309.352s][info][gc] GC(1418) Pause Young (Normal) (G1 Evacuation Pause) 2296M->101M(2568M) 0.866ms
[309.622s][info][gc] GC(1419) Pause Young (Normal) (G1 Evacuation Pause) 2393M->102M(2568M) 1.014ms
[309.894s][info][gc] GC(1420) Pause Young (Normal) (G1 Evacuation Pause) 2358M->107M(2568M) 0.732ms
[310.167s][info][gc] GC(1421) Pause Young (Normal) (G1 Evacuation Pause) 2563M->107M(2572M) 0.855ms
[310.432s][info][gc] GC(1422) Pause Young (Normal) (G1 Evacuation Pause) 2439M->107M(2572M) 0.734ms
[310.690s][info][gc] GC(1423) Pause Young (Normal) (G1 Evacuation Pause) 2003M->104M(2572M) 0.762ms
[310.946s][info][gc] GC(1424) Pause Young (Normal) (G1 Evacuation Pause) 2072M->104M(2572M) 0.721ms
[311.200s][info][gc] GC(1425) Pause Young (Normal) (G1 Evacuation Pause) 2184M->101M(2572M) 0.923ms
[311.460s][info][gc] GC(1426) Pause Young (Normal) (G1 Evacuation Pause) 2273M->100M(2572M) 0.873ms
[311.715s][info][gc] GC(1427) Pause Young (Normal) (G1 Evacuation Pause) 2092M->100M(2572M) 0.800ms
[311.976s][info][gc] GC(1428) Pause Young (Normal) (G1 Evacuation Pause) 2140M->100M(2572M) 0.922ms
[312.231s][info][gc] GC(1429) Pause Young (Normal) (G1 Evacuation Pause) 1936M->99M(2572M) 0.933ms
[312.493s][info][gc] GC(1430) Pause Young (Normal) (G1 Evacuation Pause) 1755M->100M(2572M) 0.741ms
[312.757s][info][gc] GC(1431) Pause Young (Normal) (G1 Evacuation Pause) 1876M->100M(2572M) 0.737ms
[313.016s][info][gc] GC(1432) Pause Young (Normal) (G1 Evacuation Pause) 1744M->100M(2572M) 0.695ms
[313.272s][info][gc] GC(1433) Pause Young (Normal) (G1 Evacuation Pause) 1840M->99M(2572M) 0.646ms
[313.533s][info][gc] GC(1434) Pause Young (Normal) (G1 Evacuation Pause) 1659M->100M(2572M) 0.691ms
[313.791s][info][gc] GC(1435) Pause Young (Normal) (G1 Evacuation Pause) 1780M->99M(2572M) 0.673ms
[314.053s][info][gc] GC(1436) Pause Young (Normal) (G1 Evacuation Pause) 1863M->99M(2572M) 0.764ms
[314.311s][info][gc] GC(1437) Pause Young (Normal) (G1 Evacuation Pause) 1815M->99M(2572M) 0.646ms
[314.575s][info][gc] GC(1438) Pause Young (Normal) (G1 Evacuation Pause) 1939M->100M(2572M) 0.744ms
[314.828s][info][gc] GC(1439) Pause Young (Normal) (G1 Evacuation Pause) 1816M->98M(2572M) 0.647ms
[315.088s][info][gc] GC(1440) Pause Young (Normal) (G1 Evacuation Pause) 1754M->98M(2572M) 0.576ms
[315.348s][info][gc] GC(1441) Pause Young (Normal) (G1 Evacuation Pause) 1706M->98M(2572M) 0.551ms
[315.607s][info][gc] GC(1442) Pause Young (Normal) (G1 Evacuation Pause) 1826M->98M(2572M) 0.600ms
[315.870s][info][gc] GC(1443) Pause Young (Normal) (G1 Evacuation Pause) 1670M->99M(2572M) 0.594ms
[316.132s][info][gc] GC(1444) Pause Young (Normal) (G1 Evacuation Pause) 1767M->99M(2572M) 0.623ms
[316.397s][info][gc] GC(1445) Pause Young (Normal) (G1 Evacuation Pause) 2223M->100M(2572M) 0.774ms
[316.659s][info][gc] GC(1446) Pause Young (Normal) (G1 Evacuation Pause) 2140M->100M(2572M) 0.760ms
[316.917s][info][gc] GC(1447) Pause Young (Normal) (G1 Evacuation Pause) 2020M->99M(2572M) 0.733ms
[317.175s][info][gc] GC(1448) Pause Young (Normal) (G1 Evacuation Pause) 1803M->100M(2572M) 0.780ms
[317.435s][info][gc] GC(1449) Pause Young (Normal) (G1 Evacuation Pause) 1732M->99M(2572M) 0.740ms
[317.693s][info][gc] GC(1450) Pause Young (Normal) (G1 Evacuation Pause) 1719M->99M(2572M) 0.639ms
[317.956s][info][gc] GC(1451) Pause Young (Normal) (G1 Evacuation Pause) 1659M->99M(2572M) 0.676ms
[318.214s][info][gc] GC(1452) Pause Young (Normal) (G1 Evacuation Pause) 1815M->99M(2572M) 0.853ms
[318.476s][info][gc] GC(1453) Pause Young (Normal) (G1 Evacuation Pause) 1875M->99M(2572M) 0.674ms
[318.733s][info][gc] GC(1454) Pause Young (Normal) (G1 Evacuation Pause) 1803M->99M(2572M) 0.596ms
[318.995s][info][gc] GC(1455) Pause Young (Normal) (G1 Evacuation Pause) 1743M->99M(2572M) 0.680ms
[319.254s][info][gc] GC(1456) Pause Young (Normal) (G1 Evacuation Pause) 1887M->100M(2572M) 0.639ms
[319.515s][info][gc] GC(1457) Pause Young (Normal) (G1 Evacuation Pause) 1780M->99M(2572M) 0.604ms
[319.772s][info][gc] GC(1458) Pause Young (Normal) (G1 Evacuation Pause) 1791M->99M(2572M) 0.978ms
[320.034s][info][gc] GC(1459) Pause Young (Normal) (G1 Evacuation Pause) 1839M->100M(2572M) 0.669ms
[320.291s][info][gc] GC(1460) Pause Young (Normal) (G1 Evacuation Pause) 1816M->99M(2572M) 0.661ms
[320.554s][info][gc] GC(1461) Pause Young (Normal) (G1 Evacuation Pause) 1875M->100M(2572M) 0.873ms
[320.814s][info][gc] GC(1462) Pause Young (Normal) (G1 Evacuation Pause) 1792M->100M(2572M) 1.165ms
[321.072s][info][gc] GC(1463) Pause Young (Normal) (G1 Evacuation Pause) 1972M->99M(2572M) 0.916ms
[321.333s][info][gc] GC(1464) Pause Young (Normal) (G1 Evacuation Pause) 2031M->99M(2572M) 0.663ms
[321.595s][info][gc] GC(1465) Pause Young (Normal) (G1 Evacuation Pause) 2247M->100M(2572M) 0.819ms
[321.858s][info][gc] GC(1466) Pause Young (Normal) (G1 Evacuation Pause) 2260M->100M(2572M) 0.743ms
[322.142s][info][gc] GC(1467) Pause Young (Normal) (G1 Evacuation Pause) 2152M->104M(2572M) 0.965ms
[322.401s][info][gc] GC(1468) Pause Young (Normal) (G1 Evacuation Pause) 2328M->103M(2572M) 0.751ms
[322.652s][info][gc] GC(1469) Pause Young (Normal) (G1 Evacuation Pause) 2107M->103M(2572M) 1.036ms
[322.903s][info][gc] GC(1470) Pause Young (Normal) (G1 Evacuation Pause) 1727M->99M(2572M) 0.661ms
[323.159s][info][gc] GC(1471) Pause Young (Normal) (G1 Evacuation Pause) 1671M->99M(2572M) 0.820ms
[323.419s][info][gc] GC(1472) Pause Young (Normal) (G1 Evacuation Pause) 1695M->99M(2572M) 0.806ms
[323.679s][info][gc] GC(1473) Pause Young (Normal) (G1 Evacuation Pause) 1683M->98M(2572M) 0.885ms
[323.938s][info][gc] GC(1474) Pause Young (Normal) (G1 Evacuation Pause) 1694M->98M(2572M) 0.776ms
[324.198s][info][gc] GC(1475) Pause Young (Normal) (G1 Evacuation Pause) 1682M->98M(2572M) 0.897ms
[324.458s][info][gc] GC(1476) Pause Young (Normal) (G1 Evacuation Pause) 1802M->98M(2572M) 0.715ms
[324.724s][info][gc] GC(1477) Pause Young (Normal) (G1 Evacuation Pause) 1790M->100M(2572M) 0.721ms
[324.977s][info][gc] GC(1478) Pause Young (Normal) (G1 Evacuation Pause) 1816M->99M(2572M) 0.615ms
[325.236s][info][gc] GC(1479) Pause Young (Normal) (G1 Evacuation Pause) 1731M->98M(2572M) 0.538ms
[325.496s][info][gc] GC(1480) Pause Young (Normal) (G1 Evacuation Pause) 1742M->98M(2572M) 0.559ms
[325.756s][info][gc] GC(1481) Pause Young (Normal) (G1 Evacuation Pause) 1790M->98M(2572M) 0.580ms
[326.015s][info][gc] GC(1482) Pause Young (Normal) (G1 Evacuation Pause) 1682M->98M(2572M) 0.547ms
[326.275s][info][gc] GC(1483) Pause Young (Normal) (G1 Evacuation Pause) 1718M->98M(2572M) 0.590ms
[326.544s][info][gc] GC(1484) Pause Young (Normal) (G1 Evacuation Pause) 1802M->100M(2572M) 0.741ms
[326.795s][info][gc] GC(1485) Pause Young (Normal) (G1 Evacuation Pause) 1960M->98M(2572M) 0.606ms
[327.054s][info][gc] GC(1486) Pause Young (Normal) (G1 Evacuation Pause) 1802M->98M(2572M) 0.562ms
[327.314s][info][gc] GC(1487) Pause Young (Normal) (G1 Evacuation Pause) 1778M->98M(2572M) 0.583ms
[327.575s][info][gc] GC(1488) Pause Young (Normal) (G1 Evacuation Pause) 1706M->98M(2572M) 0.591ms
[327.836s][info][gc] GC(1489) Pause Young (Normal) (G1 Evacuation Pause) 1850M->98M(2572M) 0.610ms
[328.094s][info][gc] GC(1490) Pause Young (Normal) (G1 Evacuation Pause) 1790M->99M(2572M) 0.586ms
[328.354s][info][gc] GC(1491) Pause Young (Normal) (G1 Evacuation Pause) 1779M->98M(2572M) 0.549ms
[328.615s][info][gc] GC(1492) Pause Young (Normal) (G1 Evacuation Pause) 1778M->99M(2572M) 0.594ms
[328.876s][info][gc] GC(1493) Pause Young (Normal) (G1 Evacuation Pause) 1755M->99M(2572M) 0.569ms
[329.134s][info][gc] GC(1494) Pause Young (Normal) (G1 Evacuation Pause) 1791M->99M(2572M) 0.594ms
[329.393s][info][gc] GC(1495) Pause Young (Normal) (G1 Evacuation Pause) 1731M->99M(2572M) 0.614ms
[329.654s][info][gc] GC(1496) Pause Young (Normal) (G1 Evacuation Pause) 1791M->98M(2572M) 0.589ms
[329.914s][info][gc] GC(1497) Pause Young (Normal) (G1 Evacuation Pause) 1754M->98M(2572M) 0.829ms
[330.174s][info][gc] GC(1498) Pause Young (Normal) (G1 Evacuation Pause) 1718M->98M(2572M) 0.875ms
[330.436s][info][gc] GC(1499) Pause Young (Normal) (G1 Evacuation Pause) 1874M->99M(2572M) 0.855ms
[330.704s][info][gc] GC(1500) Pause Young (Normal) (G1 Evacuation Pause) 1899M->99M(2572M) 0.994ms
[330.971s][info][gc] GC(1501) Pause Young (Normal) (G1 Evacuation Pause) 2019M->103M(2572M) 0.884ms
[331.223s][info][gc] GC(1502) Pause Young (Normal) (G1 Evacuation Pause) 2171M->100M(2572M) 0.915ms
[331.478s][info][gc] GC(1503) Pause Young (Normal) (G1 Evacuation Pause) 2092M->99M(2572M) 0.940ms
[331.738s][info][gc] GC(1504) Pause Young (Normal) (G1 Evacuation Pause) 1851M->99M(2572M) 0.924ms
[331.997s][info][gc] GC(1505) Pause Young (Normal) (G1 Evacuation Pause) 1839M->98M(2572M) 0.608ms
[332.256s][info][gc] GC(1506) Pause Young (Normal) (G1 Evacuation Pause) 1790M->98M(2572M) 0.553ms
[332.517s][info][gc] GC(1507) Pause Young (Normal) (G1 Evacuation Pause) 1814M->99M(2572M) 0.597ms
[332.778s][info][gc] GC(1508) Pause Young (Normal) (G1 Evacuation Pause) 1779M->98M(2572M) 0.541ms
[333.037s][info][gc] GC(1509) Pause Young (Normal) (G1 Evacuation Pause) 1766M->98M(2572M) 0.595ms
[333.297s][info][gc] GC(1510) Pause Young (Normal) (G1 Evacuation Pause) 1814M->98M(2572M) 0.639ms
[333.559s][info][gc] GC(1511) Pause Young (Normal) (G1 Evacuation Pause) 1754M->99M(2572M) 0.601ms
[333.817s][info][gc] GC(1512) Pause Young (Normal) (G1 Evacuation Pause) 1767M->98M(2572M) 0.907ms
[334.078s][info][gc] GC(1513) Pause Young (Normal) (G1 Evacuation Pause) 1802M->98M(2572M) 0.576ms
[334.336s][info][gc] GC(1514) Pause Young (Normal) (G1 Evacuation Pause) 1754M->99M(2572M) 0.554ms
[334.603s][info][gc] GC(1515) Pause Young (Normal) (G1 Evacuation Pause) 1803M->100M(2572M) 0.657ms
[334.858s][info][gc] GC(1516) Pause Young (Normal) (G1 Evacuation Pause) 1720M->98M(2572M) 0.628ms
[335.117s][info][gc] GC(1517) Pause Young (Normal) (G1 Evacuation Pause) 1754M->98M(2572M) 0.511ms
[335.377s][info][gc] GC(1518) Pause Young (Normal) (G1 Evacuation Pause) 1730M->98M(2572M) 0.569ms
[335.636s][info][gc] GC(1519) Pause Young (Normal) (G1 Evacuation Pause) 1682M->99M(2572M) 0.584ms
[335.897s][info][gc] GC(1520) Pause Young (Normal) (G1 Evacuation Pause) 1731M->99M(2572M) 0.690ms
[336.156s][info][gc] GC(1521) Pause Young (Normal) (G1 Evacuation Pause) 1731M->99M(2572M) 0.568ms
[336.416s][info][gc] GC(1522) Pause Young (Normal) (G1 Evacuation Pause) 1851M->98M(2572M) 0.581ms
[336.676s][info][gc] GC(1523) Pause Young (Normal) (G1 Evacuation Pause) 1814M->98M(2572M) 0.570ms
[336.935s][info][gc] GC(1524) Pause Young (Normal) (G1 Evacuation Pause) 1826M->98M(2572M) 0.563ms
[337.195s][info][gc] GC(1525) Pause Young (Normal) (G1 Evacuation Pause) 1862M->98M(2572M) 0.925ms
[337.458s][info][gc] GC(1526) Pause Young (Normal) (G1 Evacuation Pause) 1766M->99M(2572M) 0.656ms
[337.717s][info][gc] GC(1527) Pause Young (Normal) (G1 Evacuation Pause) 1875M->99M(2572M) 0.643ms
[337.974s][info][gc] GC(1528) Pause Young (Normal) (G1 Evacuation Pause) 1899M->99M(2572M) 0.894ms
[338.233s][info][gc] GC(1529) Pause Young (Normal) (G1 Evacuation Pause) 1827M->99M(2572M) 0.861ms
[338.496s][info][gc] GC(1530) Pause Young (Normal) (G1 Evacuation Pause) 1755M->99M(2572M) 0.866ms
[338.776s][info][gc] GC(1531) Pause Young (Normal) (G1 Evacuation Pause) 2143M->102M(2572M) 1.026ms
[339.032s][info][gc] GC(1532) Pause Young (Normal) (G1 Evacuation Pause) 2210M->102M(2572M) 0.959ms
[339.288s][info][gc] GC(1533) Pause Young (Normal) (G1 Evacuation Pause) 2322M->101M(2572M) 1.097ms
[339.540s][info][gc] GC(1534) Pause Young (Normal) (G1 Evacuation Pause) 1973M->99M(2572M) 0.858ms
[339.797s][info][gc] GC(1535) Pause Young (Normal) (G1 Evacuation Pause) 1983M->99M(2572M) 0.989ms
[340.058s][info][gc] GC(1536) Pause Young (Normal) (G1 Evacuation Pause) 1923M->99M(2572M) 0.897ms
[340.318s][info][gc] GC(1537) Pause Young (Normal) (G1 Evacuation Pause) 1911M->99M(2572M) 0.876ms
[340.578s][info][gc] GC(1538) Pause Young (Normal) (G1 Evacuation Pause) 1791M->98M(2572M) 0.654ms
[340.842s][info][gc] GC(1539) Pause Young (Normal) (G1 Evacuation Pause) 1790M->99M(2572M) 0.647ms
[341.103s][info][gc] GC(1540) Pause Young (Normal) (G1 Evacuation Pause) 1803M->100M(2572M) 0.606ms
[341.360s][info][gc] GC(1541) Pause Young (Normal) (G1 Evacuation Pause) 1888M->98M(2572M) 1.073ms
[341.620s][info][gc] GC(1542) Pause Young (Normal) (G1 Evacuation Pause) 1706M->99M(2572M) 0.905ms
[341.880s][info][gc] GC(1543) Pause Young (Normal) (G1 Evacuation Pause) 1779M->98M(2572M) 0.559ms
[342.143s][info][gc] GC(1544) Pause Young (Normal) (G1 Evacuation Pause) 1730M->99M(2572M) 0.841ms
[342.400s][info][gc] GC(1545) Pause Young (Normal) (G1 Evacuation Pause) 1755M->99M(2572M) 0.585ms
[342.659s][info][gc] GC(1546) Pause Young (Normal) (G1 Evacuation Pause) 1695M->99M(2572M) 0.567ms
[342.928s][info][gc] GC(1547) Pause Young (Normal) (G1 Evacuation Pause) 1743M->100M(2572M) 0.800ms
[343.184s][info][gc] GC(1548) Pause Young (Normal) (G1 Evacuation Pause) 2020M->99M(2572M) 0.645ms
[343.440s][info][gc] GC(1549) Pause Young (Normal) (G1 Evacuation Pause) 1875M->98M(2572M) 0.606ms
[343.703s][info][gc] GC(1550) Pause Young (Normal) (G1 Evacuation Pause) 1754M->99M(2572M) 0.582ms
[343.959s][info][gc] GC(1551) Pause Young (Normal) (G1 Evacuation Pause) 1875M->99M(2572M) 0.608ms
[344.219s][info][gc] GC(1552) Pause Young (Normal) (G1 Evacuation Pause) 1875M->98M(2572M) 0.574ms
[344.482s][info][gc] GC(1553) Pause Young (Normal) (G1 Evacuation Pause) 2462M->99M(2572M) 0.809ms
[344.740s][info][gc] GC(1554) Pause Young (Normal) (G1 Evacuation Pause) 1647M->99M(2572M) 0.587ms
[345.028s][info][gc] GC(1555) Pause Young (Normal) (G1 Evacuation Pause) 1747M->103M(2572M) 0.584ms
[345.298s][info][gc] GC(1556) Pause Young (Normal) (G1 Evacuation Pause) 1831M->106M(2572M) 0.550ms
[345.551s][info][gc] GC(1557) Pause Young (Normal) (G1 Evacuation Pause) 1842M->107M(2572M) 0.609ms
[345.820s][info][gc] GC(1558) Pause Young (Normal) (G1 Evacuation Pause) 2007M->107M(2572M) 0.944ms
[346.077s][info][gc] GC(1559) Pause Young (Normal) (G1 Evacuation Pause) 1871M->107M(2572M) 0.597ms
[346.346s][info][gc] GC(1560) Pause Young (Normal) (G1 Evacuation Pause) 1891M->103M(2572M) 0.640ms
[346.601s][info][gc] GC(1561) Pause Young (Normal) (G1 Evacuation Pause) 1883M->103M(2572M) 0.684ms
[346.855s][info][gc] GC(1562) Pause Young (Normal) (G1 Evacuation Pause) 2047M->100M(2572M) 0.839ms
[347.107s][info][gc] GC(1563) Pause Young (Normal) (G1 Evacuation Pause) 1900M->101M(2572M) 0.666ms
[347.362s][info][gc] GC(1564) Pause Young (Normal) (G1 Evacuation Pause) 1937M->99M(2572M) 0.651ms
[347.622s][info][gc] GC(1565) Pause Young (Normal) (G1 Evacuation Pause) 1779M->99M(2572M) 0.602ms
[347.885s][info][gc] GC(1566) Pause Young (Normal) (G1 Evacuation Pause) 1839M->99M(2572M) 0.651ms
[348.147s][info][gc] GC(1567) Pause Young (Normal) (G1 Evacuation Pause) 1827M->99M(2572M) 0.661ms
[348.405s][info][gc] GC(1568) Pause Young (Normal) (G1 Evacuation Pause) 1971M->100M(2572M) 0.717ms
[348.661s][info][gc] GC(1569) Pause Young (Normal) (G1 Evacuation Pause) 1972M->99M(2572M) 0.646ms
[348.922s][info][gc] GC(1570) Pause Young (Normal) (G1 Evacuation Pause) 1803M->99M(2572M) 0.659ms
[349.183s][info][gc] GC(1571) Pause Young (Normal) (G1 Evacuation Pause) 2139M->99M(2572M) 0.661ms
[349.440s][info][gc] GC(1572) Pause Young (Normal) (G1 Evacuation Pause) 2091M->99M(2572M) 0.667ms
[349.700s][info][gc] GC(1573) Pause Young (Normal) (G1 Evacuation Pause) 1791M->99M(2572M) 0.625ms
[349.961s][info][gc] GC(1574) Pause Young (Normal) (G1 Evacuation Pause) 1755M->98M(2572M) 0.585ms
[350.222s][info][gc] GC(1575) Pause Young (Normal) (G1 Evacuation Pause) 1730M->99M(2572M) 0.607ms
[350.483s][info][gc] GC(1576) Pause Young (Normal) (G1 Evacuation Pause) 1791M->98M(2572M) 0.602ms
[350.735s][info][gc] GC(1577) Pause Young (Normal) (G1 Evacuation Pause) 2566M->100M(2576M) 1.190ms
[351.011s][info][gc] GC(1578) Pause Young (Normal) (G1 Evacuation Pause) 2088M->103M(2576M) 0.681ms
[351.269s][info][gc] GC(1579) Pause Young (Normal) (G1 Evacuation Pause) 2083M->101M(2576M) 0.948ms
[351.515s][info][gc] GC(1580) Pause Young (Normal) (G1 Evacuation Pause) 1857M->99M(2576M) 0.684ms
[351.776s][info][gc] GC(1581) Pause Young (Normal) (G1 Evacuation Pause) 1759M->99M(2576M) 0.612ms
[352.036s][info][gc] GC(1582) Pause Young (Normal) (G1 Evacuation Pause) 1723M->98M(2576M) 0.593ms
[352.305s][info][gc] GC(1583) Pause Young (Normal) (G1 Evacuation Pause) 1806M->100M(2576M) 0.767ms
[352.575s][info][gc] GC(1584) Pause Young (Normal) (G1 Evacuation Pause) 1948M->103M(2576M) 0.634ms
[352.824s][info][gc] GC(1585) Pause Young (Normal) (G1 Evacuation Pause) 1883M->99M(2576M) 0.663ms
[353.082s][info][gc] GC(1586) Pause Young (Normal) (G1 Evacuation Pause) 1831M->99M(2576M) 0.598ms
[353.344s][info][gc] GC(1587) Pause Young (Normal) (G1 Evacuation Pause) 1699M->99M(2576M) 0.580ms
[353.608s][info][gc] GC(1588) Pause Young (Normal) (G1 Evacuation Pause) 1759M->99M(2576M) 0.642ms
[353.871s][info][gc] GC(1589) Pause Young (Normal) (G1 Evacuation Pause) 1795M->99M(2576M) 0.654ms
[354.125s][info][gc] GC(1590) Pause Young (Normal) (G1 Evacuation Pause) 1783M->99M(2576M) 0.616ms
[354.399s][info][gc] GC(1591) Pause Young (Normal) (G1 Evacuation Pause) 1807M->101M(2576M) 0.921ms
[354.656s][info][gc] GC(1592) Pause Young (Normal) (G1 Evacuation Pause) 1953M->100M(2576M) 0.750ms
[354.943s][info][gc] GC(1593) Pause Young (Normal) (G1 Evacuation Pause) 2268M->104M(2576M) 0.904ms
[355.215s][info][gc] GC(1594) Pause Young (Normal) (G1 Evacuation Pause) 2160M->107M(2576M) 0.688ms
[355.495s][info][gc] GC(1595) Pause Young (Normal) (G1 Evacuation Pause) 2251M->111M(2576M) 1.219ms
[355.769s][info][gc] GC(1596) Pause Young (Normal) (G1 Evacuation Pause) 2535M->115M(2576M) 0.751ms
[356.032s][info][gc] GC(1597) Pause Young (Normal) (G1 Evacuation Pause) 2263M->118M(2576M) 0.639ms
[356.299s][info][gc] GC(1598) Pause Young (Normal) (G1 Evacuation Pause) 2030M->111M(2576M) 2.105ms
[356.578s][info][gc] GC(1599) Pause Young (Normal) (G1 Evacuation Pause) 2327M->111M(2576M) 0.700ms
[356.840s][info][gc] GC(1600) Pause Young (Normal) (G1 Evacuation Pause) 2299M->115M(2576M) 0.686ms
[357.095s][info][gc] GC(1601) Pause Young (Normal) (G1 Evacuation Pause) 2227M->108M(2576M) 0.844ms
[357.349s][info][gc] GC(1602) Pause Young (Normal) (G1 Evacuation Pause) 2116M->107M(2576M) 0.724ms
[357.603s][info][gc] GC(1603) Pause Young (Normal) (G1 Evacuation Pause) 1927M->107M(2576M) 0.633ms
[357.859s][info][gc] GC(1604) Pause Young (Normal) (G1 Evacuation Pause) 1991M->107M(2576M) 0.662ms
[358.133s][info][gc] GC(1605) Pause Young (Normal) (G1 Evacuation Pause) 1983M->107M(2576M) 0.595ms
[358.403s][info][gc] GC(1606) Pause Young (Normal) (G1 Evacuation Pause) 2279M->108M(2576M) 0.856ms
[358.667s][info][gc] GC(1607) Pause Young (Normal) (G1 Evacuation Pause) 2252M->107M(2576M) 0.702ms
[358.933s][info][gc] GC(1608) Pause Young (Normal) (G1 Evacuation Pause) 2199M->107M(2576M) 0.719ms
[359.199s][info][gc] GC(1609) Pause Young (Normal) (G1 Evacuation Pause) 2287M->111M(2576M) 0.686ms
[359.462s][info][gc] GC(1610) Pause Young (Normal) (G1 Evacuation Pause) 2343M->109M(2576M) 0.902ms
[359.723s][info][gc] GC(1611) Pause Young (Normal) (G1 Evacuation Pause) 2249M->104M(2576M) 0.838ms
[359.982s][info][gc] GC(1612) Pause Young (Normal) (G1 Evacuation Pause) 2452M->104M(2576M) 0.780ms
[360.244s][info][gc] GC(1613) Pause Young (Normal) (G1 Evacuation Pause) 2352M->108M(2576M) 0.768ms
[360.502s][info][gc] GC(1614) Pause Young (Normal) (G1 Evacuation Pause) 2248M->105M(2576M) 0.873ms
[360.754s][info][gc] GC(1615) Pause Young (Normal) (G1 Evacuation Pause) 2221M->101M(2576M) 0.885ms
[361.007s][info][gc] GC(1616) Pause Young (Normal) (G1 Evacuation Pause) 2253M->100M(2576M) 0.732ms
[361.264s][info][gc] GC(1617) Pause Young (Normal) (G1 Evacuation Pause) 2168M->99M(2576M) 0.662ms
[361.525s][info][gc] GC(1618) Pause Young (Normal) (G1 Evacuation Pause) 1939M->99M(2576M) 0.621ms
[361.784s][info][gc] GC(1619) Pause Young (Normal) (G1 Evacuation Pause) 1951M->99M(2576M) 0.610ms
[362.046s][info][gc] GC(1620) Pause Young (Normal) (G1 Evacuation Pause) 1903M->99M(2576M) 0.605ms
[362.291s][info][gc] GC(1621) Pause Young (Concurrent Start) (G1 Humongous Allocation) 2463M->91M(2576M) 0.988ms
[362.291s][info][gc] GC(1622) Concurrent Cycle
[362.299s][info][gc] GC(1622) Pause Remark 145M->145M(2576M) 1.599ms
[362.301s][info][gc] GC(1622) Pause Cleanup 157M->157M(2576M) 0.050ms
[362.305s][info][gc] GC(1622) Concurrent Cycle 13.473ms
[362.586s][info][gc] GC(1623) Pause Young (Normal) (G1 Evacuation Pause) 2583M->111M(2592M) 1.312ms
[362.783s][info][gc] GC(1624) Pause Young (Concurrent Start) (G1 Humongous Allocation) 2223M->99M(2592M) 0.950ms
[362.783s][info][gc] GC(1625) Concurrent Cycle
[362.791s][info][gc] GC(1625) Pause Remark 147M->147M(2592M) 1.580ms
[362.793s][info][gc] GC(1625) Pause Cleanup 153M->153M(2592M) 0.041ms
[362.796s][info][gc] GC(1625) Concurrent Cycle 12.842ms
[363.078s][info][gc] GC(1626) Pause Young (Normal) (G1 Evacuation Pause) 2579M->119M(2592M) 0.855ms
[363.339s][info][gc] GC(1627) Pause Young (Normal) (G1 Evacuation Pause) 2303M->119M(2592M) 0.725ms
[363.595s][info][gc] GC(1628) Pause Young (Normal) (G1 Evacuation Pause) 2247M->115M(2592M) 0.709ms
[363.852s][info][gc] GC(1629) Pause Young (Normal) (G1 Evacuation Pause) 2323M->115M(2592M) 0.801ms
[364.107s][info][gc] GC(1630) Pause Young (Normal) (G1 Evacuation Pause) 2451M->111M(2592M) 0.725ms
[364.367s][info][gc] GC(1631) Pause Young (Normal) (G1 Evacuation Pause) 2327M->111M(2592M) 0.725ms
[364.620s][info][gc] GC(1632) Pause Young (Normal) (G1 Evacuation Pause) 2271M->104M(2592M) 0.786ms
[364.891s][info][gc] GC(1633) Pause Young (Normal) (G1 Evacuation Pause) 2272M->108M(2592M) 0.799ms
[365.149s][info][gc] GC(1634) Pause Young (Normal) (G1 Evacuation Pause) 2296M->103M(2592M) 0.677ms
[365.426s][info][gc] GC(1635) Pause Young (Normal) (G1 Evacuation Pause) 2447M->111M(2592M) 0.723ms
[365.701s][info][gc] GC(1636) Pause Young (Normal) (G1 Evacuation Pause) 1835M->99M(2592M) 0.661ms
[365.970s][info][gc] GC(1637) Pause Young (Normal) (G1 Evacuation Pause) 1791M->100M(2592M) 0.730ms
[366.227s][info][gc] GC(1638) Pause Young (Normal) (G1 Evacuation Pause) 1972M->99M(2592M) 0.604ms
[366.488s][info][gc] GC(1639) Pause Young (Normal) (G1 Evacuation Pause) 1815M->99M(2592M) 0.678ms
[366.751s][info][gc] GC(1640) Pause Young (Normal) (G1 Evacuation Pause) 2307M->99M(2592M) 0.731ms
[366.944s][info][gc] GC(1641) Pause Young (Concurrent Start) (G1 Humongous Allocation) 2279M->87M(2592M) 1.019ms
[366.944s][info][gc] GC(1642) Concurrent Cycle
[366.951s][info][gc] GC(1642) Pause Remark 155M->155M(2592M) 1.384ms
[366.953s][info][gc] GC(1642) Pause Cleanup 181M->181M(2592M) 0.053ms
[366.956s][info][gc] GC(1642) Concurrent Cycle 12.589ms
[367.165s][info][gc] GC(1643) Pause Young (Concurrent Start) (G1 Humongous Allocation) 2411M->89M(2592M) 1.421ms
[367.165s][info][gc] GC(1644) Concurrent Cycle
[367.173s][info][gc] GC(1644) Pause Remark 141M->141M(2592M) 1.594ms
[367.176s][info][gc] GC(1644) Pause Cleanup 161M->161M(2592M) 0.054ms
[367.179s][info][gc] GC(1644) Concurrent Cycle 13.351ms
[367.450s][info][gc] GC(1645) Pause Young (Normal) (G1 Evacuation Pause) 2601M->107M(2608M) 1.005ms
[367.663s][info][gc] GC(1646) Pause Young (Concurrent Start) (G1 Humongous Allocation) 2181M->103M(2608M) 0.946ms
[367.663s][info][gc] GC(1647) Concurrent Cycle
[367.670s][info][gc] GC(1647) Pause Remark 151M->151M(2608M) 1.346ms
[367.672s][info][gc] GC(1647) Pause Cleanup 163M->163M(2608M) 0.043ms
[367.675s][info][gc] GC(1647) Concurrent Cycle 12.140ms
[367.830s][info][gc] GC(1648) Pause Young (Concurrent Start) (G1 Humongous Allocation) 1925M->107M(2608M) 1.258ms
[367.830s][info][gc] GC(1649) Concurrent Cycle
[367.838s][info][gc] GC(1649) Pause Remark 169M->169M(2608M) 1.320ms
[367.841s][info][gc] GC(1649) Pause Cleanup 195M->195M(2608M) 0.049ms
[367.844s][info][gc] GC(1649) Concurrent Cycle 13.905ms
[368.098s][info][gc] GC(1650) Pause Young (Normal) (G1 Evacuation Pause) 2363M->123M(2608M) 0.877ms
[368.383s][info][gc] GC(1651) Pause Young (Normal) (G1 Evacuation Pause) 2299M->119M(2608M) 0.926ms
[368.640s][info][gc] GC(1652) Pause Young (Normal) (G1 Evacuation Pause) 2087M->119M(2608M) 0.665ms
[368.895s][info][gc] GC(1653) Pause Young (Normal) (G1 Evacuation Pause) 2147M->119M(2608M) 0.660ms
[369.150s][info][gc] GC(1654) Pause Young (Normal) (G1 Evacuation Pause) 1971M->115M(2608M) 0.621ms
[369.415s][info][gc] GC(1655) Pause Young (Normal) (G1 Evacuation Pause) 2107M->115M(2608M) 0.693ms
[369.669s][info][gc] GC(1656) Pause Young (Normal) (G1 Evacuation Pause) 2155M->113M(2608M) 1.147ms
[369.922s][info][gc] GC(1657) Pause Young (Normal) (G1 Evacuation Pause) 2109M->108M(2608M) 0.787ms
[370.178s][info][gc] GC(1658) Pause Young (Normal) (G1 Evacuation Pause) 1912M->107M(2608M) 0.636ms
[370.439s][info][gc] GC(1659) Pause Young (Normal) (G1 Evacuation Pause) 2083M->107M(2608M) 0.674ms
[370.697s][info][gc] GC(1660) Pause Young (Normal) (G1 Evacuation Pause) 1867M->103M(2608M) 0.907ms
[370.957s][info][gc] GC(1661) Pause Young (Normal) (G1 Evacuation Pause) 1927M->101M(2608M) 1.014ms
[371.225s][info][gc] GC(1662) Pause Young (Normal) (G1 Evacuation Pause) 2001M->103M(2608M) 0.884ms
[371.481s][info][gc] GC(1663) Pause Young (Normal) (G1 Evacuation Pause) 1955M->99M(2608M) 0.940ms
[371.741s][info][gc] GC(1664) Pause Young (Normal) (G1 Evacuation Pause) 1803M->99M(2608M) 0.859ms
[372.006s][info][gc] GC(1665) Pause Young (Normal) (G1 Evacuation Pause) 1839M->99M(2608M) 0.893ms
[372.277s][info][gc] GC(1666) Pause Young (Normal) (G1 Evacuation Pause) 1851M->100M(2608M) 0.995ms
[372.542s][info][gc] GC(1667) Pause Young (Normal) (G1 Evacuation Pause) 1912M->101M(2608M) 0.737ms
[372.801s][info][gc] GC(1668) Pause Young (Normal) (G1 Evacuation Pause) 1793M->99M(2608M) 0.607ms
[373.062s][info][gc] GC(1669) Pause Young (Normal) (G1 Evacuation Pause) 1767M->99M(2608M) 0.571ms
[373.327s][info][gc] GC(1670) Pause Young (Normal) (G1 Evacuation Pause) 1779M->99M(2608M) 0.814ms
[373.590s][info][gc] GC(1671) Pause Young (Normal) (G1 Evacuation Pause) 1911M->99M(2608M) 0.922ms
[373.854s][info][gc] GC(1672) Pause Young (Normal) (G1 Evacuation Pause) 1767M->99M(2608M) 0.813ms
[374.118s][info][gc] GC(1673) Pause Young (Normal) (G1 Evacuation Pause) 1791M->98M(2608M) 0.560ms
[374.382s][info][gc] GC(1674) Pause Young (Normal) (G1 Evacuation Pause) 1694M->99M(2608M) 0.548ms
[374.646s][info][gc] GC(1675) Pause Young (Normal) (G1 Evacuation Pause) 1767M->99M(2608M) 0.577ms
[374.913s][info][gc] GC(1676) Pause Young (Normal) (G1 Evacuation Pause) 1875M->99M(2608M) 0.828ms
[375.175s][info][gc] GC(1677) Pause Young (Normal) (G1 Evacuation Pause) 1755M->99M(2608M) 0.536ms
[375.437s][info][gc] GC(1678) Pause Young (Normal) (G1 Evacuation Pause) 1743M->99M(2608M) 0.552ms
[375.702s][info][gc] GC(1679) Pause Young (Normal) (G1 Evacuation Pause) 1803M->99M(2608M) 0.564ms
[375.966s][info][gc] GC(1680) Pause Young (Normal) (G1 Evacuation Pause) 1683M->99M(2608M) 0.806ms
[376.231s][info][gc] GC(1681) Pause Young (Normal) (G1 Evacuation Pause) 1863M->99M(2608M) 0.932ms
[376.494s][info][gc] GC(1682) Pause Young (Normal) (G1 Evacuation Pause) 1875M->99M(2608M) 0.575ms
[376.760s][info][gc] GC(1683) Pause Young (Normal) (G1 Evacuation Pause) 2043M->99M(2608M) 0.964ms
[377.024s][info][gc] GC(1684) Pause Young (Normal) (G1 Evacuation Pause) 1791M->99M(2608M) 0.605ms
[377.288s][info][gc] GC(1685) Pause Young (Normal) (G1 Evacuation Pause) 1875M->99M(2608M) 0.837ms
[377.551s][info][gc] GC(1686) Pause Young (Normal) (G1 Evacuation Pause) 1899M->98M(2608M) 0.801ms
[377.814s][info][gc] GC(1687) Pause Young (Normal) (G1 Evacuation Pause) 1874M->99M(2608M) 0.608ms
[378.086s][info][gc] GC(1688) Pause Young (Normal) (G1 Evacuation Pause) 2019M->101M(2608M) 0.802ms
[378.360s][info][gc] GC(1689) Pause Young (Normal) (G1 Evacuation Pause) 2253M->104M(2608M) 0.742ms
[378.624s][info][gc] GC(1690) Pause Young (Normal) (G1 Evacuation Pause) 2180M->102M(2608M) 0.909ms
[378.899s][info][gc] GC(1691) Pause Young (Normal) (G1 Evacuation Pause) 2350M->105M(2608M) 0.848ms
[379.184s][info][gc] GC(1692) Pause Young (Normal) (G1 Evacuation Pause) 2093M->107M(2608M) 0.701ms
[379.452s][info][gc] GC(1693) Pause Young (Normal) (G1 Evacuation Pause) 2423M->107M(2608M) 0.835ms
[379.719s][info][gc] GC(1694) Pause Young (Normal) (G1 Evacuation Pause) 2415M->107M(2608M) 0.788ms
[379.983s][info][gc] GC(1695) Pause Young (Normal) (G1 Evacuation Pause) 2287M->104M(2608M) 0.879ms
[380.241s][info][gc] GC(1696) Pause Young (Normal) (G1 Evacuation Pause) 2116M->103M(2608M) 0.761ms
[380.500s][info][gc] GC(1697) Pause Young (Normal) (G1 Evacuation Pause) 1931M->103M(2608M) 1.011ms
[380.758s][info][gc] GC(1698) Pause Young (Normal) (G1 Evacuation Pause) 1939M->100M(2608M) 0.655ms
[381.015s][info][gc] GC(1699) Pause Young (Normal) (G1 Evacuation Pause) 1924M->99M(2608M) 0.631ms
[381.278s][info][gc] GC(1700) Pause Young (Normal) (G1 Evacuation Pause) 1923M->99M(2608M) 0.603ms
[381.542s][info][gc] GC(1701) Pause Young (Normal) (G1 Evacuation Pause) 1755M->99M(2608M) 0.593ms
[381.806s][info][gc] GC(1702) Pause Young (Normal) (G1 Evacuation Pause) 1695M->98M(2608M) 0.598ms
[382.069s][info][gc] GC(1703) Pause Young (Normal) (G1 Evacuation Pause) 1778M->99M(2608M) 0.618ms
[382.334s][info][gc] GC(1704) Pause Young (Normal) (G1 Evacuation Pause) 1851M->99M(2608M) 0.612ms
[382.599s][info][gc] GC(1705) Pause Young (Normal) (G1 Evacuation Pause) 1959M->100M(2608M) 0.987ms
[382.863s][info][gc] GC(1706) Pause Young (Normal) (G1 Evacuation Pause) 1720M->99M(2608M) 0.550ms
[383.128s][info][gc] GC(1707) Pause Young (Normal) (G1 Evacuation Pause) 1803M->99M(2608M) 0.566ms
[383.390s][info][gc] GC(1708) Pause Young (Normal) (G1 Evacuation Pause) 1827M->99M(2608M) 0.605ms
[383.654s][info][gc] GC(1709) Pause Young (Normal) (G1 Evacuation Pause) 1791M->99M(2608M) 0.553ms
[383.918s][info][gc] GC(1710) Pause Young (Normal) (G1 Evacuation Pause) 1875M->99M(2608M) 0.648ms
[384.182s][info][gc] GC(1711) Pause Young (Normal) (G1 Evacuation Pause) 1743M->99M(2608M) 0.624ms
[384.445s][info][gc] GC(1712) Pause Young (Normal) (G1 Evacuation Pause) 1803M->99M(2608M) 0.615ms
[384.710s][info][gc] GC(1713) Pause Young (Normal) (G1 Evacuation Pause) 1779M->99M(2608M) 0.577ms
[384.974s][info][gc] GC(1714) Pause Young (Normal) (G1 Evacuation Pause) 1731M->99M(2608M) 0.623ms
[385.237s][info][gc] GC(1715) Pause Young (Normal) (G1 Evacuation Pause) 1755M->99M(2608M) 0.597ms
[385.500s][info][gc] GC(1716) Pause Young (Normal) (G1 Evacuation Pause) 1695M->99M(2608M) 0.602ms
[385.765s][info][gc] GC(1717) Pause Young (Normal) (G1 Evacuation Pause) 1779M->99M(2608M) 0.619ms
[386.029s][info][gc] GC(1718) Pause Young (Normal) (G1 Evacuation Pause) 1851M->99M(2608M) 0.582ms
[386.292s][info][gc] GC(1719) Pause Young (Normal) (G1 Evacuation Pause) 1875M->99M(2608M) 0.611ms
[386.556s][info][gc] GC(1720) Pause Young (Normal) (G1 Evacuation Pause) 1719M->99M(2608M) 0.588ms
[386.820s][info][gc] GC(1721) Pause Young (Normal) (G1 Evacuation Pause) 1779M->99M(2608M) 0.594ms
[387.084s][info][gc] GC(1722) Pause Young (Normal) (G1 Evacuation Pause) 1755M->99M(2608M) 0.560ms
[387.348s][info][gc] GC(1723) Pause Young (Normal) (G1 Evacuation Pause) 1719M->99M(2608M) 0.628ms
[387.611s][info][gc] GC(1724) Pause Young (Normal) (G1 Evacuation Pause) 1755M->99M(2608M) 0.616ms
[387.875s][info][gc] GC(1725) Pause Young (Normal) (G1 Evacuation Pause) 1767M->99M(2608M) 0.612ms
[388.139s][info][gc] GC(1726) Pause Young (Normal) (G1 Evacuation Pause) 1791M->99M(2608M) 0.604ms
[388.402s][info][gc] GC(1727) Pause Young (Normal) (G1 Evacuation Pause) 1731M->99M(2608M) 0.595ms
[388.668s][info][gc] GC(1728) Pause Young (Normal) (G1 Evacuation Pause) 1767M->99M(2608M) 0.615ms
[388.932s][info][gc] GC(1729) Pause Young (Normal) (G1 Evacuation Pause) 1803M->99M(2608M) 0.639ms
[389.197s][info][gc] GC(1730) Pause Young (Normal) (G1 Evacuation Pause) 1911M->99M(2608M) 0.599ms
[389.463s][info][gc] GC(1731) Pause Young (Normal) (G1 Evacuation Pause) 1743M->99M(2608M) 0.737ms
[389.734s][info][gc] GC(1732) Pause Young (Normal) (G1 Evacuation Pause) 1827M->101M(2608M) 0.811ms
[390.008s][info][gc] GC(1733) Pause Young (Normal) (G1 Evacuation Pause) 1873M->103M(2608M) 0.641ms
[390.277s][info][gc] GC(1734) Pause Young (Normal) (G1 Evacuation Pause) 1919M->103M(2608M) 0.673ms
[390.554s][info][gc] GC(1735) Pause Young (Normal) (G1 Evacuation Pause) 1899M->107M(2608M) 0.639ms
[390.811s][info][gc] GC(1736) Pause Young (Normal) (G1 Evacuation Pause) 1875M->103M(2608M) 0.620ms
[391.070s][info][gc] GC(1737) Pause Young (Normal) (G1 Evacuation Pause) 2047M->103M(2608M) 0.626ms
[391.333s][info][gc] GC(1738) Pause Young (Normal) (G1 Evacuation Pause) 1915M->101M(2608M) 0.857ms
[391.594s][info][gc] GC(1739) Pause Young (Normal) (G1 Evacuation Pause) 1905M->100M(2608M) 0.882ms
[391.850s][info][gc] GC(1740) Pause Young (Normal) (G1 Evacuation Pause) 1840M->99M(2608M) 0.600ms
[392.113s][info][gc] GC(1741) Pause Young (Normal) (G1 Evacuation Pause) 1791M->99M(2608M) 0.733ms
[392.393s][info][gc] GC(1742) Pause Young (Normal) (G1 Evacuation Pause) 1855M->103M(2608M) 0.626ms
[392.662s][info][gc] GC(1743) Pause Young (Normal) (G1 Evacuation Pause) 1883M->103M(2608M) 0.650ms
[392.923s][info][gc] GC(1744) Pause Young (Normal) (G1 Evacuation Pause) 1819M->101M(2608M) 0.844ms
[393.194s][info][gc] GC(1745) Pause Young (Normal) (G1 Evacuation Pause) 1889M->103M(2608M) 0.796ms
[393.455s][info][gc] GC(1746) Pause Young (Normal) (G1 Evacuation Pause) 2463M->101M(2608M) 1.031ms
[393.723s][info][gc] GC(1747) Pause Young (Normal) (G1 Evacuation Pause) 2309M->107M(2608M) 0.699ms
[393.983s][info][gc] GC(1748) Pause Young (Normal) (G1 Evacuation Pause) 1939M->103M(2608M) 0.659ms
[394.246s][info][gc] GC(1749) Pause Young (Normal) (G1 Evacuation Pause) 1891M->101M(2608M) 0.816ms
[394.508s][info][gc] GC(1750) Pause Young (Normal) (G1 Evacuation Pause) 2045M->101M(2608M) 0.795ms
[394.772s][info][gc] GC(1751) Pause Young (Normal) (G1 Evacuation Pause) 1781M->100M(2608M) 0.707ms
[395.032s][info][gc] GC(1752) Pause Young (Normal) (G1 Evacuation Pause) 1912M->100M(2608M) 0.676ms
[395.302s][info][gc] GC(1753) Pause Young (Normal) (G1 Evacuation Pause) 1996M->101M(2608M) 0.782ms
[395.562s][info][gc] GC(1754) Pause Young (Normal) (G1 Evacuation Pause) 2213M->100M(2608M) 0.761ms
[395.822s][info][gc] GC(1755) Pause Young (Normal) (G1 Evacuation Pause) 1984M->99M(2608M) 0.649ms
[396.086s][info][gc] GC(1756) Pause Young (Normal) (G1 Evacuation Pause) 1827M->99M(2608M) 0.608ms
[396.360s][info][gc] GC(1757) Pause Young (Normal) (G1 Evacuation Pause) 1899M->100M(2608M) 0.769ms
[396.631s][info][gc] GC(1758) Pause Young (Normal) (G1 Evacuation Pause) 2084M->103M(2608M) 0.628ms
[396.897s][info][gc] GC(1759) Pause Young (Normal) (G1 Evacuation Pause) 2267M->103M(2608M) 0.681ms
[397.158s][info][gc] GC(1760) Pause Young (Normal) (G1 Evacuation Pause) 2035M->101M(2608M) 0.864ms
[397.417s][info][gc] GC(1761) Pause Young (Normal) (G1 Evacuation Pause) 2069M->100M(2608M) 0.767ms
[397.676s][info][gc] GC(1762) Pause Young (Normal) (G1 Evacuation Pause) 1912M->99M(2608M) 0.648ms
[397.939s][info][gc] GC(1763) Pause Young (Normal) (G1 Evacuation Pause) 1899M->99M(2608M) 0.835ms
[398.206s][info][gc] GC(1764) Pause Young (Normal) (G1 Evacuation Pause) 2031M->100M(2608M) 0.936ms
[398.466s][info][gc] GC(1765) Pause Young (Normal) (G1 Evacuation Pause) 1780M->99M(2608M) 0.576ms
[398.731s][info][gc] GC(1766) Pause Young (Normal) (G1 Evacuation Pause) 1875M->99M(2608M) 0.594ms
[398.994s][info][gc] GC(1767) Pause Young (Normal) (G1 Evacuation Pause) 1719M->99M(2608M) 0.568ms
[399.258s][info][gc] GC(1768) Pause Young (Normal) (G1 Evacuation Pause) 1731M->99M(2608M) 0.570ms
[399.522s][info][gc] GC(1769) Pause Young (Normal) (G1 Evacuation Pause) 1863M->99M(2608M) 0.616ms
[399.795s][info][gc] GC(1770) Pause Young (Normal) (G1 Evacuation Pause) 1719M->101M(2608M) 0.684ms
[400.050s][info][gc] GC(1771) Pause Young (Normal) (G1 Evacuation Pause) 1745M->99M(2608M) 0.605ms
[400.314s][info][gc] GC(1772) Pause Young (Normal) (G1 Evacuation Pause) 1947M->99M(2608M) 0.617ms
[400.583s][info][gc] GC(1773) Pause Young (Normal) (G1 Evacuation Pause) 1935M->99M(2608M) 0.654ms
[400.857s][info][gc] GC(1774) Pause Young (Normal) (G1 Evacuation Pause) 1971M->103M(2608M) 0.623ms
[401.141s][info][gc] GC(1775) Pause Young (Normal) (G1 Evacuation Pause) 2019M->105M(2608M) 0.708ms
[401.434s][info][gc] GC(1776) Pause Young (Normal) (G1 Evacuation Pause) 1973M->109M(2608M) 0.816ms
[401.718s][info][gc] GC(1777) Pause Young (Normal) (G1 Evacuation Pause) 2369M->113M(2608M) 0.824ms
[401.984s][info][gc] GC(1778) Pause Young (Normal) (G1 Evacuation Pause) 2297M->113M(2608M) 0.810ms
[402.244s][info][gc] GC(1779) Pause Young (Normal) (G1 Evacuation Pause) 2273M->113M(2608M) 0.835ms
[402.510s][info][gc] GC(1780) Pause Young (Normal) (G1 Evacuation Pause) 2489M->111M(2608M) 0.837ms
[402.771s][info][gc] GC(1781) Pause Young (Normal) (G1 Evacuation Pause) 2415M->113M(2608M) 0.892ms
[403.025s][info][gc] GC(1782) Pause Young (Normal) (G1 Evacuation Pause) 2221M->108M(2608M) 0.697ms
[403.281s][info][gc] GC(1783) Pause Young (Normal) (G1 Evacuation Pause) 1824M->107M(2608M) 0.644ms
[403.538s][info][gc] GC(1784) Pause Young (Normal) (G1 Evacuation Pause) 1899M->103M(2608M) 0.649ms
[403.794s][info][gc] GC(1785) Pause Young (Normal) (G1 Evacuation Pause) 1951M->100M(2608M) 0.794ms
[404.056s][info][gc] GC(1786) Pause Young (Normal) (G1 Evacuation Pause) 2104M->100M(2608M) 0.778ms
[404.321s][info][gc] GC(1787) Pause Young (Normal) (G1 Evacuation Pause) 1900M->100M(2608M) 0.732ms
[404.581s][info][gc] GC(1788) Pause Young (Normal) (G1 Evacuation Pause) 1804M->99M(2608M) 0.889ms
[404.844s][info][gc] GC(1789) Pause Young (Normal) (G1 Evacuation Pause) 1743M->99M(2608M) 0.558ms
[405.107s][info][gc] GC(1790) Pause Young (Normal) (G1 Evacuation Pause) 1815M->99M(2608M) 0.589ms
[405.373s][info][gc] GC(1791) Pause Young (Normal) (G1 Evacuation Pause) 1899M->99M(2608M) 0.675ms
[405.635s][info][gc] GC(1792) Pause Young (Normal) (G1 Evacuation Pause) 1995M->99M(2608M) 0.711ms
[405.907s][info][gc] GC(1793) Pause Young (Normal) (G1 Evacuation Pause) 1947M->100M(2608M) 0.688ms
[406.167s][info][gc] GC(1794) Pause Young (Normal) (G1 Evacuation Pause) 2092M->100M(2608M) 0.657ms
[406.430s][info][gc] GC(1795) Pause Young (Normal) (G1 Evacuation Pause) 1888M->99M(2608M) 0.614ms
[406.696s][info][gc] GC(1796) Pause Young (Normal) (G1 Evacuation Pause) 2007M->100M(2608M) 0.681ms
[406.957s][info][gc] GC(1797) Pause Young (Normal) (G1 Evacuation Pause) 1864M->99M(2608M) 0.893ms
[407.225s][info][gc] GC(1798) Pause Young (Normal) (G1 Evacuation Pause) 1995M->100M(2608M) 1.262ms
[407.488s][info][gc] GC(1799) Pause Young (Normal) (G1 Evacuation Pause) 2416M->100M(2608M) 1.096ms
[407.800s][info][gc] GC(1800) Pause Young (Normal) (G1 Evacuation Pause) 2088M->107M(2608M) 1.021ms
[408.108s][info][gc] GC(1801) Pause Young (Normal) (G1 Evacuation Pause) 1991M->111M(2608M) 1.024ms
[408.372s][info][gc] GC(1802) Pause Young (Normal) (G1 Evacuation Pause) 1827M->111M(2608M) 0.868ms
[408.632s][info][gc] GC(1803) Pause Young (Normal) (G1 Evacuation Pause) 1863M->111M(2608M) 0.920ms
[408.891s][info][gc] GC(1804) Pause Young (Normal) (G1 Evacuation Pause) 1719M->111M(2608M) 0.863ms
[409.154s][info][gc] GC(1805) Pause Young (Normal) (G1 Evacuation Pause) 1911M->112M(2608M) 0.928ms
[409.418s][info][gc] GC(1806) Pause Young (Normal) (G1 Evacuation Pause) 1900M->112M(2608M) 1.003ms
[409.676s][info][gc] GC(1807) Pause Young (Normal) (G1 Evacuation Pause) 1816M->111M(2608M) 0.842ms
[409.934s][info][gc] GC(1808) Pause Young (Normal) (G1 Evacuation Pause) 2027M->107M(2608M) 0.688ms
[410.194s][info][gc] GC(1809) Pause Young (Normal) (G1 Evacuation Pause) 2111M->107M(2608M) 0.693ms
[410.451s][info][gc] GC(1810) Pause Young (Normal) (G1 Evacuation Pause) 2003M->107M(2608M) 0.748ms
[410.707s][info][gc] GC(1811) Pause Young (Normal) (G1 Evacuation Pause) 1839M->103M(2608M) 0.630ms
[410.964s][info][gc] GC(1812) Pause Young (Normal) (G1 Evacuation Pause) 1923M->101M(2608M) 0.796ms
[411.225s][info][gc] GC(1813) Pause Young (Normal) (G1 Evacuation Pause) 2021M->99M(2608M) 0.653ms
[411.487s][info][gc] GC(1814) Pause Young (Normal) (G1 Evacuation Pause) 2019M->100M(2608M) 0.898ms
[411.751s][info][gc] GC(1815) Pause Young (Normal) (G1 Evacuation Pause) 1948M->100M(2608M) 0.703ms
[412.012s][info][gc] GC(1816) Pause Young (Normal) (G1 Evacuation Pause) 1828M->99M(2608M) 0.587ms
[412.277s][info][gc] GC(1817) Pause Young (Normal) (G1 Evacuation Pause) 1803M->99M(2608M) 0.592ms
[412.541s][info][gc] GC(1818) Pause Young (Normal) (G1 Evacuation Pause) 1923M->99M(2608M) 0.623ms
[412.804s][info][gc] GC(1819) Pause Young (Normal) (G1 Evacuation Pause) 1827M->99M(2608M) 0.602ms
[413.067s][info][gc] GC(1820) Pause Young (Normal) (G1 Evacuation Pause) 1899M->99M(2608M) 0.633ms
[413.331s][info][gc] GC(1821) Pause Young (Normal) (G1 Evacuation Pause) 1899M->99M(2608M) 0.623ms
[413.594s][info][gc] GC(1822) Pause Young (Normal) (G1 Evacuation Pause) 1827M->99M(2608M) 0.630ms
[413.859s][info][gc] GC(1823) Pause Young (Normal) (G1 Evacuation Pause) 1887M->99M(2608M) 0.583ms
[414.122s][info][gc] GC(1824) Pause Young (Normal) (G1 Evacuation Pause) 1911M->99M(2608M) 0.598ms
[414.392s][info][gc] GC(1825) Pause Young (Normal) (G1 Evacuation Pause) 1803M->100M(2608M) 0.674ms
[414.653s][info][gc] GC(1826) Pause Young (Normal) (G1 Evacuation Pause) 1936M->100M(2608M) 0.713ms
[414.914s][info][gc] GC(1827) Pause Young (Normal) (G1 Evacuation Pause) 1852M->99M(2608M) 0.599ms
[415.181s][info][gc] GC(1828) Pause Young (Normal) (G1 Evacuation Pause) 1839M->100M(2608M) 0.630ms
[415.442s][info][gc] GC(1829) Pause Young (Normal) (G1 Evacuation Pause) 1828M->99M(2608M) 0.618ms
[415.705s][info][gc] GC(1830) Pause Young (Normal) (G1 Evacuation Pause) 1767M->99M(2608M) 0.604ms
[415.969s][info][gc] GC(1831) Pause Young (Normal) (G1 Evacuation Pause) 1767M->99M(2608M) 0.585ms
[416.232s][info][gc] GC(1832) Pause Young (Normal) (G1 Evacuation Pause) 1791M->99M(2608M) 0.581ms
[416.496s][info][gc] GC(1833) Pause Young (Normal) (G1 Evacuation Pause) 1779M->99M(2608M) 0.621ms
[416.762s][info][gc] GC(1834) Pause Young (Normal) (G1 Evacuation Pause) 2031M->99M(2608M) 0.664ms
[417.024s][info][gc] GC(1835) Pause Young (Normal) (G1 Evacuation Pause) 1995M->99M(2608M) 0.635ms
[417.290s][info][gc] GC(1836) Pause Young (Normal) (G1 Evacuation Pause) 2067M->99M(2608M) 0.669ms
[417.555s][info][gc] GC(1837) Pause Young (Normal) (G1 Evacuation Pause) 1743M->99M(2608M) 0.610ms
[417.819s][info][gc] GC(1838) Pause Young (Normal) (G1 Evacuation Pause) 1935M->100M(2608M) 0.641ms
[418.082s][info][gc] GC(1839) Pause Young (Normal) (G1 Evacuation Pause) 1972M->99M(2608M) 0.653ms
[418.346s][info][gc] GC(1840) Pause Young (Normal) (G1 Evacuation Pause) 1923M->100M(2608M) 0.657ms
[418.611s][info][gc] GC(1841) Pause Young (Normal) (G1 Evacuation Pause) 2008M->100M(2608M) 0.676ms
[418.883s][info][gc] GC(1842) Pause Young (Normal) (G1 Evacuation Pause) 2140M->100M(2608M) 0.792ms
[419.149s][info][gc] GC(1843) Pause Young (Normal) (G1 Evacuation Pause) 2356M->101M(2608M) 0.927ms
[419.405s][info][gc] GC(1844) Pause Young (Normal) (G1 Evacuation Pause) 2033M->100M(2608M) 0.705ms
[419.672s][info][gc] GC(1845) Pause Young (Normal) (G1 Evacuation Pause) 1960M->100M(2608M) 0.693ms
[419.930s][info][gc] GC(1846) Pause Young (Normal) (G1 Evacuation Pause) 1828M->99M(2608M) 0.701ms
[420.195s][info][gc] GC(1847) Pause Young (Normal) (G1 Evacuation Pause) 1827M->99M(2608M) 0.598ms
[420.458s][info][gc] GC(1848) Pause Young (Normal) (G1 Evacuation Pause) 1791M->99M(2608M) 0.610ms
[420.732s][info][gc] GC(1849) Pause Young (Normal) (G1 Evacuation Pause) 2055M->102M(2608M) 0.822ms
[420.994s][info][gc] GC(1850) Pause Young (Normal) (G1 Evacuation Pause) 1838M->100M(2608M) 0.766ms
[421.255s][info][gc] GC(1851) Pause Young (Normal) (G1 Evacuation Pause) 1840M->100M(2608M) 0.672ms
[421.514s][info][gc] GC(1852) Pause Young (Normal) (G1 Evacuation Pause) 1912M->99M(2608M) 0.577ms
[421.778s][info][gc] GC(1853) Pause Young (Normal) (G1 Evacuation Pause) 1755M->99M(2608M) 0.581ms
[422.043s][info][gc] GC(1854) Pause Young (Normal) (G1 Evacuation Pause) 1779M->99M(2608M) 0.573ms
[422.307s][info][gc] GC(1855) Pause Young (Normal) (G1 Evacuation Pause) 1791M->99M(2608M) 0.624ms
[422.575s][info][gc] GC(1856) Pause Young (Normal) (G1 Evacuation Pause) 1803M->100M(2608M) 0.689ms
[422.834s][info][gc] GC(1857) Pause Young (Normal) (G1 Evacuation Pause) 1912M->99M(2608M) 0.626ms
[423.098s][info][gc] GC(1858) Pause Young (Normal) (G1 Evacuation Pause) 1827M->99M(2608M) 0.615ms
[423.362s][info][gc] GC(1859) Pause Young (Normal) (G1 Evacuation Pause) 1851M->99M(2608M) 0.614ms
[423.626s][info][gc] GC(1860) Pause Young (Normal) (G1 Evacuation Pause) 1899M->99M(2608M) 0.635ms
[423.889s][info][gc] GC(1861) Pause Young (Normal) (G1 Evacuation Pause) 1767M->99M(2608M) 0.580ms
[424.153s][info][gc] GC(1862) Pause Young (Normal) (G1 Evacuation Pause) 1791M->99M(2608M) 0.610ms
[424.417s][info][gc] GC(1863) Pause Young (Normal) (G1 Evacuation Pause) 1755M->99M(2608M) 0.607ms
[424.681s][info][gc] GC(1864) Pause Young (Normal) (G1 Evacuation Pause) 1755M->99M(2608M) 0.606ms
[424.944s][info][gc] GC(1865) Pause Young (Normal) (G1 Evacuation Pause) 1851M->99M(2608M) 0.638ms
[425.207s][info][gc] GC(1866) Pause Young (Normal) (G1 Evacuation Pause) 1815M->99M(2608M) 0.582ms
[425.471s][info][gc] GC(1867) Pause Young (Normal) (G1 Evacuation Pause) 1719M->99M(2608M) 0.598ms
[425.734s][info][gc] GC(1868) Pause Young (Normal) (G1 Evacuation Pause) 1683M->99M(2608M) 0.548ms
[425.998s][info][gc] GC(1869) Pause Young (Normal) (G1 Evacuation Pause) 1755M->99M(2608M) 0.562ms
[426.262s][info][gc] GC(1870) Pause Young (Normal) (G1 Evacuation Pause) 1767M->99M(2608M) 0.571ms
[426.528s][info][gc] GC(1871) Pause Young (Normal) (G1 Evacuation Pause) 1743M->100M(2608M) 0.629ms
[426.791s][info][gc] GC(1872) Pause Young (Normal) (G1 Evacuation Pause) 1720M->99M(2608M) 0.632ms
[427.054s][info][gc] GC(1873) Pause Young (Normal) (G1 Evacuation Pause) 2007M->99M(2608M) 0.633ms
[427.341s][info][gc] GC(1874) Pause Young (Normal) (G1 Evacuation Pause) 2231M->104M(2608M) 0.786ms
[427.603s][info][gc] GC(1875) Pause Young (Normal) (G1 Evacuation Pause) 2220M->102M(2608M) 0.972ms
[427.889s][info][gc] GC(1876) Pause Young (Normal) (G1 Evacuation Pause) 2126M->107M(2608M) 0.719ms
[428.166s][info][gc] GC(1877) Pause Young (Normal) (G1 Evacuation Pause) 2043M->108M(2608M) 0.653ms
[428.423s][info][gc] GC(1878) Pause Young (Normal) (G1 Evacuation Pause) 1860M->108M(2608M) 0.652ms
[428.681s][info][gc] GC(1879) Pause Young (Normal) (G1 Evacuation Pause) 1800M->107M(2608M) 0.651ms
[428.945s][info][gc] GC(1880) Pause Young (Normal) (G1 Evacuation Pause) 1935M->104M(2608M) 0.673ms
[429.211s][info][gc] GC(1881) Pause Young (Normal) (G1 Evacuation Pause) 1904M->104M(2608M) 0.651ms
[429.476s][info][gc] GC(1882) Pause Young (Normal) (G1 Evacuation Pause) 1960M->104M(2608M) 0.683ms
[429.740s][info][gc] GC(1883) Pause Young (Normal) (G1 Evacuation Pause) 1844M->104M(2608M) 0.628ms
[429.995s][info][gc] GC(1884) Pause Young (Normal) (G1 Evacuation Pause) 1848M->101M(2608M) 0.730ms
[430.268s][info][gc] GC(1885) Pause Young (Normal) (G1 Evacuation Pause) 1793M->103M(2608M) 0.580ms
[430.537s][info][gc] GC(1886) Pause Young (Normal) (G1 Evacuation Pause) 2039M->103M(2608M) 0.681ms
[430.792s][info][gc] GC(1887) Pause Young (Normal) (G1 Evacuation Pause) 1863M->100M(2608M) 0.613ms
[431.050s][info][gc] GC(1888) Pause Young (Normal) (G1 Evacuation Pause) 1876M->99M(2608M) 0.615ms
[431.314s][info][gc] GC(1889) Pause Young (Normal) (G1 Evacuation Pause) 1755M->99M(2608M) 0.616ms
[431.578s][info][gc] GC(1890) Pause Young (Normal) (G1 Evacuation Pause) 1779M->99M(2608M) 0.612ms
[431.841s][info][gc] GC(1891) Pause Young (Normal) (G1 Evacuation Pause) 1707M->99M(2608M) 0.575ms
[432.105s][info][gc] GC(1892) Pause Young (Normal) (G1 Evacuation Pause) 1755M->99M(2608M) 0.596ms
[432.370s][info][gc] GC(1893) Pause Young (Normal) (G1 Evacuation Pause) 1755M->99M(2608M) 0.556ms
[432.633s][info][gc] GC(1894) Pause Young (Normal) (G1 Evacuation Pause) 1767M->99M(2608M) 0.605ms
[432.905s][info][gc] GC(1895) Pause Young (Normal) (G1 Evacuation Pause) 1755M->100M(2608M) 0.661ms
[433.163s][info][gc] GC(1896) Pause Young (Normal) (G1 Evacuation Pause) 1660M->99M(2608M) 0.617ms
[433.427s][info][gc] GC(1897) Pause Young (Normal) (G1 Evacuation Pause) 1779M->99M(2608M) 0.599ms
[433.692s][info][gc] GC(1898) Pause Young (Normal) (G1 Evacuation Pause) 1851M->99M(2608M) 0.652ms
[433.954s][info][gc] GC(1899) Pause Young (Normal) (G1 Evacuation Pause) 1779M->99M(2608M) 0.605ms
[434.219s][info][gc] GC(1900) Pause Young (Normal) (G1 Evacuation Pause) 1695M->99M(2608M) 0.601ms
[434.486s][info][gc] GC(1901) Pause Young (Normal) (G1 Evacuation Pause) 1743M->99M(2608M) 0.603ms
[434.746s][info][gc] GC(1902) Pause Young (Normal) (G1 Evacuation Pause) 1791M->99M(2608M) 0.630ms
[435.010s][info][gc] GC(1903) Pause Young (Normal) (G1 Evacuation Pause) 1719M->99M(2608M) 0.626ms
[435.274s][info][gc] GC(1904) Pause Young (Normal) (G1 Evacuation Pause) 1731M->99M(2608M) 0.624ms
[435.546s][info][gc] GC(1905) Pause Young (Normal) (G1 Evacuation Pause) 2091M->100M(2608M) 1.299ms
[435.808s][info][gc] GC(1906) Pause Young (Normal) (G1 Evacuation Pause) 2020M->101M(2608M) 0.743ms
[436.067s][info][gc] GC(1907) Pause Young (Normal) (G1 Evacuation Pause) 1889M->99M(2608M) 0.614ms
[436.331s][info][gc] GC(1908) Pause Young (Normal) (G1 Evacuation Pause) 1791M->99M(2608M) 0.598ms
[436.600s][info][gc] GC(1909) Pause Young (Normal) (G1 Evacuation Pause) 1755M->100M(2608M) 0.646ms
[436.870s][info][gc] GC(1910) Pause Young (Normal) (G1 Evacuation Pause) 1852M->100M(2608M) 0.625ms
[437.128s][info][gc] GC(1911) Pause Young (Normal) (G1 Evacuation Pause) 1888M->101M(2608M) 0.726ms
[437.406s][info][gc] GC(1912) Pause Young (Normal) (G1 Evacuation Pause) 1885M->103M(2608M) 0.648ms
[437.662s][info][gc] GC(1913) Pause Young (Normal) (G1 Evacuation Pause) 1871M->101M(2608M) 0.829ms
[437.918s][info][gc] GC(1914) Pause Young (Normal) (G1 Evacuation Pause) 1733M->99M(2608M) 0.589ms
[438.182s][info][gc] GC(1915) Pause Young (Normal) (G1 Evacuation Pause) 1875M->99M(2608M) 0.591ms
[438.446s][info][gc] GC(1916) Pause Young (Normal) (G1 Evacuation Pause) 1731M->99M(2608M) 0.577ms
[438.709s][info][gc] GC(1917) Pause Young (Normal) (G1 Evacuation Pause) 1803M->99M(2608M) 0.555ms
[438.973s][info][gc] GC(1918) Pause Young (Normal) (G1 Evacuation Pause) 1755M->99M(2608M) 0.610ms
[439.253s][info][gc] GC(1919) Pause Young (Normal) (G1 Evacuation Pause) 1999M->104M(2608M) 0.686ms
[439.511s][info][gc] GC(1920) Pause Young (Normal) (G1 Evacuation Pause) 1932M->102M(2608M) 0.693ms
[439.769s][info][gc] GC(1921) Pause Young (Normal) (G1 Evacuation Pause) 2094M->100M(2608M) 0.722ms
[440.030s][info][gc] GC(1922) Pause Young (Normal) (G1 Evacuation Pause) 1828M->99M(2608M) 0.590ms
[440.295s][info][gc] GC(1923) Pause Young (Normal) (G1 Evacuation Pause) 1839M->99M(2608M) 0.600ms
[440.557s][info][gc] GC(1924) Pause Young (Normal) (G1 Evacuation Pause) 1779M->99M(2608M) 0.554ms
[440.821s][info][gc] GC(1925) Pause Young (Normal) (G1 Evacuation Pause) 1935M->99M(2608M) 0.605ms
[441.093s][info][gc] GC(1926) Pause Young (Normal) (G1 Evacuation Pause) 1767M->100M(2608M) 0.630ms
[441.360s][info][gc] GC(1927) Pause Young (Normal) (G1 Evacuation Pause) 1904M->101M(2608M) 0.863ms
[441.615s][info][gc] GC(1928) Pause Young (Normal) (G1 Evacuation Pause) 1829M->99M(2608M) 0.637ms
[441.885s][info][gc] GC(1929) Pause Young (Normal) (G1 Evacuation Pause) 1863M->102M(2608M) 0.698ms
[442.144s][info][gc] GC(1930) Pause Young (Normal) (G1 Evacuation Pause) 1770M->99M(2608M) 0.624ms
[442.417s][info][gc] GC(1931) Pause Young (Normal) (G1 Evacuation Pause) 1755M->101M(2608M) 0.731ms
[442.697s][info][gc] GC(1932) Pause Young (Normal) (G1 Evacuation Pause) 1845M->103M(2608M) 0.636ms
[442.954s][info][gc] GC(1933) Pause Young (Normal) (G1 Evacuation Pause) 1947M->101M(2608M) 0.719ms
[443.214s][info][gc] GC(1934) Pause Young (Normal) (G1 Evacuation Pause) 1853M->100M(2608M) 0.683ms
[443.471s][info][gc] GC(1935) Pause Young (Normal) (G1 Evacuation Pause) 1720M->99M(2608M) 0.550ms
[443.735s][info][gc] GC(1936) Pause Young (Normal) (G1 Evacuation Pause) 1911M->99M(2608M) 0.601ms
[443.999s][info][gc] GC(1937) Pause Young (Normal) (G1 Evacuation Pause) 1911M->99M(2608M) 0.612ms
[444.264s][info][gc] GC(1938) Pause Young (Normal) (G1 Evacuation Pause) 1743M->99M(2608M) 0.567ms
[444.528s][info][gc] GC(1939) Pause Young (Normal) (G1 Evacuation Pause) 1815M->99M(2608M) 0.637ms
[444.792s][info][gc] GC(1940) Pause Young (Normal) (G1 Evacuation Pause) 1731M->99M(2608M) 0.589ms
[445.071s][info][gc] GC(1941) Pause Young (Normal) (G1 Evacuation Pause) 1779M->101M(2608M) 0.777ms
[445.349s][info][gc] GC(1942) Pause Young (Normal) (G1 Evacuation Pause) 2161M->109M(2608M) 1.010ms
[445.622s][info][gc] GC(1943) Pause Young (Normal) (G1 Evacuation Pause) 2285M->106M(2608M) 1.027ms
[445.859s][info][gc] GC(1944) Pause Young (Concurrent Start) (G1 Humongous Allocation) 2438M->99M(2608M) 1.062ms
[445.859s][info][gc] GC(1945) Concurrent Cycle
[445.867s][info][gc] GC(1945) Pause Remark 167M->167M(2608M) 1.364ms
[445.869s][info][gc] GC(1945) Pause Cleanup 189M->189M(2608M) 0.041ms
[445.872s][info][gc] GC(1945) Concurrent Cycle 12.908ms
[446.040s][info][gc] GC(1946) Pause Young (Concurrent Start) (G1 Humongous Allocation) 2192M->100M(2608M) 1.180ms
[446.040s][info][gc] GC(1947) Concurrent Cycle
[446.047s][info][gc] GC(1947) Pause Remark 158M->158M(2608M) 1.361ms
[446.049s][info][gc] GC(1947) Pause Cleanup 162M->162M(2608M) 0.043ms
[446.052s][info][gc] GC(1947) Concurrent Cycle 11.791ms
[446.299s][info][gc] GC(1948) Pause Young (Normal) (G1 Evacuation Pause) 1932M->108M(2608M) 0.750ms
[446.554s][info][gc] GC(1949) Pause Young (Normal) (G1 Evacuation Pause) 2204M->107M(2608M) 0.883ms
[446.800s][info][gc] GC(1950) Pause Young (Normal) (G1 Evacuation Pause) 1967M->101M(2608M) 0.798ms
[447.057s][info][gc] GC(1951) Pause Young (Normal) (G1 Evacuation Pause) 1889M->99M(2608M) 0.912ms
[447.320s][info][gc] GC(1952) Pause Young (Normal) (G1 Evacuation Pause) 1743M->99M(2608M) 0.581ms
[447.584s][info][gc] GC(1953) Pause Young (Normal) (G1 Evacuation Pause) 1707M->99M(2608M) 0.570ms
[447.854s][info][gc] GC(1954) Pause Young (Normal) (G1 Evacuation Pause) 2019M->100M(2608M) 0.716ms
[448.123s][info][gc] GC(1955) Pause Young (Normal) (G1 Evacuation Pause) 1928M->101M(2608M) 0.777ms
[448.390s][info][gc] GC(1956) Pause Young (Normal) (G1 Evacuation Pause) 1897M->103M(2608M) 0.640ms
[448.655s][info][gc] GC(1957) Pause Young (Normal) (G1 Evacuation Pause) 1879M->101M(2608M) 0.813ms
[448.909s][info][gc] GC(1958) Pause Young (Normal) (G1 Evacuation Pause) 1805M->100M(2608M) 0.617ms
[449.171s][info][gc] GC(1959) Pause Young (Normal) (G1 Evacuation Pause) 1684M->99M(2608M) 0.562ms
[449.436s][info][gc] GC(1960) Pause Young (Normal) (G1 Evacuation Pause) 1743M->100M(2608M) 0.633ms
[449.700s][info][gc] GC(1961) Pause Young (Normal) (G1 Evacuation Pause) 1864M->99M(2608M) 0.636ms
[449.962s][info][gc] GC(1962) Pause Young (Normal) (G1 Evacuation Pause) 1803M->99M(2608M) 0.596ms
[450.226s][info][gc] GC(1963) Pause Young (Normal) (G1 Evacuation Pause) 1791M->99M(2608M) 0.605ms
[450.493s][info][gc] GC(1964) Pause Young (Normal) (G1 Evacuation Pause) 1839M->100M(2608M) 0.639ms
[450.775s][info][gc] GC(1965) Pause Young (Normal) (G1 Evacuation Pause) 1904M->104M(2608M) 0.672ms
[451.031s][info][gc] GC(1966) Pause Young (Normal) (G1 Evacuation Pause) 1852M->101M(2608M) 0.839ms
[451.286s][info][gc] GC(1967) Pause Young (Normal) (G1 Evacuation Pause) 1769M->99M(2608M) 0.613ms
[451.549s][info][gc] GC(1968) Pause Young (Normal) (G1 Evacuation Pause) 1767M->99M(2608M) 0.594ms
[451.813s][info][gc] GC(1969) Pause Young (Normal) (G1 Evacuation Pause) 1815M->99M(2608M) 0.673ms
[452.094s][info][gc] GC(1970) Pause Young (Normal) (G1 Evacuation Pause) 1819M->103M(2608M) 0.649ms
[452.363s][info][gc] GC(1971) Pause Young (Normal) (G1 Evacuation Pause) 1895M->104M(2608M) 0.642ms
[452.615s][info][gc] GC(1972) Pause Young (Normal) (G1 Evacuation Pause) 2036M->100M(2608M) 0.753ms
[452.873s][info][gc] GC(1973) Pause Young (Normal) (G1 Evacuation Pause) 1792M->99M(2608M) 0.613ms
[453.138s][info][gc] GC(1974) Pause Young (Normal) (G1 Evacuation Pause) 1803M->99M(2608M) 0.936ms
[453.415s][info][gc] GC(1975) Pause Young (Normal) (G1 Evacuation Pause) 1831M->101M(2608M) 0.928ms
[453.669s][info][gc] GC(1976) Pause Young (Normal) (G1 Evacuation Pause) 1973M->99M(2608M) 0.630ms
[453.931s][info][gc] GC(1977) Pause Young (Normal) (G1 Evacuation Pause) 1743M->99M(2608M) 0.609ms
[454.194s][info][gc] GC(1978) Pause Young (Normal) (G1 Evacuation Pause) 1743M->99M(2608M) 0.592ms
[454.458s][info][gc] GC(1979) Pause Young (Normal) (G1 Evacuation Pause) 1827M->99M(2608M) 0.589ms
[454.722s][info][gc] GC(1980) Pause Young (Normal) (G1 Evacuation Pause) 1947M->99M(2608M) 0.598ms
[454.986s][info][gc] GC(1981) Pause Young (Normal) (G1 Evacuation Pause) 1791M->99M(2608M) 0.590ms
[455.249s][info][gc] GC(1982) Pause Young (Normal) (G1 Evacuation Pause) 1815M->99M(2608M) 0.619ms
[455.518s][info][gc] GC(1983) Pause Young (Normal) (G1 Evacuation Pause) 1899M->101M(2608M) 0.722ms
[455.777s][info][gc] GC(1984) Pause Young (Normal) (G1 Evacuation Pause) 1889M->99M(2608M) 0.644ms
[456.041s][info][gc] GC(1985) Pause Young (Normal) (G1 Evacuation Pause) 1959M->99M(2608M) 0.620ms
[456.304s][info][gc] GC(1986) Pause Young (Normal) (G1 Evacuation Pause) 1683M->99M(2608M) 0.612ms
[456.568s][info][gc] GC(1987) Pause Young (Normal) (G1 Evacuation Pause) 1947M->99M(2608M) 0.637ms
[456.832s][info][gc] GC(1988) Pause Young (Normal) (G1 Evacuation Pause) 1959M->99M(2608M) 0.613ms
[457.096s][info][gc] GC(1989) Pause Young (Normal) (G1 Evacuation Pause) 1839M->99M(2608M) 0.632ms
[457.359s][info][gc] GC(1990) Pause Young (Normal) (G1 Evacuation Pause) 1839M->99M(2608M) 0.615ms
[457.633s][info][gc] GC(1991) Pause Young (Normal) (G1 Evacuation Pause) 2067M->101M(2608M) 0.722ms
[457.818s][info][gc] GC(1992) Pause Young (Concurrent Start) (G1 Humongous Allocation) 2093M->93M(2608M) 1.155ms
[457.818s][info][gc] GC(1993) Concurrent Cycle
[457.824s][info][gc] GC(1993) Pause Remark 131M->131M(2608M) 1.397ms
[457.826s][info][gc] GC(1993) Pause Cleanup 153M->153M(2608M) 0.048ms
[457.830s][info][gc] GC(1993) Concurrent Cycle 11.522ms
[458.091s][info][gc] GC(1994) Pause Young (Normal) (G1 Evacuation Pause) 2421M->108M(2608M) 0.945ms
[458.351s][info][gc] GC(1995) Pause Young (Normal) (G1 Evacuation Pause) 2292M->108M(2608M) 0.720ms
[458.609s][info][gc] GC(1996) Pause Young (Normal) (G1 Evacuation Pause) 1964M->107M(2608M) 0.684ms
[458.867s][info][gc] GC(1997) Pause Young (Normal) (G1 Evacuation Pause) 1955M->104M(2608M) 0.651ms
[459.134s][info][gc] GC(1998) Pause Young (Normal) (G1 Evacuation Pause) 1880M->104M(2608M) 0.653ms
[459.388s][info][gc] GC(1999) Pause Young (Normal) (G1 Evacuation Pause) 1908M->100M(2608M) 0.650ms
[459.650s][info][gc] GC(2000) Pause Young (Normal) (G1 Evacuation Pause) 1828M->99M(2608M) 0.596ms
[459.913s][info][gc] GC(2001) Pause Young (Normal) (G1 Evacuation Pause) 1791M->99M(2608M) 0.558ms
[460.177s][info][gc] GC(2002) Pause Young (Normal) (G1 Evacuation Pause) 1791M->99M(2608M) 0.584ms
[460.440s][info][gc] GC(2003) Pause Young (Normal) (G1 Evacuation Pause) 1803M->99M(2608M) 0.652ms
[460.726s][info][gc] GC(2004) Pause Young (Normal) (G1 Evacuation Pause) 1743M->103M(2608M) 0.886ms
[461.015s][info][gc] GC(2005) Pause Young (Normal) (G1 Evacuation Pause) 2311M->109M(2608M) 0.876ms
[461.297s][info][gc] GC(2006) Pause Young (Normal) (G1 Evacuation Pause) 2397M->110M(2608M) 0.979ms
[461.555s][info][gc] GC(2007) Pause Young (Normal) (G1 Evacuation Pause) 2414M->109M(2608M) 0.830ms
[461.826s][info][gc] GC(2008) Pause Young (Normal) (G1 Evacuation Pause) 2297M->107M(2608M) 0.694ms
[462.084s][info][gc] GC(2009) Pause Young (Normal) (G1 Evacuation Pause) 1975M->108M(2608M) 0.660ms
[462.345s][info][gc] GC(2010) Pause Young (Normal) (G1 Evacuation Pause) 2292M->108M(2608M) 0.736ms
[462.608s][info][gc] GC(2011) Pause Young (Normal) (G1 Evacuation Pause) 2468M->109M(2608M) 0.782ms
[462.866s][info][gc] GC(2012) Pause Young (Normal) (G1 Evacuation Pause) 1921M->103M(2608M) 0.618ms
[463.146s][info][gc] GC(2013) Pause Young (Normal) (G1 Evacuation Pause) 2015M->108M(2608M) 0.690ms
[463.406s][info][gc] GC(2014) Pause Young (Normal) (G1 Evacuation Pause) 2004M->108M(2608M) 0.648ms
[463.662s][info][gc] GC(2015) Pause Young (Normal) (G1 Evacuation Pause) 1816M->104M(2608M) 0.631ms
[463.917s][info][gc] GC(2016) Pause Young (Normal) (G1 Evacuation Pause) 1844M->100M(2608M) 0.768ms
[464.175s][info][gc] GC(2017) Pause Young (Normal) (G1 Evacuation Pause) 1828M->99M(2608M) 0.613ms
[464.440s][info][gc] GC(2018) Pause Young (Normal) (G1 Evacuation Pause) 1767M->99M(2608M) 0.611ms
[464.704s][info][gc] GC(2019) Pause Young (Normal) (G1 Evacuation Pause) 1731M->100M(2608M) 0.599ms
[464.968s][info][gc] GC(2020) Pause Young (Normal) (G1 Evacuation Pause) 1732M->100M(2608M) 0.617ms
[465.234s][info][gc] GC(2021) Pause Young (Normal) (G1 Evacuation Pause) 1912M->100M(2608M) 0.626ms
[465.496s][info][gc] GC(2022) Pause Young (Normal) (G1 Evacuation Pause) 1696M->99M(2608M) 0.654ms
[465.760s][info][gc] GC(2023) Pause Young (Normal) (G1 Evacuation Pause) 1695M->99M(2608M) 0.563ms
[466.024s][info][gc] GC(2024) Pause Young (Normal) (G1 Evacuation Pause) 1743M->99M(2608M) 0.608ms
[466.288s][info][gc] GC(2025) Pause Young (Normal) (G1 Evacuation Pause) 1935M->99M(2608M) 0.684ms
[466.554s][info][gc] GC(2026) Pause Young (Normal) (G1 Evacuation Pause) 1875M->99M(2608M) 0.590ms
[466.816s][info][gc] GC(2027) Pause Young (Normal) (G1 Evacuation Pause) 1803M->99M(2608M) 0.649ms
[467.083s][info][gc] GC(2028) Pause Young (Normal) (G1 Evacuation Pause) 1935M->100M(2608M) 0.637ms
[467.349s][info][gc] GC(2029) Pause Young (Normal) (G1 Evacuation Pause) 1708M->100M(2608M) 0.583ms
[467.614s][info][gc] GC(2030) Pause Young (Normal) (G1 Evacuation Pause) 2008M->100M(2608M) 0.681ms
[467.889s][info][gc] GC(2031) Pause Young (Normal) (G1 Evacuation Pause) 2008M->101M(2608M) 0.701ms
[468.147s][info][gc] GC(2032) Pause Young (Normal) (G1 Evacuation Pause) 2321M->101M(2608M) 0.879ms
[468.408s][info][gc] GC(2033) Pause Young (Normal) (G1 Evacuation Pause) 1973M->101M(2608M) 0.663ms
[468.667s][info][gc] GC(2034) Pause Young (Normal) (G1 Evacuation Pause) 2021M->100M(2608M) 0.617ms
[468.933s][info][gc] GC(2035) Pause Young (Normal) (G1 Evacuation Pause) 2128M->100M(2608M) 0.690ms
[469.195s][info][gc] GC(2036) Pause Young (Normal) (G1 Evacuation Pause) 1708M->99M(2608M) 0.570ms
[469.459s][info][gc] GC(2037) Pause Young (Normal) (G1 Evacuation Pause) 1743M->99M(2608M) 0.561ms
[469.722s][info][gc] GC(2038) Pause Young (Normal) (G1 Evacuation Pause) 1695M->99M(2608M) 0.552ms
[469.988s][info][gc] GC(2039) Pause Young (Normal) (G1 Evacuation Pause) 1947M->100M(2608M) 0.672ms
[470.250s][info][gc] GC(2040) Pause Young (Normal) (G1 Evacuation Pause) 1804M->99M(2608M) 0.602ms
[470.513s][info][gc] GC(2041) Pause Young (Normal) (G1 Evacuation Pause) 1779M->100M(2608M) 0.848ms
[470.778s][info][gc] GC(2042) Pause Young (Normal) (G1 Evacuation Pause) 1876M->99M(2608M) 0.908ms
[471.041s][info][gc] GC(2043) Pause Young (Normal) (G1 Evacuation Pause) 1923M->99M(2608M) 0.609ms
[471.305s][info][gc] GC(2044) Pause Young (Normal) (G1 Evacuation Pause) 1779M->99M(2608M) 0.544ms
[471.568s][info][gc] GC(2045) Pause Young (Normal) (G1 Evacuation Pause) 1839M->99M(2608M) 0.601ms
[471.832s][info][gc] GC(2046) Pause Young (Normal) (G1 Evacuation Pause) 1839M->99M(2608M) 0.592ms
[472.096s][info][gc] GC(2047) Pause Young (Normal) (G1 Evacuation Pause) 1803M->99M(2608M) 0.595ms
[472.360s][info][gc] GC(2048) Pause Young (Normal) (G1 Evacuation Pause) 1887M->100M(2608M) 0.636ms
[472.624s][info][gc] GC(2049) Pause Young (Normal) (G1 Evacuation Pause) 1684M->100M(2608M) 0.581ms
[472.887s][info][gc] GC(2050) Pause Young (Normal) (G1 Evacuation Pause) 1768M->99M(2608M) 0.589ms
[473.151s][info][gc] GC(2051) Pause Young (Normal) (G1 Evacuation Pause) 1767M->100M(2608M) 0.570ms
[473.414s][info][gc] GC(2052) Pause Young (Normal) (G1 Evacuation Pause) 1804M->99M(2608M) 0.559ms
[473.678s][info][gc] GC(2053) Pause Young (Normal) (G1 Evacuation Pause) 1863M->100M(2608M) 0.595ms
[473.944s][info][gc] GC(2054) Pause Young (Normal) (G1 Evacuation Pause) 1792M->100M(2608M) 0.595ms
[474.208s][info][gc] GC(2055) Pause Young (Normal) (G1 Evacuation Pause) 1864M->100M(2608M) 0.652ms
[474.470s][info][gc] GC(2056) Pause Young (Normal) (G1 Evacuation Pause) 1768M->100M(2608M) 0.598ms
[474.735s][info][gc] GC(2057) Pause Young (Normal) (G1 Evacuation Pause) 1876M->100M(2608M) 0.683ms
[474.997s][info][gc] GC(2058) Pause Young (Normal) (G1 Evacuation Pause) 1912M->100M(2608M) 0.663ms
[475.274s][info][gc] GC(2059) Pause Young (Normal) (G1 Evacuation Pause) 2020M->102M(2608M) 0.861ms
[475.542s][info][gc] GC(2060) Pause Young (Normal) (G1 Evacuation Pause) 2154M->102M(2608M) 0.772ms
[475.800s][info][gc] GC(2061) Pause Young (Normal) (G1 Evacuation Pause) 2318M->103M(2608M) 1.034ms
[476.063s][info][gc] GC(2062) Pause Young (Normal) (G1 Evacuation Pause) 2071M->101M(2608M) 0.777ms
[476.320s][info][gc] GC(2063) Pause Young (Normal) (G1 Evacuation Pause) 1733M->100M(2608M) 0.573ms
[476.582s][info][gc] GC(2064) Pause Young (Normal) (G1 Evacuation Pause) 1696M->100M(2608M) 0.570ms
[476.872s][info][gc] GC(2065) Pause Young (Normal) (G1 Evacuation Pause) 1716M->104M(2608M) 0.580ms
[477.132s][info][gc] GC(2066) Pause Young (Normal) (G1 Evacuation Pause) 1736M->103M(2608M) 0.573ms
[477.390s][info][gc] GC(2067) Pause Young (Normal) (G1 Evacuation Pause) 1871M->101M(2608M) 0.792ms
[477.644s][info][gc] GC(2068) Pause Young (Normal) (G1 Evacuation Pause) 1949M->100M(2608M) 0.648ms
[477.906s][info][gc] GC(2069) Pause Young (Normal) (G1 Evacuation Pause) 1768M->100M(2608M) 0.610ms
[478.171s][info][gc] GC(2070) Pause Young (Normal) (G1 Evacuation Pause) 1732M->99M(2608M) 0.588ms
[478.435s][info][gc] GC(2071) Pause Young (Normal) (G1 Evacuation Pause) 1767M->99M(2608M) 0.592ms
[478.698s][info][gc] GC(2072) Pause Young (Normal) (G1 Evacuation Pause) 1827M->100M(2608M) 0.568ms
[478.962s][info][gc] GC(2073) Pause Young (Normal) (G1 Evacuation Pause) 1840M->100M(2608M) 0.594ms
[479.226s][info][gc] GC(2074) Pause Young (Normal) (G1 Evacuation Pause) 1792M->100M(2608M) 0.774ms
[479.489s][info][gc] GC(2075) Pause Young (Normal) (G1 Evacuation Pause) 1852M->100M(2608M) 0.641ms
[479.760s][info][gc] GC(2076) Pause Young (Normal) (G1 Evacuation Pause) 1864M->101M(2608M) 0.678ms
[480.016s][info][gc] GC(2077) Pause Young (Normal) (G1 Evacuation Pause) 1925M->100M(2608M) 0.612ms
[480.280s][info][gc] GC(2078) Pause Young (Normal) (G1 Evacuation Pause) 1720M->100M(2608M) 0.569ms
[480.544s][info][gc] GC(2079) Pause Young (Normal) (G1 Evacuation Pause) 1780M->100M(2608M) 0.596ms
[480.807s][info][gc] GC(2080) Pause Young (Normal) (G1 Evacuation Pause) 1756M->100M(2608M) 0.625ms
[481.071s][info][gc] GC(2081) Pause Young (Normal) (G1 Evacuation Pause) 1684M->100M(2608M) 0.550ms
[481.334s][info][gc] GC(2082) Pause Young (Normal) (G1 Evacuation Pause) 1696M->100M(2608M) 0.546ms
[481.599s][info][gc] GC(2083) Pause Young (Normal) (G1 Evacuation Pause) 1744M->99M(2608M) 0.559ms
[481.863s][info][gc] GC(2084) Pause Young (Normal) (G1 Evacuation Pause) 1803M->99M(2608M) 0.985ms
[482.128s][info][gc] GC(2085) Pause Young (Normal) (G1 Evacuation Pause) 1935M->111M(2608M) 0.599ms
[482.393s][info][gc] GC(2086) Pause Young (Normal) (G1 Evacuation Pause) 1911M->99M(2608M) 0.855ms
[482.656s][info][gc] GC(2087) Pause Young (Normal) (G1 Evacuation Pause) 1827M->100M(2608M) 0.565ms
[482.921s][info][gc] GC(2088) Pause Young (Normal) (G1 Evacuation Pause) 1768M->100M(2608M) 0.855ms
[483.185s][info][gc] GC(2089) Pause Young (Normal) (G1 Evacuation Pause) 1852M->100M(2608M) 0.576ms
[483.440s][info][gc] GC(2090) Pause Young (Normal) (G1 Evacuation Pause) 2616M->101M(2624M) 1.069ms
[483.689s][info][gc] GC(2091) Pause Young (Concurrent Start) (G1 Humongous Allocation) 2623M->90M(2636M) 1.253ms
[483.689s][info][gc] GC(2092) Concurrent Cycle
[483.696s][info][gc] GC(2092) Pause Remark 128M->128M(2636M) 1.355ms
[483.699s][info][gc] GC(2092) Pause Cleanup 140M->140M(2636M) 0.050ms
[483.701s][info][gc] GC(2092) Concurrent Cycle 11.712ms
[483.962s][info][gc] GC(2093) Pause Young (Normal) (G1 Evacuation Pause) 2238M->104M(2636M) 0.895ms
[484.219s][info][gc] GC(2094) Pause Young (Normal) (G1 Evacuation Pause) 1916M->101M(2636M) 0.758ms
[484.484s][info][gc] GC(2095) Pause Young (Normal) (G1 Evacuation Pause) 1905M->101M(2636M) 0.681ms
[484.759s][info][gc] GC(2096) Pause Young (Normal) (G1 Evacuation Pause) 2145M->102M(2636M) 0.740ms
[485.025s][info][gc] GC(2097) Pause Young (Normal) (G1 Evacuation Pause) 2422M->89M(2636M) 1.019ms
[485.295s][info][gc] GC(2098) Pause Young (Normal) (G1 Evacuation Pause) 2001M->101M(2636M) 0.684ms
[485.556s][info][gc] GC(2099) Pause Young (Normal) (G1 Evacuation Pause) 1905M->100M(2636M) 0.685ms
[485.817s][info][gc] GC(2100) Pause Young (Normal) (G1 Evacuation Pause) 1856M->99M(2636M) 0.907ms
[486.084s][info][gc] GC(2101) Pause Young (Normal) (G1 Evacuation Pause) 1783M->100M(2636M) 0.571ms
[486.353s][info][gc] GC(2102) Pause Young (Normal) (G1 Evacuation Pause) 2000M->99M(2636M) 0.610ms
[486.631s][info][gc] GC(2103) Pause Young (Normal) (G1 Evacuation Pause) 2179M->101M(2636M) 0.864ms
[486.916s][info][gc] GC(2104) Pause Young (Normal) (G1 Evacuation Pause) 2141M->104M(2636M) 0.685ms
[487.190s][info][gc] GC(2105) Pause Young (Normal) (G1 Evacuation Pause) 2212M->104M(2636M) 0.671ms
[487.467s][info][gc] GC(2106) Pause Young (Normal) (G1 Evacuation Pause) 2336M->108M(2636M) 0.771ms
[487.731s][info][gc] GC(2107) Pause Young (Normal) (G1 Evacuation Pause) 2564M->106M(2636M) 0.939ms
[487.991s][info][gc] GC(2108) Pause Young (Normal) (G1 Evacuation Pause) 2242M->102M(2636M) 0.895ms
[488.250s][info][gc] GC(2109) Pause Young (Normal) (G1 Evacuation Pause) 2002M->101M(2636M) 0.724ms
[488.520s][info][gc] GC(2110) Pause Young (Normal) (G1 Evacuation Pause) 2241M->102M(2636M) 0.802ms
[488.784s][info][gc] GC(2111) Pause Young (Normal) (G1 Evacuation Pause) 2242M->101M(2636M) 0.872ms
[489.044s][info][gc] GC(2112) Pause Young (Normal) (G1 Evacuation Pause) 1917M->99M(2636M) 0.601ms
[489.312s][info][gc] GC(2113) Pause Young (Normal) (G1 Evacuation Pause) 1735M->99M(2636M) 0.545ms
[489.579s][info][gc] GC(2114) Pause Young (Normal) (G1 Evacuation Pause) 1735M->99M(2636M) 0.618ms
[489.845s][info][gc] GC(2115) Pause Young (Normal) (G1 Evacuation Pause) 1819M->99M(2636M) 0.565ms
[490.112s][info][gc] GC(2116) Pause Young (Normal) (G1 Evacuation Pause) 1807M->100M(2636M) 0.631ms
[490.379s][info][gc] GC(2117) Pause Young (Normal) (G1 Evacuation Pause) 1856M->99M(2636M) 0.594ms
[490.645s][info][gc] GC(2118) Pause Young (Normal) (G1 Evacuation Pause) 1735M->100M(2636M) 0.573ms
[490.912s][info][gc] GC(2119) Pause Young (Normal) (G1 Evacuation Pause) 1712M->99M(2636M) 0.591ms
[491.180s][info][gc] GC(2120) Pause Young (Normal) (G1 Evacuation Pause) 2011M->100M(2636M) 0.652ms
[491.451s][info][gc] GC(2121) Pause Young (Normal) (G1 Evacuation Pause) 1760M->100M(2636M) 0.677ms
[491.723s][info][gc] GC(2122) Pause Young (Normal) (G1 Evacuation Pause) 1724M->101M(2636M) 0.838ms
[491.997s][info][gc] GC(2123) Pause Young (Normal) (G1 Evacuation Pause) 2177M->102M(2636M) 0.956ms
[492.250s][info][gc] GC(2124) Pause Young (Normal) (G1 Evacuation Pause) 1954M->99M(2636M) 0.632ms
[492.517s][info][gc] GC(2125) Pause Young (Normal) (G1 Evacuation Pause) 1747M->99M(2636M) 0.552ms
[492.784s][info][gc] GC(2126) Pause Young (Normal) (G1 Evacuation Pause) 1735M->100M(2636M) 0.599ms
[493.050s][info][gc] GC(2127) Pause Young (Normal) (G1 Evacuation Pause) 1748M->100M(2636M) 0.598ms
[493.317s][info][gc] GC(2128) Pause Young (Normal) (G1 Evacuation Pause) 1832M->100M(2636M) 0.625ms
[493.584s][info][gc] GC(2129) Pause Young (Normal) (G1 Evacuation Pause) 1820M->99M(2636M) 0.621ms
[493.854s][info][gc] GC(2130) Pause Young (Normal) (G1 Evacuation Pause) 1795M->99M(2636M) 0.603ms
[494.116s][info][gc] GC(2131) Pause Young (Normal) (G1 Evacuation Pause) 1831M->99M(2636M) 0.620ms
[494.403s][info][gc] GC(2132) Pause Young (Normal) (G1 Evacuation Pause) 2063M->104M(2636M) 0.745ms
[494.667s][info][gc] GC(2133) Pause Young (Normal) (G1 Evacuation Pause) 2012M->101M(2636M) 1.283ms
[494.929s][info][gc] GC(2134) Pause Young (Normal) (G1 Evacuation Pause) 2069M->101M(2636M) 0.851ms
[495.188s][info][gc] GC(2135) Pause Young (Normal) (G1 Evacuation Pause) 2001M->100M(2636M) 0.620ms
[495.455s][info][gc] GC(2136) Pause Young (Normal) (G1 Evacuation Pause) 1724M->100M(2636M) 0.660ms
[495.723s][info][gc] GC(2137) Pause Young (Normal) (G1 Evacuation Pause) 1772M->99M(2636M) 0.590ms
[495.989s][info][gc] GC(2138) Pause Young (Normal) (G1 Evacuation Pause) 1843M->99M(2636M) 0.589ms
[496.257s][info][gc] GC(2139) Pause Young (Normal) (G1 Evacuation Pause) 1699M->100M(2636M) 0.819ms
[496.525s][info][gc] GC(2140) Pause Young (Normal) (G1 Evacuation Pause) 1940M->100M(2636M) 0.872ms
[496.795s][info][gc] GC(2141) Pause Young (Normal) (G1 Evacuation Pause) 1784M->102M(2636M) 0.890ms
[497.056s][info][gc] GC(2142) Pause Young (Normal) (G1 Evacuation Pause) 1834M->100M(2636M) 0.895ms
[497.323s][info][gc] GC(2143) Pause Young (Normal) (G1 Evacuation Pause) 1856M->100M(2636M) 0.874ms
[497.590s][info][gc] GC(2144) Pause Young (Normal) (G1 Evacuation Pause) 1736M->99M(2636M) 0.851ms
[497.856s][info][gc] GC(2145) Pause Young (Normal) (G1 Evacuation Pause) 1879M->100M(2636M) 0.872ms
[498.123s][info][gc] GC(2146) Pause Young (Normal) (G1 Evacuation Pause) 1808M->100M(2636M) 0.840ms
[498.389s][info][gc] GC(2147) Pause Young (Normal) (G1 Evacuation Pause) 1868M->100M(2636M) 0.875ms
[498.655s][info][gc] GC(2148) Pause Young (Normal) (G1 Evacuation Pause) 1844M->99M(2636M) 0.870ms
[498.928s][info][gc] GC(2149) Pause Young (Normal) (G1 Evacuation Pause) 1723M->100M(2636M) 0.846ms
[499.189s][info][gc] GC(2150) Pause Young (Normal) (G1 Evacuation Pause) 2024M->99M(2636M) 0.885ms
[499.455s][info][gc] GC(2151) Pause Young (Normal) (G1 Evacuation Pause) 1759M->100M(2636M) 0.885ms
[499.722s][info][gc] GC(2152) Pause Young (Normal) (G1 Evacuation Pause) 1772M->100M(2636M) 0.855ms
[499.989s][info][gc] GC(2153) Pause Young (Normal) (G1 Evacuation Pause) 1808M->100M(2636M) 0.904ms
[500.254s][info][gc] GC(2154) Pause Young (Normal) (G1 Evacuation Pause) 1820M->100M(2636M) 0.578ms
[500.522s][info][gc] GC(2155) Pause Young (Normal) (G1 Evacuation Pause) 1832M->99M(2636M) 0.616ms
[500.788s][info][gc] GC(2156) Pause Young (Normal) (G1 Evacuation Pause) 1855M->99M(2636M) 0.599ms
[501.055s][info][gc] GC(2157) Pause Young (Normal) (G1 Evacuation Pause) 1867M->100M(2636M) 0.586ms
[501.323s][info][gc] GC(2158) Pause Young (Normal) (G1 Evacuation Pause) 1820M->100M(2636M) 0.609ms
[501.589s][info][gc] GC(2159) Pause Young (Normal) (G1 Evacuation Pause) 1892M->99M(2636M) 0.591ms
[501.873s][info][gc] GC(2160) Pause Young (Normal) (G1 Evacuation Pause) 2051M->103M(2636M) 0.977ms
[502.132s][info][gc] GC(2161) Pause Young (Normal) (G1 Evacuation Pause) 2243M->101M(2636M) 0.729ms
[502.391s][info][gc] GC(2162) Pause Young (Normal) (G1 Evacuation Pause) 1977M->100M(2636M) 0.666ms
[502.658s][info][gc] GC(2163) Pause Young (Normal) (G1 Evacuation Pause) 1772M->100M(2636M) 0.682ms
[502.925s][info][gc] GC(2164) Pause Young (Normal) (G1 Evacuation Pause) 1928M->100M(2636M) 0.659ms
[503.194s][info][gc] GC(2165) Pause Young (Normal) (G1 Evacuation Pause) 1892M->100M(2636M) 0.678ms
[503.458s][info][gc] GC(2166) Pause Young (Normal) (G1 Evacuation Pause) 1772M->100M(2636M) 0.583ms
[503.726s][info][gc] GC(2167) Pause Young (Normal) (G1 Evacuation Pause) 1772M->100M(2636M) 0.608ms
[503.992s][info][gc] GC(2168) Pause Young (Normal) (G1 Evacuation Pause) 1808M->100M(2636M) 0.615ms
[504.265s][info][gc] GC(2169) Pause Young (Normal) (G1 Evacuation Pause) 1940M->101M(2636M) 0.713ms
[504.527s][info][gc] GC(2170) Pause Young (Normal) (G1 Evacuation Pause) 2061M->100M(2636M) 0.661ms
[504.792s][info][gc] GC(2171) Pause Young (Normal) (G1 Evacuation Pause) 1952M->99M(2636M) 0.637ms
[505.059s][info][gc] GC(2172) Pause Young (Normal) (G1 Evacuation Pause) 1795M->100M(2636M) 0.571ms
[505.332s][info][gc] GC(2173) Pause Young (Normal) (G1 Evacuation Pause) 1916M->100M(2636M) 0.858ms
[505.594s][info][gc] GC(2174) Pause Young (Normal) (G1 Evacuation Pause) 1868M->100M(2636M) 0.604ms
[505.860s][info][gc] GC(2175) Pause Young (Normal) (G1 Evacuation Pause) 1772M->100M(2636M) 0.577ms
[506.126s][info][gc] GC(2176) Pause Young (Normal) (G1 Evacuation Pause) 1736M->100M(2636M) 0.570ms
[506.393s][info][gc] GC(2177) Pause Young (Normal) (G1 Evacuation Pause) 1796M->99M(2636M) 0.554ms
[506.667s][info][gc] GC(2178) Pause Young (Normal) (G1 Evacuation Pause) 1831M->101M(2636M) 0.708ms
[506.926s][info][gc] GC(2179) Pause Young (Normal) (G1 Evacuation Pause) 1917M->100M(2636M) 0.596ms
[507.193s][info][gc] GC(2180) Pause Young (Normal) (G1 Evacuation Pause) 1868M->100M(2636M) 0.589ms
[507.461s][info][gc] GC(2181) Pause Young (Normal) (G1 Evacuation Pause) 1760M->100M(2636M) 0.667ms
[507.728s][info][gc] GC(2182) Pause Young (Normal) (G1 Evacuation Pause) 1796M->100M(2636M) 0.619ms
[507.994s][info][gc] GC(2183) Pause Young (Normal) (G1 Evacuation Pause) 1736M->100M(2636M) 0.595ms
[508.280s][info][gc] GC(2184) Pause Young (Normal) (G1 Evacuation Pause) 1952M->103M(2636M) 0.949ms
[508.534s][info][gc] GC(2185) Pause Young (Normal) (G1 Evacuation Pause) 2311M->101M(2636M) 0.884ms
[508.812s][info][gc] GC(2186) Pause Young (Normal) (G1 Evacuation Pause) 2013M->102M(2636M) 0.793ms
[509.074s][info][gc] GC(2187) Pause Young (Normal) (G1 Evacuation Pause) 1962M->102M(2636M) 0.868ms
[509.372s][info][gc] GC(2188) Pause Young (Normal) (G1 Evacuation Pause) 1994M->108M(2636M) 0.619ms
[509.630s][info][gc] GC(2189) Pause Young (Normal) (G1 Evacuation Pause) 2120M->106M(2636M) 0.963ms
[509.881s][info][gc] GC(2190) Pause Young (Normal) (G1 Evacuation Pause) 2146M->101M(2636M) 0.992ms
[510.141s][info][gc] GC(2191) Pause Young (Normal) (G1 Evacuation Pause) 1737M->100M(2636M) 0.589ms
[510.406s][info][gc] GC(2192) Pause Young (Normal) (G1 Evacuation Pause) 1760M->100M(2636M) 0.561ms
[510.677s][info][gc] GC(2193) Pause Young (Normal) (G1 Evacuation Pause) 1892M->100M(2636M) 0.643ms
[510.940s][info][gc] GC(2194) Pause Young (Normal) (G1 Evacuation Pause) 1868M->99M(2636M) 0.582ms
[511.211s][info][gc] GC(2195) Pause Young (Normal) (G1 Evacuation Pause) 1867M->100M(2636M) 0.674ms
[511.474s][info][gc] GC(2196) Pause Young (Normal) (G1 Evacuation Pause) 1832M->99M(2636M) 0.546ms
[511.740s][info][gc] GC(2197) Pause Young (Normal) (G1 Evacuation Pause) 1699M->99M(2636M) 0.562ms
[512.011s][info][gc] GC(2198) Pause Young (Normal) (G1 Evacuation Pause) 1819M->100M(2636M) 0.591ms
[512.304s][info][gc] GC(2199) Pause Young (Normal) (G1 Evacuation Pause) 2536M->105M(2636M) 0.826ms
[512.574s][info][gc] GC(2200) Pause Young (Normal) (G1 Evacuation Pause) 2345M->106M(2636M) 0.824ms
[512.835s][info][gc] GC(2201) Pause Young (Normal) (G1 Evacuation Pause) 2142M->103M(2636M) 0.933ms
[513.121s][info][gc] GC(2202) Pause Young (Normal) (G1 Evacuation Pause) 2555M->108M(2636M) 0.799ms
[513.342s][info][gc] GC(2203) Pause Young (Concurrent Start) (G1 Humongous Allocation) 2374M->104M(2636M) 0.933ms
[513.342s][info][gc] GC(2204) Concurrent Cycle
[513.348s][info][gc] GC(2204) Pause Remark 136M->136M(2636M) 1.339ms
[513.350s][info][gc] GC(2204) Pause Cleanup 146M->146M(2636M) 0.048ms
[513.353s][info][gc] GC(2204) Concurrent Cycle 11.369ms
[513.619s][info][gc] GC(2205) Pause Young (Normal) (G1 Evacuation Pause) 2644M->116M(2652M) 0.937ms
[513.868s][info][gc] GC(2206) Pause Young (Concurrent Start) (G1 Humongous Allocation) 2586M->104M(2652M) 1.033ms
[513.868s][info][gc] GC(2207) Concurrent Cycle
[513.874s][info][gc] GC(2207) Pause Remark 142M->142M(2652M) 1.395ms
[513.876s][info][gc] GC(2207) Pause Cleanup 164M->164M(2652M) 0.049ms
[513.879s][info][gc] GC(2207) Concurrent Cycle 10.969ms
[514.080s][info][gc] GC(2208) Pause Young (Concurrent Start) (G1 Humongous Allocation) 2170M->112M(2652M) 1.139ms
[514.080s][info][gc] GC(2209) Concurrent Cycle
[514.086s][info][gc] GC(2209) Pause Remark 162M->162M(2652M) 1.320ms
[514.088s][info][gc] GC(2209) Pause Cleanup 174M->174M(2652M) 0.046ms
[514.091s][info][gc] GC(2209) Concurrent Cycle 10.925ms
[514.278s][info][gc] GC(2210) Pause Young (Concurrent Start) (G1 Humongous Allocation) 2112M->112M(2652M) 1.099ms
[514.278s][info][gc] GC(2211) Concurrent Cycle
[514.284s][info][gc] GC(2211) Pause Remark 152M->152M(2652M) 1.511ms
[514.287s][info][gc] GC(2211) Pause Cleanup 186M->186M(2652M) 0.042ms
[514.289s][info][gc] GC(2211) Concurrent Cycle 11.214ms
[514.540s][info][gc] GC(2212) Pause Young (Normal) (G1 Evacuation Pause) 2648M->120M(2656M) 0.939ms
[514.799s][info][gc] GC(2213) Pause Young (Normal) (G1 Evacuation Pause) 2652M->120M(2660M) 1.146ms
[515.038s][info][gc] GC(2214) Pause Young (Concurrent Start) (G1 Humongous Allocation) 2546M->112M(2660M) 0.959ms
[515.038s][info][gc] GC(2215) Concurrent Cycle
[515.047s][info][gc] GC(2215) Pause Remark 186M->186M(2660M) 1.580ms
[515.049s][info][gc] GC(2215) Pause Cleanup 210M->210M(2660M) 0.044ms
[515.052s][info][gc] GC(2215) Concurrent Cycle 14.012ms
[515.270s][info][gc] GC(2216) Pause Young (Concurrent Start) (G1 Humongous Allocation) 2486M->112M(2660M) 1.089ms
[515.270s][info][gc] GC(2217) Concurrent Cycle
[515.277s][info][gc] GC(2217) Pause Remark 158M->158M(2660M) 1.598ms
[515.280s][info][gc] GC(2217) Pause Cleanup 194M->194M(2660M) 0.050ms
[515.282s][info][gc] GC(2217) Concurrent Cycle 12.360ms
[515.537s][info][gc] GC(2218) Pause Young (Normal) (G1 Evacuation Pause) 2668M->124M(2676M) 1.016ms
[515.783s][info][gc] GC(2219) Pause Young (Concurrent Start) (G1 Humongous Allocation) 2630M->124M(2676M) 0.983ms
[515.783s][info][gc] GC(2220) Concurrent Cycle
[515.791s][info][gc] GC(2220) Pause Remark 166M->166M(2676M) 2.112ms
[515.794s][info][gc] GC(2220) Pause Cleanup 186M->186M(2676M) 0.054ms
[515.797s][info][gc] GC(2220) Concurrent Cycle 14.387ms
[515.981s][info][gc] GC(2221) Pause Young (Concurrent Start) (G1 Humongous Allocation) 2300M->112M(2676M) 1.153ms
[515.981s][info][gc] GC(2222) Concurrent Cycle
[515.989s][info][gc] GC(2222) Pause Remark 198M->198M(2676M) 1.327ms
[515.991s][info][gc] GC(2222) Pause Cleanup 222M->222M(2676M) 0.043ms
[515.994s][info][gc] GC(2222) Concurrent Cycle 13.002ms
[516.186s][info][gc] GC(2223) Pause Young (Concurrent Start) (G1 Humongous Allocation) 2314M->112M(2676M) 1.142ms
[516.186s][info][gc] GC(2224) Concurrent Cycle
[516.193s][info][gc] GC(2224) Pause Remark 172M->172M(2676M) 1.333ms
[516.195s][info][gc] GC(2224) Pause Cleanup 188M->188M(2676M) 0.043ms
[516.199s][info][gc] GC(2224) Concurrent Cycle 13.115ms
[516.420s][info][gc] GC(2225) Pause Young (Concurrent Start) (G1 Humongous Allocation) 2516M->112M(2676M) 1.125ms
[516.420s][info][gc] GC(2226) Concurrent Cycle
[516.427s][info][gc] GC(2226) Pause Remark 170M->170M(2676M) 1.378ms
[516.429s][info][gc] GC(2226) Pause Cleanup 194M->194M(2676M) 0.046ms
[516.433s][info][gc] GC(2226) Concurrent Cycle 12.255ms
[516.641s][info][gc] GC(2227) Pause Young (Concurrent Start) (G1 Humongous Allocation) 2444M->112M(2676M) 1.188ms
[516.641s][info][gc] GC(2228) Concurrent Cycle
[516.647s][info][gc] GC(2228) Pause Remark 160M->160M(2676M) 1.394ms
[516.649s][info][gc] GC(2228) Pause Cleanup 182M->182M(2676M) 0.042ms
[516.652s][info][gc] GC(2228) Concurrent Cycle 11.572ms
[516.855s][info][gc] GC(2229) Pause Young (Concurrent Start) (G1 Humongous Allocation) 2364M->112M(2676M) 1.136ms
[516.855s][info][gc] GC(2230) Concurrent Cycle
[516.861s][info][gc] GC(2230) Pause Remark 150M->150M(2676M) 1.359ms
[516.863s][info][gc] GC(2230) Pause Cleanup 160M->160M(2676M) 0.041ms
[516.866s][info][gc] GC(2230) Concurrent Cycle 11.492ms
[517.104s][info][gc] GC(2231) Pause Young (Concurrent Start) (G1 Humongous Allocation) 2408M->112M(2676M) 1.132ms
[517.104s][info][gc] GC(2232) Concurrent Cycle
[517.110s][info][gc] GC(2232) Pause Remark 150M->150M(2676M) 1.377ms
[517.112s][info][gc] GC(2232) Pause Cleanup 160M->160M(2676M) 0.051ms
[517.115s][info][gc] GC(2232) Concurrent Cycle 11.501ms
[517.357s][info][gc] GC(2233) Pause Young (Concurrent Start) (G1 Humongous Allocation) 2616M->112M(2676M) 1.178ms
[517.357s][info][gc] GC(2234) Concurrent Cycle
[517.364s][info][gc] GC(2234) Pause Remark 158M->158M(2676M) 1.433ms
[517.366s][info][gc] GC(2234) Pause Cleanup 172M->172M(2676M) 0.052ms
[517.369s][info][gc] GC(2234) Concurrent Cycle 11.649ms
[517.567s][info][gc] GC(2235) Pause Young (Concurrent Start) (G1 Humongous Allocation) 2364M->112M(2676M) 1.068ms
[517.567s][info][gc] GC(2236) Concurrent Cycle
[517.574s][info][gc] GC(2236) Pause Remark 150M->150M(2676M) 1.388ms
[517.576s][info][gc] GC(2236) Pause Cleanup 184M->184M(2676M) 0.051ms
[517.578s][info][gc] GC(2236) Concurrent Cycle 10.749ms
[517.777s][info][gc] GC(2237) Pause Young (Concurrent Start) (G1 Humongous Allocation) 2332M->112M(2676M) 1.189ms
[517.777s][info][gc] GC(2238) Concurrent Cycle
[517.784s][info][gc] GC(2238) Pause Remark 160M->160M(2676M) 1.473ms
[517.786s][info][gc] GC(2238) Pause Cleanup 182M->182M(2676M) 0.052ms
[517.790s][info][gc] GC(2238) Concurrent Cycle 12.390ms
[517.981s][info][gc] GC(2239) Pause Young (Concurrent Start) (G1 Humongous Allocation) 2264M->112M(2676M) 1.189ms
[517.981s][info][gc] GC(2240) Concurrent Cycle
[517.989s][info][gc] GC(2240) Pause Remark 164M->164M(2676M) 1.400ms
[517.992s][info][gc] GC(2240) Pause Cleanup 180M->180M(2676M) 0.050ms
[517.995s][info][gc] GC(2240) Concurrent Cycle 13.792ms
[518.202s][info][gc] GC(2241) Pause Young (Concurrent Start) (G1 Humongous Allocation) 2412M->112M(2676M) 1.115ms
[518.202s][info][gc] GC(2242) Concurrent Cycle
[518.210s][info][gc] GC(2242) Pause Remark 174M->174M(2676M) 1.563ms
[518.214s][info][gc] GC(2242) Pause Cleanup 200M->200M(2676M) 0.050ms
[518.217s][info][gc] GC(2242) Concurrent Cycle 14.620ms
[518.446s][info][gc] GC(2243) Pause Young (Concurrent Start) (G1 Humongous Allocation) 2554M->112M(2676M) 1.169ms
[518.446s][info][gc] GC(2244) Concurrent Cycle
[518.453s][info][gc] GC(2244) Pause Remark 172M->172M(2676M) 1.366ms
[518.455s][info][gc] GC(2244) Pause Cleanup 184M->184M(2676M) 0.051ms
[518.458s][info][gc] GC(2244) Concurrent Cycle 12.081ms
[518.637s][info][gc] GC(2245) Pause Young (Concurrent Start) (G1 Humongous Allocation) 2236M->112M(2676M) 1.155ms
[518.637s][info][gc] GC(2246) Concurrent Cycle
[518.643s][info][gc] GC(2246) Pause Remark 168M->168M(2676M) 1.342ms
[518.645s][info][gc] GC(2246) Pause Cleanup 192M->192M(2676M) 0.048ms
[518.648s][info][gc] GC(2246) Concurrent Cycle 11.498ms
[518.897s][info][gc] GC(2247) Pause Young (Normal) (G1 Evacuation Pause) 2684M->124M(2692M) 0.924ms
[519.073s][info][gc] GC(2248) Pause Young (Concurrent Start) (G1 Humongous Allocation) 2184M->112M(2692M) 0.977ms
[519.073s][info][gc] GC(2249) Concurrent Cycle
[519.080s][info][gc] GC(2249) Pause Remark 156M->156M(2692M) 1.346ms
[519.082s][info][gc] GC(2249) Pause Cleanup 168M->168M(2692M) 0.044ms
[519.086s][info][gc] GC(2249) Concurrent Cycle 12.036ms
[519.321s][info][gc] GC(2250) Pause Young (Concurrent Start) (G1 Humongous Allocation) 2638M->112M(2692M) 1.129ms
[519.321s][info][gc] GC(2251) Concurrent Cycle
[519.327s][info][gc] GC(2251) Pause Remark 160M->160M(2692M) 1.300ms
[519.330s][info][gc] GC(2251) Pause Cleanup 170M->170M(2692M) 0.041ms
[519.333s][info][gc] GC(2251) Concurrent Cycle 11.284ms
[519.556s][info][gc] GC(2252) Pause Young (Concurrent Start) (G1 Humongous Allocation) 2546M->112M(2692M) 1.155ms
[519.556s][info][gc] GC(2253) Concurrent Cycle
[519.562s][info][gc] GC(2253) Pause Remark 154M->154M(2692M) 1.590ms
[519.565s][info][gc] GC(2253) Pause Cleanup 182M->182M(2692M) 0.049ms
[519.567s][info][gc] GC(2253) Concurrent Cycle 11.760ms
[519.775s][info][gc] GC(2254) Pause Young (Concurrent Start) (G1 Humongous Allocation) 2452M->112M(2692M) 1.180ms
[519.775s][info][gc] GC(2255) Concurrent Cycle
[519.782s][info][gc] GC(2255) Pause Remark 160M->160M(2692M) 1.574ms
[519.785s][info][gc] GC(2255) Pause Cleanup 186M->186M(2692M) 0.044ms
[519.788s][info][gc] GC(2255) Concurrent Cycle 12.931ms
[520.000s][info][gc] GC(2256) Pause Young (Concurrent Start) (G1 Humongous Allocation) 2472M->112M(2692M) 1.126ms
[520.000s][info][gc] GC(2257) Concurrent Cycle
[520.008s][info][gc] GC(2257) Pause Remark 162M->162M(2692M) 1.375ms
[520.010s][info][gc] GC(2257) Pause Cleanup 176M->176M(2692M) 0.042ms
[520.013s][info][gc] GC(2257) Concurrent Cycle 12.667ms
[520.278s][info][gc] GC(2258) Pause Young (Normal) (G1 Evacuation Pause) 2700M->124M(2708M) 0.971ms
[520.552s][info][gc] GC(2259) Pause Young (Normal) (G1 Evacuation Pause) 2704M->124M(2712M) 0.880ms
[520.729s][info][gc] GC(2260) Pause Young (Concurrent Start) (G1 Humongous Allocation) 2216M->112M(2712M) 0.975ms
[520.729s][info][gc] GC(2261) Concurrent Cycle
[520.736s][info][gc] GC(2261) Pause Remark 160M->160M(2712M) 1.349ms
[520.738s][info][gc] GC(2261) Pause Cleanup 174M->174M(2712M) 0.050ms
[520.742s][info][gc] GC(2261) Concurrent Cycle 12.483ms
[521.002s][info][gc] GC(2262) Pause Young (Concurrent Start) (G1 Humongous Allocation) 2648M->112M(2712M) 1.120ms
[521.002s][info][gc] GC(2263) Concurrent Cycle
[521.008s][info][gc] GC(2263) Pause Remark 160M->160M(2712M) 1.317ms
[521.010s][info][gc] GC(2263) Pause Cleanup 192M->192M(2712M) 0.046ms
[521.013s][info][gc] GC(2263) Concurrent Cycle 11.616ms
[521.304s][info][gc] GC(2264) Pause Young (Normal) (G1 Evacuation Pause) 2720M->124M(2728M) 0.986ms
[521.542s][info][gc] GC(2265) Pause Young (Concurrent Start) (G1 Humongous Allocation) 2600M->112M(2728M) 1.027ms
[521.542s][info][gc] GC(2266) Concurrent Cycle
[521.548s][info][gc] GC(2266) Pause Remark 158M->158M(2728M) 1.453ms
[521.551s][info][gc] GC(2266) Pause Cleanup 184M->184M(2728M) 0.048ms
[521.554s][info][gc] GC(2266) Concurrent Cycle 12.539ms
[521.818s][info][gc] GC(2267) Pause Young (Normal) (G1 Evacuation Pause) 2692M->124M(2728M) 0.946ms
[521.984s][info][gc] GC(2268) Pause Young (Concurrent Start) (G1 Humongous Allocation) 2146M->112M(2728M) 0.937ms
[521.984s][info][gc] GC(2269) Concurrent Cycle
[521.992s][info][gc] GC(2269) Pause Remark 164M->164M(2728M) 1.473ms
[521.994s][info][gc] GC(2269) Pause Cleanup 186M->186M(2728M) 0.048ms
[521.998s][info][gc] GC(2269) Concurrent Cycle 13.484ms
[522.227s][info][gc] GC(2270) Pause Young (Concurrent Start) (G1 Humongous Allocation) 2586M->112M(2728M) 1.206ms
[522.227s][info][gc] GC(2271) Concurrent Cycle
[522.234s][info][gc] GC(2271) Pause Remark 164M->164M(2728M) 1.433ms
[522.238s][info][gc] GC(2271) Pause Cleanup 186M->186M(2728M) 0.047ms
[522.241s][info][gc] GC(2271) Concurrent Cycle 14.414ms
[522.501s][info][gc] GC(2272) Pause Young (Normal) (G1 Evacuation Pause) 2736M->124M(2744M) 0.921ms
[522.721s][info][gc] GC(2273) Pause Young (Concurrent Start) (G1 Humongous Allocation) 2356M->112M(2744M) 0.975ms
[522.721s][info][gc] GC(2274) Concurrent Cycle
[522.727s][info][gc] GC(2274) Pause Remark 158M->158M(2744M) 1.365ms
[522.730s][info][gc] GC(2274) Pause Cleanup 184M->184M(2744M) 0.046ms
[522.733s][info][gc] GC(2274) Concurrent Cycle 12.380ms
[522.895s][info][gc] GC(2275) Pause Young (Concurrent Start) (G1 Humongous Allocation) 2196M->112M(2744M) 1.175ms
[522.895s][info][gc] GC(2276) Concurrent Cycle
[522.903s][info][gc] GC(2276) Pause Remark 174M->174M(2744M) 1.400ms
[522.905s][info][gc] GC(2276) Pause Cleanup 184M->184M(2744M) 0.046ms
[522.909s][info][gc] GC(2276) Concurrent Cycle 13.569ms
[523.186s][info][gc] GC(2277) Pause Young (Normal) (G1 Evacuation Pause) 2752M->124M(2760M) 1.016ms
[523.464s][info][gc] GC(2278) Pause Young (Normal) (G1 Evacuation Pause) 2652M->124M(2760M) 0.753ms
[523.733s][info][gc] GC(2279) Pause Young (Normal) (G1 Evacuation Pause) 2064M->124M(2760M) 0.691ms
[523.998s][info][gc] GC(2280) Pause Young (Normal) (G1 Evacuation Pause) 2028M->124M(2760M) 0.678ms
[524.265s][info][gc] GC(2281) Pause Young (Normal) (G1 Evacuation Pause) 2136M->124M(2760M) 0.688ms
[524.531s][info][gc] GC(2282) Pause Young (Normal) (G1 Evacuation Pause) 2040M->124M(2760M) 0.702ms
[524.800s][info][gc] GC(2283) Pause Young (Normal) (G1 Evacuation Pause) 2016M->124M(2760M) 0.678ms
[525.068s][info][gc] GC(2284) Pause Young (Normal) (G1 Evacuation Pause) 2076M->124M(2760M) 0.667ms
[525.336s][info][gc] GC(2285) Pause Young (Normal) (G1 Evacuation Pause) 2208M->124M(2760M) 0.730ms
[525.608s][info][gc] GC(2286) Pause Young (Normal) (G1 Evacuation Pause) 2256M->124M(2760M) 0.717ms
[525.876s][info][gc] GC(2287) Pause Young (Normal) (G1 Evacuation Pause) 2196M->124M(2760M) 0.759ms
[526.147s][info][gc] GC(2288) Pause Young (Normal) (G1 Evacuation Pause) 2364M->124M(2760M) 0.746ms
[526.412s][info][gc] GC(2289) Pause Young (Normal) (G1 Evacuation Pause) 2208M->124M(2760M) 0.763ms
[526.688s][info][gc] GC(2290) Pause Young (Normal) (G1 Evacuation Pause) 2556M->124M(2760M) 0.750ms
[526.964s][info][gc] GC(2291) Pause Young (Normal) (G1 Evacuation Pause) 2780M->124M(2788M) 0.975ms
[527.253s][info][gc] GC(2292) Pause Young (Normal) (G1 Evacuation Pause) 2680M->124M(2788M) 0.782ms
[527.535s][info][gc] GC(2293) Pause Young (Normal) (G1 Evacuation Pause) 2692M->124M(2788M) 0.756ms
[527.818s][info][gc] GC(2294) Pause Young (Normal) (G1 Evacuation Pause) 2500M->124M(2788M) 0.773ms
[528.094s][info][gc] GC(2295) Pause Young (Normal) (G1 Evacuation Pause) 2176M->124M(2788M) 0.712ms
[528.375s][info][gc] GC(2296) Pause Young (Normal) (G1 Evacuation Pause) 2536M->124M(2788M) 0.776ms
[528.655s][info][gc] GC(2297) Pause Young (Normal) (G1 Evacuation Pause) 2416M->136M(2788M) 0.744ms
[528.936s][info][gc] GC(2298) Pause Young (Normal) (G1 Evacuation Pause) 2416M->124M(2788M) 0.756ms
[529.216s][info][gc] GC(2299) Pause Young (Normal) (G1 Evacuation Pause) 2488M->124M(2788M) 0.996ms
[529.499s][info][gc] GC(2300) Pause Young (Normal) (G1 Evacuation Pause) 2404M->124M(2788M) 1.110ms
[529.787s][info][gc] GC(2301) Pause Young (Normal) (G1 Evacuation Pause) 2236M->124M(2788M) 0.990ms
[530.064s][info][gc] GC(2302) Pause Young (Normal) (G1 Evacuation Pause) 2384M->116M(2788M) 0.740ms
[530.348s][info][gc] GC(2303) Pause Young (Normal) (G1 Evacuation Pause) 2204M->124M(2788M) 0.727ms
[530.666s][info][gc] GC(2304) Pause Young (Normal) (G1 Evacuation Pause) 2680M->124M(2788M) 0.811ms
[530.947s][info][gc] GC(2305) Pause Young (Normal) (G1 Evacuation Pause) 2620M->124M(2788M) 0.788ms
[531.231s][info][gc] GC(2306) Pause Young (Normal) (G1 Evacuation Pause) 2476M->124M(2788M) 0.797ms
[531.509s][info][gc] GC(2307) Pause Young (Normal) (G1 Evacuation Pause) 2476M->124M(2788M) 0.753ms
[531.784s][info][gc] GC(2308) Pause Young (Normal) (G1 Evacuation Pause) 2572M->124M(2788M) 0.781ms
[532.049s][info][gc] GC(2309) Pause Young (Normal) (G1 Evacuation Pause) 2188M->124M(2788M) 0.710ms
[532.320s][info][gc] GC(2310) Pause Young (Normal) (G1 Evacuation Pause) 2268M->120M(2788M) 0.712ms
[532.597s][info][gc] GC(2311) Pause Young (Normal) (G1 Evacuation Pause) 2084M->116M(2788M) 0.766ms
[532.870s][info][gc] GC(2312) Pause Young (Normal) (G1 Evacuation Pause) 2008M->116M(2788M) 0.654ms
[533.143s][info][gc] GC(2313) Pause Young (Normal) (G1 Evacuation Pause) 2088M->120M(2788M) 0.650ms
[533.421s][info][gc] GC(2314) Pause Young (Normal) (G1 Evacuation Pause) 2456M->108M(2788M) 0.781ms
[533.710s][info][gc] GC(2315) Pause Young (Normal) (G1 Evacuation Pause) 2512M->106M(2788M) 0.859ms
[533.970s][info][gc] GC(2316) Pause Young (Normal) (G1 Evacuation Pause) 2106M->102M(2788M) 0.852ms
[534.244s][info][gc] GC(2317) Pause Young (Normal) (G1 Evacuation Pause) 2058M->100M(2788M) 0.645ms
[534.525s][info][gc] GC(2318) Pause Young (Normal) (G1 Evacuation Pause) 1852M->100M(2788M) 0.648ms
[534.808s][info][gc] GC(2319) Pause Young (Normal) (G1 Evacuation Pause) 1840M->100M(2788M) 0.612ms
[535.090s][info][gc] GC(2320) Pause Young (Normal) (G1 Evacuation Pause) 1876M->100M(2788M) 0.655ms
[535.372s][info][gc] GC(2321) Pause Young (Normal) (G1 Evacuation Pause) 2044M->100M(2788M) 0.655ms
[535.657s][info][gc] GC(2322) Pause Young (Normal) (G1 Evacuation Pause) 1864M->100M(2788M) 0.651ms
[535.958s][info][gc] GC(2323) Pause Young (Normal) (G1 Evacuation Pause) 2056M->108M(2788M) 0.658ms
[536.227s][info][gc] GC(2324) Pause Young (Normal) (G1 Evacuation Pause) 1916M->100M(2788M) 0.658ms
[536.510s][info][gc] GC(2325) Pause Young (Normal) (G1 Evacuation Pause) 2080M->100M(2788M) 0.728ms
[536.796s][info][gc] GC(2326) Pause Young (Normal) (G1 Evacuation Pause) 1996M->101M(2788M) 0.818ms
[537.071s][info][gc] GC(2327) Pause Young (Normal) (G1 Evacuation Pause) 1817M->100M(2788M) 0.628ms
[537.353s][info][gc] GC(2328) Pause Young (Normal) (G1 Evacuation Pause) 1984M->100M(2788M) 0.673ms
[537.636s][info][gc] GC(2329) Pause Young (Normal) (G1 Evacuation Pause) 1900M->100M(2788M) 0.679ms
[537.942s][info][gc] GC(2330) Pause Young (Normal) (G1 Evacuation Pause) 2408M->105M(2788M) 0.778ms
[538.211s][info][gc] GC(2331) Pause Young (Normal) (G1 Evacuation Pause) 2089M->102M(2788M) 0.791ms
[538.499s][info][gc] GC(2332) Pause Young (Normal) (G1 Evacuation Pause) 2358M->102M(2788M) 0.855ms
[538.793s][info][gc] GC(2333) Pause Young (Normal) (G1 Evacuation Pause) 2210M->103M(2788M) 0.995ms
[539.056s][info][gc] GC(2334) Pause Young (Normal) (G1 Evacuation Pause) 2035M->100M(2788M) 0.654ms
[539.337s][info][gc] GC(2335) Pause Young (Normal) (G1 Evacuation Pause) 1840M->100M(2788M) 0.580ms
[539.620s][info][gc] GC(2336) Pause Young (Normal) (G1 Evacuation Pause) 1900M->100M(2788M) 0.901ms
[539.904s][info][gc] GC(2337) Pause Young (Normal) (G1 Evacuation Pause) 1876M->100M(2788M) 0.991ms
[540.185s][info][gc] GC(2338) Pause Young (Normal) (G1 Evacuation Pause) 1852M->100M(2788M) 0.895ms
[540.467s][info][gc] GC(2339) Pause Young (Normal) (G1 Evacuation Pause) 1864M->100M(2788M) 1.016ms
[540.748s][info][gc] GC(2340) Pause Young (Normal) (G1 Evacuation Pause) 1900M->100M(2788M) 0.668ms
[541.030s][info][gc] GC(2341) Pause Young (Normal) (G1 Evacuation Pause) 1888M->100M(2788M) 1.130ms
[541.313s][info][gc] GC(2342) Pause Young (Normal) (G1 Evacuation Pause) 1876M->100M(2788M) 0.704ms
[541.595s][info][gc] GC(2343) Pause Young (Normal) (G1 Evacuation Pause) 1852M->100M(2788M) 0.739ms
[541.877s][info][gc] GC(2344) Pause Young (Normal) (G1 Evacuation Pause) 1852M->100M(2788M) 0.658ms
[542.159s][info][gc] GC(2345) Pause Young (Normal) (G1 Evacuation Pause) 1816M->100M(2788M) 0.681ms
[542.441s][info][gc] GC(2346) Pause Young (Normal) (G1 Evacuation Pause) 1912M->100M(2788M) 0.723ms
[542.723s][info][gc] GC(2347) Pause Young (Normal) (G1 Evacuation Pause) 1888M->100M(2788M) 0.692ms
[543.006s][info][gc] GC(2348) Pause Young (Normal) (G1 Evacuation Pause) 1876M->100M(2788M) 0.753ms
[543.289s][info][gc] GC(2349) Pause Young (Normal) (G1 Evacuation Pause) 1840M->100M(2788M) 0.669ms
[543.571s][info][gc] GC(2350) Pause Young (Normal) (G1 Evacuation Pause) 1876M->100M(2788M) 0.655ms
[543.854s][info][gc] GC(2351) Pause Young (Normal) (G1 Evacuation Pause) 1900M->100M(2788M) 0.644ms
[544.136s][info][gc] GC(2352) Pause Young (Normal) (G1 Evacuation Pause) 1888M->100M(2788M) 0.647ms
[544.426s][info][gc] GC(2353) Pause Young (Normal) (G1 Evacuation Pause) 2416M->101M(2788M) 0.917ms
[544.645s][info][gc] GC(2354) Pause Young (Concurrent Start) (G1 Humongous Allocation) 2533M->90M(2788M) 1.146ms
[544.645s][info][gc] GC(2355) Concurrent Cycle
[544.654s][info][gc] GC(2355) Pause Remark 144M->144M(2788M) 1.447ms
[544.656s][info][gc] GC(2355) Pause Cleanup 164M->164M(2788M) 0.047ms
[544.660s][info][gc] GC(2355) Concurrent Cycle 14.204ms
[544.890s][info][gc] GC(2356) Pause Young (Concurrent Start) (G1 Humongous Allocation) 2658M->91M(2788M) 1.276ms
[544.890s][info][gc] GC(2357) Concurrent Cycle
[544.898s][info][gc] GC(2357) Pause Remark 145M->145M(2788M) 1.449ms
[544.900s][info][gc] GC(2357) Pause Cleanup 155M->155M(2788M) 0.043ms
[544.904s][info][gc] GC(2357) Concurrent Cycle 13.683ms
[545.098s][info][gc] GC(2358) Pause Young (Concurrent Start) (G1 Humongous Allocation) 2417M->96M(2788M) 1.194ms
[545.098s][info][gc] GC(2359) Concurrent Cycle
[545.104s][info][gc] GC(2359) Pause Remark 134M->134M(2788M) 1.332ms
[545.106s][info][gc] GC(2359) Pause Cleanup 160M->160M(2788M) 0.043ms
[545.109s][info][gc] GC(2359) Concurrent Cycle 11.291ms
[545.355s][info][gc] GC(2360) Pause Young (Concurrent Start) (G1 Humongous Allocation) 2572M->104M(2788M) 1.171ms
[545.356s][info][gc] GC(2361) Concurrent Cycle
[545.363s][info][gc] GC(2361) Pause Remark 152M->152M(2788M) 1.340ms
[545.365s][info][gc] GC(2361) Pause Cleanup 188M->188M(2788M) 0.041ms
[545.368s][info][gc] GC(2361) Concurrent Cycle 12.917ms
[545.672s][info][gc] GC(2362) Pause Young (Normal) (G1 Evacuation Pause) 2796M->116M(2804M) 0.980ms
[545.968s][info][gc] GC(2363) Pause Young (Normal) (G1 Evacuation Pause) 2300M->116M(2804M) 0.745ms
[546.251s][info][gc] GC(2364) Pause Young (Normal) (G1 Evacuation Pause) 2632M->117M(2804M) 0.773ms
[546.538s][info][gc] GC(2365) Pause Young (Normal) (G1 Evacuation Pause) 2405M->117M(2804M) 0.791ms
[546.827s][info][gc] GC(2366) Pause Young (Normal) (G1 Evacuation Pause) 2669M->117M(2804M) 0.741ms
[547.111s][info][gc] GC(2367) Pause Young (Normal) (G1 Evacuation Pause) 2605M->117M(2804M) 0.774ms
[547.407s][info][gc] GC(2368) Pause Young (Normal) (G1 Evacuation Pause) 2389M->117M(2804M) 0.708ms
[547.698s][info][gc] GC(2369) Pause Young (Normal) (G1 Evacuation Pause) 2557M->117M(2804M) 0.761ms
[547.985s][info][gc] GC(2370) Pause Young (Normal) (G1 Evacuation Pause) 2681M->117M(2804M) 0.743ms
[548.265s][info][gc] GC(2371) Pause Young (Normal) (G1 Evacuation Pause) 2361M->117M(2804M) 0.746ms
[548.548s][info][gc] GC(2372) Pause Young (Normal) (G1 Evacuation Pause) 2545M->112M(2804M) 0.738ms
[548.821s][info][gc] GC(2373) Pause Young (Normal) (G1 Evacuation Pause) 2292M->108M(2804M) 0.700ms
[549.090s][info][gc] GC(2374) Pause Young (Normal) (G1 Evacuation Pause) 2204M->102M(2804M) 0.953ms
[549.363s][info][gc] GC(2375) Pause Young (Normal) (G1 Evacuation Pause) 2246M->101M(2804M) 0.728ms
[549.643s][info][gc] GC(2376) Pause Young (Normal) (G1 Evacuation Pause) 2113M->100M(2804M) 0.653ms
[549.927s][info][gc] GC(2377) Pause Young (Normal) (G1 Evacuation Pause) 1812M->100M(2804M) 0.614ms
[550.213s][info][gc] GC(2378) Pause Young (Normal) (G1 Evacuation Pause) 2496M->101M(2804M) 0.761ms
[550.495s][info][gc] GC(2379) Pause Young (Normal) (G1 Evacuation Pause) 2401M->100M(2804M) 0.676ms
[550.806s][info][gc] GC(2380) Pause Young (Normal) (G1 Evacuation Pause) 2604M->106M(2804M) 1.108ms
[551.003s][info][gc] GC(2381) Pause Young (Concurrent Start) (G1 Humongous Allocation) 2370M->96M(2804M) 1.058ms
[551.003s][info][gc] GC(2382) Concurrent Cycle
[551.010s][info][gc] GC(2382) Pause Remark 152M->152M(2804M) 1.412ms
[551.012s][info][gc] GC(2382) Pause Cleanup 164M->164M(2804M) 0.048ms
[551.016s][info][gc] GC(2382) Concurrent Cycle 12.391ms
[551.304s][info][gc] GC(2383) Pause Young (Normal) (G1 Evacuation Pause) 2800M->112M(2808M) 0.940ms
[551.584s][info][gc] GC(2384) Pause Young (Normal) (G1 Evacuation Pause) 2692M->112M(2808M) 0.759ms
[551.855s][info][gc] GC(2385) Pause Young (Normal) (G1 Evacuation Pause) 2076M->108M(2808M) 0.692ms
[552.124s][info][gc] GC(2386) Pause Young (Normal) (G1 Evacuation Pause) 1928M->103M(2808M) 0.764ms
[552.395s][info][gc] GC(2387) Pause Young (Normal) (G1 Evacuation Pause) 1947M->100M(2808M) 0.624ms
[552.680s][info][gc] GC(2388) Pause Young (Normal) (G1 Evacuation Pause) 1864M->100M(2808M) 0.728ms
[552.964s][info][gc] GC(2389) Pause Young (Normal) (G1 Evacuation Pause) 1948M->100M(2808M) 0.586ms
[553.248s][info][gc] GC(2390) Pause Young (Normal) (G1 Evacuation Pause) 1924M->100M(2808M) 0.619ms
[553.532s][info][gc] GC(2391) Pause Young (Normal) (G1 Evacuation Pause) 1972M->100M(2808M) 0.590ms
[553.816s][info][gc] GC(2392) Pause Young (Normal) (G1 Evacuation Pause) 1912M->100M(2808M) 0.657ms
[554.101s][info][gc] GC(2393) Pause Young (Normal) (G1 Evacuation Pause) 2080M->100M(2808M) 0.658ms
[554.426s][info][gc] GC(2394) Pause Young (Normal) (G1 Evacuation Pause) 2512M->108M(2808M) 1.045ms
[554.694s][info][gc] GC(2395) Pause Young (Normal) (G1 Evacuation Pause) 2160M->104M(2808M) 0.946ms
[554.965s][info][gc] GC(2396) Pause Young (Normal) (G1 Evacuation Pause) 2272M->100M(2808M) 0.663ms
[555.248s][info][gc] GC(2397) Pause Young (Normal) (G1 Evacuation Pause) 2008M->100M(2808M) 0.640ms
[555.533s][info][gc] GC(2398) Pause Young (Normal) (G1 Evacuation Pause) 1864M->100M(2808M) 0.572ms
[555.817s][info][gc] GC(2399) Pause Young (Normal) (G1 Evacuation Pause) 1852M->100M(2808M) 0.593ms
[556.101s][info][gc] GC(2400) Pause Young (Normal) (G1 Evacuation Pause) 1876M->100M(2808M) 0.623ms
[556.385s][info][gc] GC(2401) Pause Young (Normal) (G1 Evacuation Pause) 1864M->100M(2808M) 0.612ms
[556.669s][info][gc] GC(2402) Pause Young (Normal) (G1 Evacuation Pause) 1828M->100M(2808M) 0.549ms
[556.954s][info][gc] GC(2403) Pause Young (Normal) (G1 Evacuation Pause) 1828M->100M(2808M) 0.620ms
[557.238s][info][gc] GC(2404) Pause Young (Normal) (G1 Evacuation Pause) 1852M->100M(2808M) 0.569ms
[557.523s][info][gc] GC(2405) Pause Young (Normal) (G1 Evacuation Pause) 1876M->100M(2808M) 0.618ms
[557.806s][info][gc] GC(2406) Pause Young (Normal) (G1 Evacuation Pause) 1840M->100M(2808M) 0.620ms
[558.092s][info][gc] GC(2407) Pause Young (Normal) (G1 Evacuation Pause) 1924M->100M(2808M) 0.642ms
[558.390s][info][gc] GC(2408) Pause Young (Normal) (G1 Evacuation Pause) 2224M->102M(2808M) 0.782ms
[558.597s][info][gc] GC(2409) Pause Young (Concurrent Start) (G1 Humongous Allocation) 2424M->94M(2808M) 1.157ms
[558.597s][info][gc] GC(2410) Concurrent Cycle
[558.603s][info][gc] GC(2410) Pause Remark 142M->142M(2808M) 1.363ms
[558.605s][info][gc] GC(2410) Pause Cleanup 152M->152M(2808M) 0.041ms
[558.608s][info][gc] GC(2410) Concurrent Cycle 11.478ms
[558.878s][info][gc] GC(2411) Pause Young (Normal) (G1 Evacuation Pause) 2630M->105M(2808M) 0.920ms
[559.161s][info][gc] GC(2412) Pause Young (Normal) (G1 Evacuation Pause) 2521M->102M(2808M) 0.964ms
[559.383s][info][gc] GC(2413) Pause Young (Concurrent Start) (G1 Humongous Allocation) 2516M->93M(2808M) 1.031ms
[559.383s][info][gc] GC(2414) Concurrent Cycle
[559.389s][info][gc] GC(2414) Pause Remark 139M->139M(2808M) 1.467ms
[559.392s][info][gc] GC(2414) Pause Cleanup 157M->157M(2808M) 0.042ms
[559.395s][info][gc] GC(2414) Concurrent Cycle 12.233ms
[559.568s][info][gc] GC(2415) Pause Young (Concurrent Start) (G1 Humongous Allocation) 2275M->94M(2808M) 1.146ms
[559.568s][info][gc] GC(2416) Concurrent Cycle
[559.575s][info][gc] GC(2416) Pause Remark 146M->146M(2808M) 1.413ms
[559.577s][info][gc] GC(2416) Pause Cleanup 168M->168M(2808M) 0.042ms
[559.580s][info][gc] GC(2416) Concurrent Cycle 12.576ms
[559.815s][info][gc] GC(2417) Pause Young (Concurrent Start) (G1 Humongous Allocation) 2668M->98M(2808M) 1.240ms
[559.815s][info][gc] GC(2418) Concurrent Cycle
[559.822s][info][gc] GC(2418) Pause Remark 140M->140M(2808M) 1.373ms
[559.824s][info][gc] GC(2418) Pause Cleanup 150M->150M(2808M) 0.047ms
[559.827s][info][gc] GC(2418) Concurrent Cycle 11.316ms
[560.091s][info][gc] GC(2419) Pause Young (Normal) (G1 Evacuation Pause) 2442M->104M(2808M) 0.956ms
[560.370s][info][gc] GC(2420) Pause Young (Normal) (G1 Evacuation Pause) 2180M->104M(2808M) 0.682ms
[560.646s][info][gc] GC(2421) Pause Young (Normal) (G1 Evacuation Pause) 2036M->101M(2808M) 0.734ms
[560.925s][info][gc] GC(2422) Pause Young (Normal) (G1 Evacuation Pause) 2081M->100M(2808M) 0.652ms
[561.212s][info][gc] GC(2423) Pause Young (Normal) (G1 Evacuation Pause) 2044M->100M(2808M) 0.636ms
[561.495s][info][gc] GC(2424) Pause Young (Normal) (G1 Evacuation Pause) 1936M->100M(2808M) 0.917ms
[561.778s][info][gc] GC(2425) Pause Young (Normal) (G1 Evacuation Pause) 1960M->100M(2808M) 0.600ms
[562.064s][info][gc] GC(2426) Pause Young (Normal) (G1 Evacuation Pause) 1912M->100M(2808M) 0.858ms
[562.347s][info][gc] GC(2427) Pause Young (Normal) (G1 Evacuation Pause) 1996M->100M(2808M) 0.679ms
[562.632s][info][gc] GC(2428) Pause Young (Normal) (G1 Evacuation Pause) 1888M->100M(2808M) 0.627ms
[562.917s][info][gc] GC(2429) Pause Young (Normal) (G1 Evacuation Pause) 1960M->100M(2808M) 0.649ms
[563.201s][info][gc] GC(2430) Pause Young (Normal) (G1 Evacuation Pause) 2008M->100M(2808M) 0.624ms
[563.485s][info][gc] GC(2431) Pause Young (Normal) (G1 Evacuation Pause) 1912M->100M(2808M) 0.674ms
[563.769s][info][gc] GC(2432) Pause Young (Normal) (G1 Evacuation Pause) 1996M->100M(2808M) 0.633ms
[564.053s][info][gc] GC(2433) Pause Young (Normal) (G1 Evacuation Pause) 1948M->100M(2808M) 0.653ms
[564.338s][info][gc] GC(2434) Pause Young (Normal) (G1 Evacuation Pause) 1948M->100M(2808M) 0.634ms
[564.621s][info][gc] GC(2435) Pause Young (Normal) (G1 Evacuation Pause) 2020M->100M(2808M) 0.649ms
[564.906s][info][gc] GC(2436) Pause Young (Normal) (G1 Evacuation Pause) 1912M->100M(2808M) 0.670ms
[565.190s][info][gc] GC(2437) Pause Young (Normal) (G1 Evacuation Pause) 1900M->100M(2808M) 0.615ms
[565.474s][info][gc] GC(2438) Pause Young (Normal) (G1 Evacuation Pause) 1948M->100M(2808M) 0.602ms
[565.759s][info][gc] GC(2439) Pause Young (Normal) (G1 Evacuation Pause) 2020M->100M(2808M) 0.655ms
[566.043s][info][gc] GC(2440) Pause Young (Normal) (G1 Evacuation Pause) 1876M->100M(2808M) 0.925ms
[566.335s][info][gc] GC(2441) Pause Young (Normal) (G1 Evacuation Pause) 1972M->101M(2808M) 0.781ms
[566.615s][info][gc] GC(2442) Pause Young (Normal) (G1 Evacuation Pause) 1865M->100M(2808M) 0.654ms
[566.898s][info][gc] GC(2443) Pause Young (Normal) (G1 Evacuation Pause) 1948M->100M(2808M) 0.643ms
[567.186s][info][gc] GC(2444) Pause Young (Normal) (G1 Evacuation Pause) 2056M->101M(2808M) 0.722ms
[567.466s][info][gc] GC(2445) Pause Young (Normal) (G1 Evacuation Pause) 1829M->100M(2808M) 0.657ms
[567.750s][info][gc] GC(2446) Pause Young (Normal) (G1 Evacuation Pause) 1900M->100M(2808M) 0.621ms
[568.035s][info][gc] GC(2447) Pause Young (Normal) (G1 Evacuation Pause) 1924M->100M(2808M) 0.646ms
[568.319s][info][gc] GC(2448) Pause Young (Normal) (G1 Evacuation Pause) 2284M->100M(2808M) 0.707ms
[568.548s][info][gc] GC(2449) Pause Young (Concurrent Start) (G1 Humongous Allocation) 2508M->91M(2808M) 1.210ms
[568.548s][info][gc] GC(2450) Concurrent Cycle
[568.554s][info][gc] GC(2450) Pause Remark 147M->147M(2808M) 1.435ms
[568.556s][info][gc] GC(2450) Pause Cleanup 167M->167M(2808M) 0.051ms
[568.560s][info][gc] GC(2450) Concurrent Cycle 12.048ms
[568.744s][info][gc] GC(2451) Pause Young (Concurrent Start) (G1 Humongous Allocation) 2345M->94M(2808M) 1.238ms
[568.744s][info][gc] GC(2452) Concurrent Cycle
[568.750s][info][gc] GC(2452) Pause Remark 150M->150M(2808M) 1.724ms
[568.753s][info][gc] GC(2452) Pause Cleanup 174M->174M(2808M) 0.055ms
[568.756s][info][gc] GC(2452) Concurrent Cycle 12.332ms
[568.940s][info][gc] GC(2453) Pause Young (Concurrent Start) (G1 Humongous Allocation) 2340M->96M(2808M) 1.174ms
[568.940s][info][gc] GC(2454) Concurrent Cycle
[568.947s][info][gc] GC(2454) Pause Remark 136M->136M(2808M) 1.428ms
[568.950s][info][gc] GC(2454) Pause Cleanup 158M->158M(2808M) 0.050ms
[568.954s][info][gc] GC(2454) Concurrent Cycle 13.146ms
[569.248s][info][gc] GC(2455) Pause Young (Normal) (G1 Evacuation Pause) 2812M->113M(2824M) 0.994ms
[569.462s][info][gc] GC(2456) Pause Young (Concurrent Start) (G1 Humongous Allocation) 2439M->104M(2824M) 1.003ms
[569.462s][info][gc] GC(2457) Concurrent Cycle
[569.470s][info][gc] GC(2457) Pause Remark 164M->164M(2824M) 1.393ms
[569.473s][info][gc] GC(2457) Pause Cleanup 192M->192M(2824M) 0.055ms
[569.476s][info][gc] GC(2457) Concurrent Cycle 13.611ms
[569.692s][info][gc] GC(2458) Pause Young (Concurrent Start) (G1 Humongous Allocation) 2560M->108M(2824M) 1.112ms
[569.692s][info][gc] GC(2459) Concurrent Cycle
[569.699s][info][gc] GC(2459) Pause Remark 160M->160M(2824M) 1.459ms
[569.701s][info][gc] GC(2459) Pause Cleanup 176M->176M(2824M) 0.046ms
[569.704s][info][gc] GC(2459) Concurrent Cycle 12.832ms
[569.983s][info][gc] GC(2460) Pause Young (Normal) (G1 Evacuation Pause) 2664M->128M(2824M) 0.942ms
[570.336s][info][gc] GC(2461) Pause Young (Normal) (G1 Evacuation Pause) 2840M->124M(2852M) 0.875ms
[570.621s][info][gc] GC(2462) Pause Young (Normal) (G1 Evacuation Pause) 2856M->124M(2868M) 0.962ms
[570.901s][info][gc] GC(2463) Pause Young (Normal) (G1 Evacuation Pause) 2872M->124M(2884M) 0.945ms
[571.136s][info][gc] GC(2464) Pause Young (Concurrent Start) (G1 Humongous Allocation) 2616M->112M(2884M) 1.036ms
[571.136s][info][gc] GC(2465) Concurrent Cycle
[571.143s][info][gc] GC(2465) Pause Remark 172M->172M(2884M) 1.357ms
[571.146s][info][gc] GC(2465) Pause Cleanup 188M->188M(2884M) 0.053ms
[571.150s][info][gc] GC(2465) Concurrent Cycle 14.247ms
[571.375s][info][gc] GC(2466) Pause Young (Concurrent Start) (G1 Humongous Allocation) 2510M->112M(2884M) 1.107ms
[571.375s][info][gc] GC(2467) Concurrent Cycle
[571.383s][info][gc] GC(2467) Pause Remark 180M->180M(2884M) 1.330ms
[571.386s][info][gc] GC(2467) Pause Cleanup 208M->208M(2884M) 0.060ms
[571.390s][info][gc] GC(2467) Concurrent Cycle 14.202ms
[571.612s][info][gc] GC(2468) Pause Young (Concurrent Start) (G1 Humongous Allocation) 2540M->113M(2884M) 1.177ms
[571.612s][info][gc] GC(2469) Concurrent Cycle
[571.619s][info][gc] GC(2469) Pause Remark 171M->171M(2884M) 1.491ms
[571.622s][info][gc] GC(2469) Pause Cleanup 189M->189M(2884M) 0.051ms
[571.625s][info][gc] GC(2469) Concurrent Cycle 12.986ms
[571.902s][info][gc] GC(2470) Pause Young (Normal) (G1 Evacuation Pause) 2901M->125M(2912M) 1.063ms
[572.156s][info][gc] GC(2471) Pause Young (Concurrent Start) (G1 Humongous Allocation) 2761M->113M(2912M) 1.097ms
[572.156s][info][gc] GC(2472) Concurrent Cycle
[572.163s][info][gc] GC(2472) Pause Remark 173M->173M(2912M) 1.384ms
[572.166s][info][gc] GC(2472) Pause Cleanup 211M->211M(2912M) 0.057ms
[572.169s][info][gc] GC(2472) Concurrent Cycle 13.653ms
[572.408s][info][gc] GC(2473) Pause Young (Concurrent Start) (G1 Humongous Allocation) 2711M->113M(2912M) 1.254ms
[572.408s][info][gc] GC(2474) Concurrent Cycle
[572.416s][info][gc] GC(2474) Pause Remark 175M->175M(2912M) 1.443ms
[572.419s][info][gc] GC(2474) Pause Cleanup 191M->191M(2912M) 0.053ms
[572.423s][info][gc] GC(2474) Concurrent Cycle 14.442ms
[572.623s][info][gc] GC(2475) Pause Young (Concurrent Start) (G1 Humongous Allocation) 2323M->112M(2912M) 1.143ms
[572.623s][info][gc] GC(2476) Concurrent Cycle
[572.630s][info][gc] GC(2476) Pause Remark 156M->156M(2912M) 1.613ms
[572.632s][info][gc] GC(2476) Pause Cleanup 162M->162M(2912M) 0.051ms
[572.635s][info][gc] GC(2476) Concurrent Cycle 12.075ms
[572.954s][info][gc] GC(2477) Pause Young (Normal) (G1 Evacuation Pause) 2916M->124M(2928M) 1.064ms
[573.187s][info][gc] GC(2478) Pause Young (Concurrent Start) (G1 Humongous Allocation) 2552M->112M(2928M) 1.026ms
[573.187s][info][gc] GC(2479) Concurrent Cycle
[573.195s][info][gc] GC(2479) Pause Remark 158M->158M(2928M) 1.365ms
[573.197s][info][gc] GC(2479) Pause Cleanup 164M->164M(2928M) 0.053ms
[573.200s][info][gc] GC(2479) Concurrent Cycle 12.757ms
[573.493s][info][gc] GC(2480) Pause Young (Normal) (G1 Evacuation Pause) 2932M->125M(2944M) 1.074ms
[573.751s][info][gc] GC(2481) Pause Young (Concurrent Start) (G1 Humongous Allocation) 2789M->112M(2944M) 1.070ms
[573.751s][info][gc] GC(2482) Concurrent Cycle
[573.758s][info][gc] GC(2482) Pause Remark 164M->164M(2944M) 1.365ms
[573.760s][info][gc] GC(2482) Pause Cleanup 186M->186M(2944M) 0.050ms
[573.763s][info][gc] GC(2482) Concurrent Cycle 11.973ms
[573.953s][info][gc] GC(2483) Pause Young (Concurrent Start) (G1 Humongous Allocation) 2380M->112M(2944M) 1.299ms
[573.953s][info][gc] GC(2484) Concurrent Cycle
[573.960s][info][gc] GC(2484) Pause Remark 176M->176M(2944M) 1.360ms
[573.963s][info][gc] GC(2484) Pause Cleanup 194M->194M(2944M) 0.050ms
[573.967s][info][gc] GC(2484) Concurrent Cycle 14.434ms
[574.173s][info][gc] GC(2485) Pause Young (Concurrent Start) (G1 Humongous Allocation) 2480M->113M(2944M) 1.209ms
[574.173s][info][gc] GC(2486) Concurrent Cycle
[574.181s][info][gc] GC(2486) Pause Remark 169M->169M(2944M) 1.385ms
[574.184s][info][gc] GC(2486) Pause Cleanup 183M->183M(2944M) 0.045ms
[574.187s][info][gc] GC(2486) Concurrent Cycle 14.062ms
[574.503s][info][gc] GC(2487) Pause Young (Normal) (G1 Evacuation Pause) 2845M->124M(2944M) 0.935ms
[574.825s][info][gc] GC(2488) Pause Young (Normal) (G1 Evacuation Pause) 2844M->125M(2944M) 0.783ms
[575.069s][info][gc] GC(2489) Pause Young (Concurrent Start) (G1 Humongous Allocation) 2665M->113M(2944M) 1.010ms
[575.069s][info][gc] GC(2490) Concurrent Cycle
[575.076s][info][gc] GC(2490) Pause Remark 151M->151M(2944M) 1.349ms
[575.078s][info][gc] GC(2490) Pause Cleanup 173M->173M(2944M) 0.047ms
[575.082s][info][gc] GC(2490) Concurrent Cycle 12.244ms
[575.309s][info][gc] GC(2491) Pause Young (Concurrent Start) (G1 Humongous Allocation) 2587M->113M(2944M) 1.170ms
[575.309s][info][gc] GC(2492) Concurrent Cycle
[575.317s][info][gc] GC(2492) Pause Remark 165M->165M(2944M) 1.335ms
[575.319s][info][gc] GC(2492) Pause Cleanup 177M->177M(2944M) 0.058ms
[575.322s][info][gc] GC(2492) Concurrent Cycle 12.957ms
[575.613s][info][gc] GC(2493) Pause Young (Normal) (G1 Evacuation Pause) 2497M->125M(2944M) 1.037ms
[575.917s][info][gc] GC(2494) Pause Young (Normal) (G1 Evacuation Pause) 2629M->125M(2944M) 0.793ms
[576.222s][info][gc] GC(2495) Pause Young (Normal) (G1 Evacuation Pause) 2893M->125M(2944M) 0.799ms
[576.522s][info][gc] GC(2496) Pause Young (Normal) (G1 Evacuation Pause) 2749M->125M(2944M) 0.804ms
[576.819s][info][gc] GC(2497) Pause Young (Normal) (G1 Evacuation Pause) 2593M->125M(2944M) 0.742ms
[577.119s][info][gc] GC(2498) Pause Young (Normal) (G1 Evacuation Pause) 2605M->125M(2944M) 0.795ms
[577.418s][info][gc] GC(2499) Pause Young (Normal) (G1 Evacuation Pause) 2545M->125M(2944M) 0.750ms
[577.708s][info][gc] GC(2500) Pause Young (Normal) (G1 Evacuation Pause) 2149M->125M(2944M) 0.955ms
[578.007s][info][gc] GC(2501) Pause Young (Normal) (G1 Evacuation Pause) 2605M->125M(2944M) 0.740ms
[578.307s][info][gc] GC(2502) Pause Young (Normal) (G1 Evacuation Pause) 2437M->125M(2944M) 0.992ms
[578.601s][info][gc] GC(2503) Pause Young (Normal) (G1 Evacuation Pause) 2689M->125M(2944M) 0.754ms
[578.891s][info][gc] GC(2504) Pause Young (Normal) (G1 Evacuation Pause) 2449M->125M(2944M) 0.736ms
[579.181s][info][gc] GC(2505) Pause Young (Normal) (G1 Evacuation Pause) 2389M->125M(2944M) 0.710ms
[579.481s][info][gc] GC(2506) Pause Young (Normal) (G1 Evacuation Pause) 2713M->125M(2944M) 0.768ms
[579.776s][info][gc] GC(2507) Pause Young (Normal) (G1 Evacuation Pause) 2137M->124M(2944M) 0.677ms
[580.083s][info][gc] GC(2508) Pause Young (Normal) (G1 Evacuation Pause) 2844M->125M(2944M) 1.165ms
[580.380s][info][gc] GC(2509) Pause Young (Normal) (G1 Evacuation Pause) 2725M->125M(2944M) 0.799ms
[580.683s][info][gc] GC(2510) Pause Young (Normal) (G1 Evacuation Pause) 2581M->125M(2944M) 0.753ms
[580.989s][info][gc] GC(2511) Pause Young (Normal) (G1 Evacuation Pause) 2725M->125M(2944M) 1.102ms
[581.297s][info][gc] GC(2512) Pause Young (Normal) (G1 Evacuation Pause) 2653M->125M(2944M) 0.968ms
[581.603s][info][gc] GC(2513) Pause Young (Normal) (G1 Evacuation Pause) 2665M->124M(2944M) 0.724ms
[581.900s][info][gc] GC(2514) Pause Young (Normal) (G1 Evacuation Pause) 2936M->125M(2948M) 0.899ms
[582.200s][info][gc] GC(2515) Pause Young (Normal) (G1 Evacuation Pause) 2501M->125M(2948M) 0.734ms
[582.496s][info][gc] GC(2516) Pause Young (Normal) (G1 Evacuation Pause) 2717M->124M(2948M) 0.784ms
[582.787s][info][gc] GC(2517) Pause Young (Normal) (G1 Evacuation Pause) 2584M->125M(2948M) 0.987ms
[583.079s][info][gc] GC(2518) Pause Young (Normal) (G1 Evacuation Pause) 2705M->124M(2948M) 1.063ms
[583.374s][info][gc] GC(2519) Pause Young (Normal) (G1 Evacuation Pause) 2464M->125M(2948M) 1.011ms
[583.677s][info][gc] GC(2520) Pause Young (Normal) (G1 Evacuation Pause) 2741M->125M(2948M) 1.184ms
[583.988s][info][gc] GC(2521) Pause Young (Normal) (G1 Evacuation Pause) 2753M->125M(2948M) 0.996ms
[584.291s][info][gc] GC(2522) Pause Young (Normal) (G1 Evacuation Pause) 2681M->125M(2948M) 0.768ms
[584.594s][info][gc] GC(2523) Pause Young (Normal) (G1 Evacuation Pause) 2597M->125M(2948M) 0.744ms
[584.895s][info][gc] GC(2524) Pause Young (Normal) (G1 Evacuation Pause) 2549M->125M(2948M) 0.728ms
[585.197s][info][gc] GC(2525) Pause Young (Normal) (G1 Evacuation Pause) 2705M->125M(2948M) 1.137ms
[585.497s][info][gc] GC(2526) Pause Young (Normal) (G1 Evacuation Pause) 2549M->125M(2948M) 0.758ms
[585.802s][info][gc] GC(2527) Pause Young (Normal) (G1 Evacuation Pause) 2549M->125M(2948M) 0.736ms
[586.100s][info][gc] GC(2528) Pause Young (Normal) (G1 Evacuation Pause) 2489M->125M(2948M) 1.290ms
[586.397s][info][gc] GC(2529) Pause Young (Normal) (G1 Evacuation Pause) 2885M->125M(2948M) 0.783ms
[586.692s][info][gc] GC(2530) Pause Young (Normal) (G1 Evacuation Pause) 2453M->125M(2948M) 0.738ms
[586.985s][info][gc] GC(2531) Pause Young (Normal) (G1 Evacuation Pause) 2345M->125M(2948M) 0.720ms
[587.249s][info][gc] GC(2532) Pause Young (Concurrent Start) (G1 Humongous Allocation) 2835M->113M(2948M) 1.047ms
[587.249s][info][gc] GC(2533) Concurrent Cycle
[587.256s][info][gc] GC(2533) Pause Remark 155M->155M(2948M) 1.575ms
[587.260s][info][gc] GC(2533) Pause Cleanup 205M->205M(2948M) 0.047ms
[587.262s][info][gc] GC(2533) Concurrent Cycle 12.984ms
[587.554s][info][gc] GC(2534) Pause Young (Normal) (G1 Evacuation Pause) 2765M->125M(2948M) 0.918ms
[587.871s][info][gc] GC(2535) Pause Young (Normal) (G1 Evacuation Pause) 2405M->125M(2948M) 0.769ms
[588.156s][info][gc] GC(2536) Pause Young (Normal) (G1 Evacuation Pause) 2525M->125M(2948M) 0.770ms
[588.440s][info][gc] GC(2537) Pause Young (Normal) (G1 Evacuation Pause) 2465M->125M(2948M) 0.716ms
[588.721s][info][gc] GC(2538) Pause Young (Normal) (G1 Evacuation Pause) 2357M->125M(2948M) 0.719ms
[589.002s][info][gc] GC(2539) Pause Young (Normal) (G1 Evacuation Pause) 2357M->125M(2948M) 0.695ms
[589.285s][info][gc] GC(2540) Pause Young (Normal) (G1 Evacuation Pause) 2441M->117M(2948M) 0.699ms
[589.572s][info][gc] GC(2541) Pause Young (Normal) (G1 Evacuation Pause) 2441M->117M(2948M) 0.760ms
[589.853s][info][gc] GC(2542) Pause Young (Normal) (G1 Evacuation Pause) 2345M->109M(2948M) 1.088ms
[590.141s][info][gc] GC(2543) Pause Young (Normal) (G1 Evacuation Pause) 2365M->106M(2948M) 1.119ms
[590.422s][info][gc] GC(2544) Pause Young (Normal) (G1 Evacuation Pause) 2118M->101M(2948M) 0.837ms
[590.716s][info][gc] GC(2545) Pause Young (Normal) (G1 Evacuation Pause) 2009M->100M(2948M) 0.642ms
[591.014s][info][gc] GC(2546) Pause Young (Normal) (G1 Evacuation Pause) 1972M->100M(2948M) 0.620ms
[591.313s][info][gc] GC(2547) Pause Young (Normal) (G1 Evacuation Pause) 2008M->100M(2948M) 0.806ms
[591.612s][info][gc] GC(2548) Pause Young (Normal) (G1 Evacuation Pause) 1888M->100M(2948M) 0.598ms
[591.910s][info][gc] GC(2549) Pause Young (Normal) (G1 Evacuation Pause) 1888M->100M(2948M) 0.608ms
[592.224s][info][gc] GC(2550) Pause Young (Normal) (G1 Evacuation Pause) 2152M->103M(2948M) 0.986ms
[592.508s][info][gc] GC(2551) Pause Young (Normal) (G1 Evacuation Pause) 2083M->101M(2948M) 0.642ms
[592.808s][info][gc] GC(2552) Pause Young (Normal) (G1 Evacuation Pause) 2477M->101M(2948M) 0.763ms
[593.104s][info][gc] GC(2553) Pause Young (Normal) (G1 Evacuation Pause) 2953M->100M(2964M) 0.904ms
[593.404s][info][gc] GC(2554) Pause Young (Normal) (G1 Evacuation Pause) 1944M->100M(2964M) 0.628ms
[593.704s][info][gc] GC(2555) Pause Young (Normal) (G1 Evacuation Pause) 1932M->100M(2964M) 0.602ms
[594.004s][info][gc] GC(2556) Pause Young (Normal) (G1 Evacuation Pause) 1968M->100M(2964M) 0.587ms
[594.324s][info][gc] GC(2557) Pause Young (Normal) (G1 Evacuation Pause) 1996M->105M(2964M) 0.653ms
[594.609s][info][gc] GC(2558) Pause Young (Normal) (G1 Evacuation Pause) 2061M->101M(2964M) 0.686ms
[594.906s][info][gc] GC(2559) Pause Young (Normal) (G1 Evacuation Pause) 1909M->100M(2964M) 0.871ms
[595.209s][info][gc] GC(2560) Pause Young (Normal) (G1 Evacuation Pause) 2220M->101M(2964M) 0.776ms
[595.513s][info][gc] GC(2561) Pause Young (Normal) (G1 Evacuation Pause) 1993M->102M(2964M) 1.185ms
[595.815s][info][gc] GC(2562) Pause Young (Concurrent Start) (G1 Humongous Allocation) 2782M->109M(2964M) 1.184ms
[595.815s][info][gc] GC(2563) Concurrent Cycle
[595.821s][info][gc] GC(2563) Pause Remark 143M->143M(2964M) 1.709ms
[595.823s][info][gc] GC(2563) Pause Cleanup 164M->164M(2964M) 0.052ms
[595.826s][info][gc] GC(2563) Concurrent Cycle 11.197ms
[596.042s][info][gc] GC(2564) Pause Young (Concurrent Start) (G1 Humongous Allocation) 2501M->104M(2964M) 1.273ms
[596.042s][info][gc] GC(2565) Concurrent Cycle
[596.048s][info][gc] GC(2565) Pause Remark 144M->144M(2964M) 1.583ms
[596.051s][info][gc] GC(2565) Pause Cleanup 166M->166M(2964M) 0.050ms
[596.055s][info][gc] GC(2565) Concurrent Cycle 12.675ms
[596.270s][info][gc] GC(2566) Pause Young (Concurrent Start) (G1 Humongous Allocation) 2570M->108M(2964M) 1.360ms
[596.270s][info][gc] GC(2567) Concurrent Cycle
[596.277s][info][gc] GC(2567) Pause Remark 156M->156M(2964M) 1.603ms
[596.279s][info][gc] GC(2567) Pause Cleanup 166M->166M(2964M) 0.049ms
[596.282s][info][gc] GC(2567) Concurrent Cycle 11.767ms
[596.562s][info][gc] GC(2568) Pause Young (Normal) (G1 Evacuation Pause) 2972M->120M(2984M) 1.236ms
[596.857s][info][gc] GC(2569) Pause Young (Normal) (G1 Evacuation Pause) 2976M->121M(2988M) 1.442ms
[597.086s][info][gc] GC(2570) Pause Young (Concurrent Start) (G1 Humongous Allocation) 2561M->112M(2988M) 1.019ms
[597.086s][info][gc] GC(2571) Concurrent Cycle
[597.092s][info][gc] GC(2571) Pause Remark 166M->166M(2988M) 1.641ms
[597.094s][info][gc] GC(2571) Pause Cleanup 180M->180M(2988M) 0.056ms
[597.098s][info][gc] GC(2571) Concurrent Cycle 12.612ms
[597.352s][info][gc] GC(2572) Pause Young (Concurrent Start) (G1 Humongous Allocation) 2774M->109M(2988M) 1.224ms
[597.352s][info][gc] GC(2573) Concurrent Cycle
[597.363s][info][gc] GC(2573) Pause Remark 159M->159M(2988M) 5.610ms
[597.365s][info][gc] GC(2573) Pause Cleanup 171M->171M(2988M) 0.046ms
[597.368s][info][gc] GC(2573) Concurrent Cycle 15.803ms
[597.566s][info][gc] GC(2574) Pause Young (Concurrent Start) (G1 Humongous Allocation) 2435M->124M(2988M) 1.104ms
[597.566s][info][gc] GC(2575) Concurrent Cycle
[597.575s][info][gc] GC(2575) Pause Remark 168M->168M(2988M) 3.390ms
[597.577s][info][gc] GC(2575) Pause Cleanup 180M->180M(2988M) 0.047ms
[597.581s][info][gc] GC(2575) Concurrent Cycle 15.005ms
[597.807s][info][gc] GC(2576) Pause Young (Concurrent Start) (G1 Humongous Allocation) 2684M->113M(2988M) 1.312ms
[597.807s][info][gc] GC(2577) Concurrent Cycle
[597.814s][info][gc] GC(2577) Pause Remark 169M->169M(2988M) 1.562ms
[597.816s][info][gc] GC(2577) Pause Cleanup 183M->183M(2988M) 0.047ms
[597.819s][info][gc] GC(2577) Concurrent Cycle 12.259ms
[598.126s][info][gc] GC(2578) Pause Young (Concurrent Start) (G1 Humongous Allocation) 2849M->112M(2988M) 1.176ms
[598.126s][info][gc] GC(2579) Concurrent Cycle
[598.133s][info][gc] GC(2579) Pause Remark 158M->158M(2988M) 1.528ms
[598.136s][info][gc] GC(2579) Pause Cleanup 182M->182M(2988M) 0.067ms
[598.139s][info][gc] GC(2579) Concurrent Cycle 12.638ms
[598.433s][info][gc] GC(2580) Pause Young (Normal) (G1 Evacuation Pause) 2872M->125M(2988M) 0.973ms
[598.719s][info][gc] GC(2581) Pause Young (Normal) (G1 Evacuation Pause) 2357M->125M(2988M) 0.971ms
[599.011s][info][gc] GC(2582) Pause Young (Normal) (G1 Evacuation Pause) 2477M->125M(2988M) 0.777ms
[599.306s][info][gc] GC(2583) Pause Young (Normal) (G1 Evacuation Pause) 2681M->125M(2988M) 1.111ms
[599.530s][info][gc] GC(2584) Pause Young (Concurrent Start) (G1 Humongous Allocation) 2479M->112M(2988M) 1.342ms
[599.530s][info][gc] GC(2585) Concurrent Cycle
[599.538s][info][gc] GC(2585) Pause Remark 186M->186M(2988M) 1.552ms
[599.540s][info][gc] GC(2585) Pause Cleanup 196M->196M(2988M) 0.054ms
[599.544s][info][gc] GC(2585) Concurrent Cycle 13.570ms
[599.764s][info][gc] GC(2586) Pause Young (Concurrent Start) (G1 Humongous Allocation) 2623M->112M(2988M) 1.141ms
[599.764s][info][gc] GC(2587) Concurrent Cycle
[599.773s][info][gc] GC(2587) Pause Remark 172M->172M(2988M) 3.095ms
[599.777s][info][gc] GC(2587) Pause Cleanup 200M->200M(2988M) 0.064ms
[599.780s][info][gc] GC(2587) Concurrent Cycle 16.002ms
[600.057s][info][gc] GC(2588) Pause Young (Normal) (G1 Evacuation Pause) 2992M->125M(3004M) 1.241ms
[600.366s][info][gc] GC(2589) Pause Young (Normal) (G1 Evacuation Pause) 3009M->125M(3020M) 2.320ms
[600.567s][info][gc] GC(2590) Pause Young (Concurrent Start) (G1 Humongous Allocation) 2455M->112M(3020M) 1.377ms
[600.567s][info][gc] GC(2591) Concurrent Cycle
[600.579s][info][gc] GC(2591) Pause Remark 190M->190M(3020M) 4.704ms
[600.581s][info][gc] GC(2591) Pause Cleanup 204M->204M(3020M) 0.054ms
[600.585s][info][gc] GC(2591) Concurrent Cycle 18.018ms
[600.802s][info][gc] GC(2592) Pause Young (Concurrent Start) (G1 Humongous Allocation) 2630M->112M(3020M) 1.197ms
[600.802s][info][gc] GC(2593) Concurrent Cycle
[600.813s][info][gc] GC(2593) Pause Remark 214M->214M(3020M) 1.384ms
[600.816s][info][gc] GC(2593) Pause Cleanup 232M->232M(3020M) 0.050ms
[600.820s][info][gc] GC(2593) Concurrent Cycle 17.788ms
[601.044s][info][gc] GC(2594) Pause Young (Concurrent Start) (G1 Humongous Allocation) 2620M->113M(3020M) 1.210ms
[601.044s][info][gc] GC(2595) Concurrent Cycle
[601.050s][info][gc] GC(2595) Pause Remark 155M->155M(3020M) 1.628ms
[601.053s][info][gc] GC(2595) Pause Cleanup 181M->181M(3020M) 0.048ms
[601.057s][info][gc] GC(2595) Concurrent Cycle 12.939ms
[601.282s][info][gc] GC(2596) Pause Young (Concurrent Start) (G1 Humongous Allocation) 2673M->112M(3020M) 1.309ms
[601.282s][info][gc] GC(2597) Concurrent Cycle
[601.289s][info][gc] GC(2597) Pause Remark 160M->160M(3020M) 1.432ms
[601.291s][info][gc] GC(2597) Pause Cleanup 196M->196M(3020M) 0.054ms
[601.295s][info][gc] GC(2597) Concurrent Cycle 12.491ms
[601.509s][info][gc] GC(2598) Pause Young (Concurrent Start) (G1 Humongous Allocation) 2392M->112M(3020M) 1.186ms
[601.509s][info][gc] GC(2599) Concurrent Cycle
[601.516s][info][gc] GC(2599) Pause Remark 162M->162M(3020M) 1.414ms
[601.519s][info][gc] GC(2599) Pause Cleanup 188M->188M(3020M) 0.062ms
[601.522s][info][gc] GC(2599) Concurrent Cycle 13.018ms
[601.825s][info][gc] GC(2600) Pause Young (Concurrent Start) (G1 Humongous Allocation) 2952M->112M(3020M) 1.482ms
[601.825s][info][gc] GC(2601) Concurrent Cycle
[601.832s][info][gc] GC(2601) Pause Remark 160M->160M(3020M) 1.568ms
[601.834s][info][gc] GC(2601) Pause Cleanup 176M->176M(3020M) 0.061ms
[601.838s][info][gc] GC(2601) Concurrent Cycle 13.339ms
[602.043s][info][gc] GC(2602) Pause Young (Concurrent Start) (G1 Humongous Allocation) 2578M->112M(3020M) 1.249ms
[602.043s][info][gc] GC(2603) Concurrent Cycle
[602.050s][info][gc] GC(2603) Pause Remark 158M->158M(3020M) 1.600ms
[602.052s][info][gc] GC(2603) Pause Cleanup 170M->170M(3020M) 0.055ms
[602.055s][info][gc] GC(2603) Concurrent Cycle 12.351ms
[602.358s][info][gc] GC(2604) Pause Young (Normal) (G1 Evacuation Pause) 3024M->125M(3036M) 1.058ms
[602.618s][info][gc] GC(2605) Pause Young (Concurrent Start) (G1 Humongous Allocation) 2861M->112M(3036M) 1.050ms
[602.618s][info][gc] GC(2606) Concurrent Cycle
[602.626s][info][gc] GC(2606) Pause Remark 172M->172M(3036M) 1.623ms
[602.628s][info][gc] GC(2606) Pause Cleanup 186M->186M(3036M) 0.053ms
[602.632s][info][gc] GC(2606) Concurrent Cycle 13.197ms
[602.917s][info][gc] GC(2607) Pause Young (Normal) (G1 Evacuation Pause) 2672M->125M(3036M) 0.939ms
[603.223s][info][gc] GC(2608) Pause Young (Normal) (G1 Evacuation Pause) 3009M->125M(3036M) 0.866ms
[603.529s][info][gc] GC(2609) Pause Young (Normal) (G1 Evacuation Pause) 3041M->125M(3052M) 0.920ms
[603.774s][info][gc] GC(2610) Pause Young (Concurrent Start) (G1 Humongous Allocation) 2753M->113M(3052M) 1.386ms
[603.774s][info][gc] GC(2611) Concurrent Cycle
[603.782s][info][gc] GC(2611) Pause Remark 163M->163M(3052M) 1.559ms
[603.784s][info][gc] GC(2611) Pause Cleanup 189M->189M(3052M) 0.048ms
[603.788s][info][gc] GC(2611) Concurrent Cycle 13.797ms
[604.086s][info][gc] GC(2612) Pause Young (Normal) (G1 Evacuation Pause) 2993M->125M(3052M) 1.137ms
[604.392s][info][gc] GC(2613) Pause Young (Normal) (G1 Evacuation Pause) 3029M->125M(3052M) 1.118ms
[604.698s][info][gc] GC(2614) Pause Young (Normal) (G1 Evacuation Pause) 3057M->136M(3068M) 0.926ms
[604.998s][info][gc] GC(2615) Pause Young (Normal) (G1 Evacuation Pause) 3072M->125M(3084M) 0.946ms
[605.307s][info][gc] GC(2616) Pause Young (Normal) (G1 Evacuation Pause) 3101M->125M(3112M) 0.979ms
[605.612s][info][gc] GC(2617) Pause Young (Normal) (G1 Evacuation Pause) 3117M->125M(3128M) 0.925ms
[605.917s][info][gc] GC(2618) Pause Young (Normal) (G1 Evacuation Pause) 3145M->125M(3156M) 0.962ms
[606.214s][info][gc] GC(2619) Pause Young (Normal) (G1 Evacuation Pause) 2397M->124M(3156M) 0.773ms
[606.517s][info][gc] GC(2620) Pause Young (Normal) (G1 Evacuation Pause) 2648M->125M(3156M) 0.773ms
[606.816s][info][gc] GC(2621) Pause Young (Normal) (G1 Evacuation Pause) 2373M->125M(3156M) 1.034ms
[607.111s][info][gc] GC(2622) Pause Young (Normal) (G1 Evacuation Pause) 2289M->136M(3156M) 0.709ms
[607.391s][info][gc] GC(2623) Pause Young (Concurrent Start) (G1 Humongous Allocation) 3022M->113M(3156M) 1.092ms
[607.391s][info][gc] GC(2624) Concurrent Cycle
[607.398s][info][gc] GC(2624) Pause Remark 161M->161M(3156M) 2.015ms
[607.400s][info][gc] GC(2624) Pause Cleanup 171M->171M(3156M) 0.058ms
[607.404s][info][gc] GC(2624) Concurrent Cycle 13.391ms
[607.602s][info][gc] GC(2625) Pause Young (Concurrent Start) (G1 Humongous Allocation) 2449M->108M(3156M) 1.255ms
[607.603s][info][gc] GC(2626) Concurrent Cycle
[607.610s][info][gc] GC(2626) Pause Remark 161M->161M(3156M) 1.560ms
[607.612s][info][gc] GC(2626) Pause Cleanup 184M->184M(3156M) 0.044ms
[607.615s][info][gc] GC(2626) Concurrent Cycle 12.872ms
